<?xml version="1.0"?>
<link_info>
   <banner>TMS320C2000 Linker PC v6.2.4</banner>
   <copyright>Copyright (c) 1996-2013 Texas Instruments Incorporated</copyright>
   <link_time>0x52efec3e</link_time>
   <link_errors>0x0</link_errors>
   <output_file>lmp91400_level.out</output_file>
   <entry_point>
      <name>_c_int00</name>
      <address>0x3f74ef</address>
   </entry_point>
   <input_file_list>
      <input_file id="fl-2">
         <path>.\</path>
         <kind>object</kind>
         <file>state_machine.obj</file>
         <name>state_machine.obj</name>
      </input_file>
      <input_file id="fl-3">
         <path>.\</path>
         <kind>object</kind>
         <file>main_level.obj</file>
         <name>main_level.obj</name>
      </input_file>
      <input_file id="fl-4">
         <path>.\</path>
         <kind>object</kind>
         <file>lmp91400_spi.obj</file>
         <name>lmp91400_spi.obj</name>
      </input_file>
      <input_file id="fl-5">
         <path>.\</path>
         <kind>object</kind>
         <file>Example_2803xSci_Echoback.obj</file>
         <name>Example_2803xSci_Echoback.obj</name>
      </input_file>
      <input_file id="fl-6">
         <path>.\</path>
         <kind>object</kind>
         <file>Example_2803xHRCap_Seuffer_Blank.obj</file>
         <name>Example_2803xHRCap_Seuffer_Blank.obj</name>
      </input_file>
      <input_file id="fl-7">
         <path>.\</path>
         <kind>object</kind>
         <file>DSP2803x_usDelay.obj</file>
         <name>DSP2803x_usDelay.obj</name>
      </input_file>
      <input_file id="fl-8">
         <path>.\</path>
         <kind>object</kind>
         <file>DSP2803x_SysCtrl.obj</file>
         <name>DSP2803x_SysCtrl.obj</name>
      </input_file>
      <input_file id="fl-9">
         <path>.\</path>
         <kind>object</kind>
         <file>DSP2803x_Spi.obj</file>
         <name>DSP2803x_Spi.obj</name>
      </input_file>
      <input_file id="fl-a">
         <path>.\</path>
         <kind>object</kind>
         <file>DSP2803x_Sci.obj</file>
         <name>DSP2803x_Sci.obj</name>
      </input_file>
      <input_file id="fl-b">
         <path>.\</path>
         <kind>object</kind>
         <file>DSP2803x_PieVect.obj</file>
         <name>DSP2803x_PieVect.obj</name>
      </input_file>
      <input_file id="fl-c">
         <path>.\</path>
         <kind>object</kind>
         <file>DSP2803x_PieCtrl.obj</file>
         <name>DSP2803x_PieCtrl.obj</name>
      </input_file>
      <input_file id="fl-d">
         <path>.\</path>
         <kind>object</kind>
         <file>DSP2803x_HRCap.obj</file>
         <name>DSP2803x_HRCap.obj</name>
      </input_file>
      <input_file id="fl-e">
         <path>.\</path>
         <kind>object</kind>
         <file>DSP2803x_GlobalVariableDefs.obj</file>
         <name>DSP2803x_GlobalVariableDefs.obj</name>
      </input_file>
      <input_file id="fl-f">
         <path>.\</path>
         <kind>object</kind>
         <file>DSP2803x_EPwm.obj</file>
         <name>DSP2803x_EPwm.obj</name>
      </input_file>
      <input_file id="fl-10">
         <path>.\</path>
         <kind>object</kind>
         <file>DSP2803x_DefaultIsr.obj</file>
         <name>DSP2803x_DefaultIsr.obj</name>
      </input_file>
      <input_file id="fl-11">
         <path>.\</path>
         <kind>object</kind>
         <file>DSP2803x_CodeStartBranch.obj</file>
         <name>DSP2803x_CodeStartBranch.obj</name>
      </input_file>
      <input_file id="fl-18">
         <path>C:\Users\a0415888\Documents\pwd\C2000Launchpad\git_repos\c2000_lmp91400\libs\utilities\hrcap_hccal\type0\v110\lib\</path>
         <kind>archive</kind>
         <file>HCCal_Type0_V1.lib</file>
         <name>HCCal_Type0_Funcs.obj</name>
      </input_file>
      <input_file id="fl-19">
         <path>C:\Users\a0415888\Documents\pwd\C2000Launchpad\git_repos\c2000_lmp91400\libs\utilities\hrcap_hccal\type0\v110\lib\</path>
         <kind>archive</kind>
         <file>HCCal_Type0_V1.lib</file>
         <name>HCCal_Type0.obj</name>
      </input_file>
      <input_file id="fl-1a">
         <path>C:\ti\ccsv5\tools\compiler\c2000_6.2.4\lib\</path>
         <kind>archive</kind>
         <file>rts2800_ml.lib</file>
         <name>boot.obj</name>
      </input_file>
      <input_file id="fl-1b">
         <path>C:\ti\ccsv5\tools\compiler\c2000_6.2.4\lib\</path>
         <kind>archive</kind>
         <file>rts2800_ml.lib</file>
         <name>exit.obj</name>
      </input_file>
      <input_file id="fl-1c">
         <path>C:\ti\ccsv5\tools\compiler\c2000_6.2.4\lib\</path>
         <kind>archive</kind>
         <file>rts2800_ml.lib</file>
         <name>sprintf.obj</name>
      </input_file>
      <input_file id="fl-1d">
         <path>C:\ti\ccsv5\tools\compiler\c2000_6.2.4\lib\</path>
         <kind>archive</kind>
         <file>rts2800_ml.lib</file>
         <name>_lock.obj</name>
      </input_file>
      <input_file id="fl-1e">
         <path>C:\ti\ccsv5\tools\compiler\c2000_6.2.4\lib\</path>
         <kind>archive</kind>
         <file>rts2800_ml.lib</file>
         <name>_printfi.obj</name>
      </input_file>
      <input_file id="fl-1f">
         <path>C:\ti\ccsv5\tools\compiler\c2000_6.2.4\lib\</path>
         <kind>archive</kind>
         <file>rts2800_ml.lib</file>
         <name>args_main.obj</name>
      </input_file>
      <input_file id="fl-20">
         <path>C:\ti\ccsv5\tools\compiler\c2000_6.2.4\lib\</path>
         <kind>archive</kind>
         <file>rts2800_ml.lib</file>
         <name>atoi.obj</name>
      </input_file>
      <input_file id="fl-21">
         <path>C:\ti\ccsv5\tools\compiler\c2000_6.2.4\lib\</path>
         <kind>archive</kind>
         <file>rts2800_ml.lib</file>
         <name>ctype.obj</name>
      </input_file>
      <input_file id="fl-22">
         <path>C:\ti\ccsv5\tools\compiler\c2000_6.2.4\lib\</path>
         <kind>archive</kind>
         <file>rts2800_ml.lib</file>
         <name>fd_cmp.obj</name>
      </input_file>
      <input_file id="fl-23">
         <path>C:\ti\ccsv5\tools\compiler\c2000_6.2.4\lib\</path>
         <kind>archive</kind>
         <file>rts2800_ml.lib</file>
         <name>fd_div.obj</name>
      </input_file>
      <input_file id="fl-24">
         <path>C:\ti\ccsv5\tools\compiler\c2000_6.2.4\lib\</path>
         <kind>archive</kind>
         <file>rts2800_ml.lib</file>
         <name>fd_mpy.obj</name>
      </input_file>
      <input_file id="fl-25">
         <path>C:\ti\ccsv5\tools\compiler\c2000_6.2.4\lib\</path>
         <kind>archive</kind>
         <file>rts2800_ml.lib</file>
         <name>fd_neg.obj</name>
      </input_file>
      <input_file id="fl-26">
         <path>C:\ti\ccsv5\tools\compiler\c2000_6.2.4\lib\</path>
         <kind>archive</kind>
         <file>rts2800_ml.lib</file>
         <name>fd_sub.obj</name>
      </input_file>
      <input_file id="fl-27">
         <path>C:\ti\ccsv5\tools\compiler\c2000_6.2.4\lib\</path>
         <kind>archive</kind>
         <file>rts2800_ml.lib</file>
         <name>fd_toi.obj</name>
      </input_file>
      <input_file id="fl-28">
         <path>C:\ti\ccsv5\tools\compiler\c2000_6.2.4\lib\</path>
         <kind>archive</kind>
         <file>rts2800_ml.lib</file>
         <name>fd_tol.obj</name>
      </input_file>
      <input_file id="fl-29">
         <path>C:\ti\ccsv5\tools\compiler\c2000_6.2.4\lib\</path>
         <kind>archive</kind>
         <file>rts2800_ml.lib</file>
         <name>fs_tofd.obj</name>
      </input_file>
      <input_file id="fl-2a">
         <path>C:\ti\ccsv5\tools\compiler\c2000_6.2.4\lib\</path>
         <kind>archive</kind>
         <file>rts2800_ml.lib</file>
         <name>l_tofd.obj</name>
      </input_file>
      <input_file id="fl-2b">
         <path>C:\ti\ccsv5\tools\compiler\c2000_6.2.4\lib\</path>
         <kind>archive</kind>
         <file>rts2800_ml.lib</file>
         <name>ll_aox.obj</name>
      </input_file>
      <input_file id="fl-2c">
         <path>C:\ti\ccsv5\tools\compiler\c2000_6.2.4\lib\</path>
         <kind>archive</kind>
         <file>rts2800_ml.lib</file>
         <name>ll_cmp.obj</name>
      </input_file>
      <input_file id="fl-2d">
         <path>C:\ti\ccsv5\tools\compiler\c2000_6.2.4\lib\</path>
         <kind>archive</kind>
         <file>rts2800_ml.lib</file>
         <name>ll_div.obj</name>
      </input_file>
      <input_file id="fl-2e">
         <path>C:\ti\ccsv5\tools\compiler\c2000_6.2.4\lib\</path>
         <kind>archive</kind>
         <file>rts2800_ml.lib</file>
         <name>ll_mpy.obj</name>
      </input_file>
      <input_file id="fl-2f">
         <path>C:\ti\ccsv5\tools\compiler\c2000_6.2.4\lib\</path>
         <kind>archive</kind>
         <file>rts2800_ml.lib</file>
         <name>ltoa.obj</name>
      </input_file>
      <input_file id="fl-30">
         <path>C:\ti\ccsv5\tools\compiler\c2000_6.2.4\lib\</path>
         <kind>archive</kind>
         <file>rts2800_ml.lib</file>
         <name>memccpy.obj</name>
      </input_file>
      <input_file id="fl-31">
         <path>C:\ti\ccsv5\tools\compiler\c2000_6.2.4\lib\</path>
         <kind>archive</kind>
         <file>rts2800_ml.lib</file>
         <name>memcpy_ff.obj</name>
      </input_file>
      <input_file id="fl-32">
         <path>C:\ti\ccsv5\tools\compiler\c2000_6.2.4\lib\</path>
         <kind>archive</kind>
         <file>rts2800_ml.lib</file>
         <name>memset.obj</name>
      </input_file>
      <input_file id="fl-33">
         <path>C:\ti\ccsv5\tools\compiler\c2000_6.2.4\lib\</path>
         <kind>archive</kind>
         <file>rts2800_ml.lib</file>
         <name>strcpy.obj</name>
      </input_file>
      <input_file id="fl-34">
         <path>C:\ti\ccsv5\tools\compiler\c2000_6.2.4\lib\</path>
         <kind>archive</kind>
         <file>rts2800_ml.lib</file>
         <name>strlen.obj</name>
      </input_file>
      <input_file id="fl-35">
         <path>C:\ti\ccsv5\tools\compiler\c2000_6.2.4\lib\</path>
         <kind>archive</kind>
         <file>rts2800_ml.lib</file>
         <name>fd_add.obj</name>
      </input_file>
      <input_file id="fl-36">
         <path>C:\ti\ccsv5\tools\compiler\c2000_6.2.4\lib\</path>
         <kind>archive</kind>
         <file>rts2800_ml.lib</file>
         <name>l_div.obj</name>
      </input_file>
   </input_file_list>
   <object_component_list>
      <object_component id="oc-b8">
         <name>PieVectTableFile</name>
         <uninitialized>true</uninitialized>
         <run_address>0xd00</run_address>
         <size>0x100</size>
         <input_file_ref idref="fl-e"/>
      </object_component>
      <object_component id="oc-8b">
         <name>EmuKeyVar</name>
         <uninitialized>true</uninitialized>
         <run_address>0xd00</run_address>
         <size>0x1</size>
         <input_file_ref idref="fl-e"/>
      </object_component>
      <object_component id="oc-8a">
         <name>EmuBModeVar</name>
         <uninitialized>true</uninitialized>
         <run_address>0xd01</run_address>
         <size>0x1</size>
         <input_file_ref idref="fl-e"/>
      </object_component>
      <object_component id="oc-8d">
         <name>FlashCallbackVar</name>
         <uninitialized>true</uninitialized>
         <run_address>0xd02</run_address>
         <size>0x2</size>
         <input_file_ref idref="fl-e"/>
      </object_component>
      <object_component id="oc-8e">
         <name>FlashScalingVar</name>
         <uninitialized>true</uninitialized>
         <run_address>0xd04</run_address>
         <size>0x2</size>
         <input_file_ref idref="fl-e"/>
      </object_component>
      <object_component id="oc-90">
         <name>DevEmuRegsFile</name>
         <uninitialized>true</uninitialized>
         <run_address>0x880</run_address>
         <size>0x4</size>
         <input_file_ref idref="fl-e"/>
      </object_component>
      <object_component id="oc-8f">
         <name>SysPwrCtrlRegsFile</name>
         <uninitialized>true</uninitialized>
         <run_address>0x985</run_address>
         <size>0x3</size>
         <input_file_ref idref="fl-e"/>
      </object_component>
      <object_component id="oc-91">
         <name>FlashRegsFile</name>
         <uninitialized>true</uninitialized>
         <run_address>0xa80</run_address>
         <size>0x8</size>
         <input_file_ref idref="fl-e"/>
      </object_component>
      <object_component id="oc-9c">
         <name>CsmRegsFile</name>
         <uninitialized>true</uninitialized>
         <run_address>0xae0</run_address>
         <size>0x10</size>
         <input_file_ref idref="fl-e"/>
      </object_component>
      <object_component id="oc-a6">
         <name>AdcResultFile</name>
         <uninitialized>true</uninitialized>
         <run_address>0xb00</run_address>
         <size>0x20</size>
         <input_file_ref idref="fl-e"/>
      </object_component>
      <object_component id="oc-94">
         <name>CpuTimer0RegsFile</name>
         <uninitialized>true</uninitialized>
         <run_address>0xc00</run_address>
         <size>0x8</size>
         <input_file_ref idref="fl-e"/>
      </object_component>
      <object_component id="oc-93">
         <name>CpuTimer1RegsFile</name>
         <uninitialized>true</uninitialized>
         <run_address>0xc08</run_address>
         <size>0x8</size>
         <input_file_ref idref="fl-e"/>
      </object_component>
      <object_component id="oc-95">
         <name>CpuTimer2RegsFile</name>
         <uninitialized>true</uninitialized>
         <run_address>0xc10</run_address>
         <size>0x8</size>
         <input_file_ref idref="fl-e"/>
      </object_component>
      <object_component id="oc-a0">
         <name>PieCtrlRegsFile</name>
         <uninitialized>true</uninitialized>
         <run_address>0xce0</run_address>
         <size>0x1a</size>
         <input_file_ref idref="fl-e"/>
      </object_component>
      <object_component id="oc-aa">
         <name>Cla1RegsFile</name>
         <uninitialized>true</uninitialized>
         <run_address>0x1400</run_address>
         <size>0x40</size>
         <input_file_ref idref="fl-e"/>
      </object_component>
      <object_component id="oc-a8">
         <name>ECanaRegsFile</name>
         <uninitialized>true</uninitialized>
         <run_address>0x6000</run_address>
         <size>0x34</size>
         <input_file_ref idref="fl-e"/>
      </object_component>
      <object_component id="oc-ad">
         <name>ECanaLAMRegsFile</name>
         <uninitialized>true</uninitialized>
         <run_address>0x6040</run_address>
         <size>0x40</size>
         <input_file_ref idref="fl-e"/>
      </object_component>
      <object_component id="oc-b9">
         <name>ECanaMboxesFile</name>
         <uninitialized>true</uninitialized>
         <run_address>0x6100</run_address>
         <size>0x100</size>
         <input_file_ref idref="fl-e"/>
      </object_component>
      <object_component id="oc-ac">
         <name>ECanaMOTSRegsFile</name>
         <uninitialized>true</uninitialized>
         <run_address>0x6080</run_address>
         <size>0x40</size>
         <input_file_ref idref="fl-e"/>
      </object_component>
      <object_component id="oc-b5">
         <name>ECanaMOTORegsFile</name>
         <uninitialized>true</uninitialized>
         <run_address>0x60c0</run_address>
         <size>0x40</size>
         <input_file_ref idref="fl-e"/>
      </object_component>
      <object_component id="oc-a5">
         <name>ECap1RegsFile</name>
         <uninitialized>true</uninitialized>
         <run_address>0x6a00</run_address>
         <size>0x20</size>
         <input_file_ref idref="fl-e"/>
      </object_component>
      <object_component id="oc-a4">
         <name>HRCap1RegsFile</name>
         <uninitialized>true</uninitialized>
         <run_address>0x6ac0</run_address>
         <size>0x20</size>
         <input_file_ref idref="fl-e"/>
      </object_component>
      <object_component id="oc-a3">
         <name>HRCap2RegsFile</name>
         <uninitialized>true</uninitialized>
         <run_address>0x6ae0</run_address>
         <size>0x20</size>
         <input_file_ref idref="fl-e"/>
      </object_component>
      <object_component id="oc-b2">
         <name>EQep1RegsFile</name>
         <uninitialized>true</uninitialized>
         <run_address>0x6b00</run_address>
         <size>0x40</size>
         <input_file_ref idref="fl-e"/>
      </object_component>
      <object_component id="oc-b6">
         <name>LinaRegsFile</name>
         <uninitialized>true</uninitialized>
         <run_address>0x6c00</run_address>
         <size>0x4a</size>
         <input_file_ref idref="fl-e"/>
      </object_component>
      <object_component id="oc-b1">
         <name>GpioCtrlRegsFile</name>
         <uninitialized>true</uninitialized>
         <run_address>0x6f80</run_address>
         <size>0x40</size>
         <input_file_ref idref="fl-e"/>
      </object_component>
      <object_component id="oc-a2">
         <name>GpioDataRegsFile</name>
         <uninitialized>true</uninitialized>
         <run_address>0x6fc0</run_address>
         <size>0x20</size>
         <input_file_ref idref="fl-e"/>
      </object_component>
      <object_component id="oc-96">
         <name>GpioIntRegsFile</name>
         <uninitialized>true</uninitialized>
         <run_address>0x6fe0</run_address>
         <size>0xc</size>
         <input_file_ref idref="fl-e"/>
      </object_component>
      <object_component id="oc-a1">
         <name>SysCtrlRegsFile</name>
         <uninitialized>true</uninitialized>
         <run_address>0x7010</run_address>
         <size>0x20</size>
         <input_file_ref idref="fl-e"/>
      </object_component>
      <object_component id="oc-97">
         <name>SpiaRegsFile</name>
         <uninitialized>true</uninitialized>
         <run_address>0x7040</run_address>
         <size>0x10</size>
         <input_file_ref idref="fl-e"/>
      </object_component>
      <object_component id="oc-98">
         <name>SpibRegsFile</name>
         <uninitialized>true</uninitialized>
         <run_address>0x7740</run_address>
         <size>0x10</size>
         <input_file_ref idref="fl-e"/>
      </object_component>
      <object_component id="oc-9a">
         <name>SciaRegsFile</name>
         <uninitialized>true</uninitialized>
         <run_address>0x7050</run_address>
         <size>0x10</size>
         <input_file_ref idref="fl-e"/>
      </object_component>
      <object_component id="oc-99">
         <name>NmiIntruptRegsFile</name>
         <uninitialized>true</uninitialized>
         <run_address>0x7060</run_address>
         <size>0x10</size>
         <input_file_ref idref="fl-e"/>
      </object_component>
      <object_component id="oc-9b">
         <name>XIntruptRegsFile</name>
         <uninitialized>true</uninitialized>
         <run_address>0x7070</run_address>
         <size>0x10</size>
         <input_file_ref idref="fl-e"/>
      </object_component>
      <object_component id="oc-b7">
         <name>AdcRegsFile</name>
         <uninitialized>true</uninitialized>
         <run_address>0x7100</run_address>
         <size>0x50</size>
         <input_file_ref idref="fl-e"/>
      </object_component>
      <object_component id="oc-a7">
         <name>I2caRegsFile</name>
         <uninitialized>true</uninitialized>
         <run_address>0x7900</run_address>
         <size>0x22</size>
         <input_file_ref idref="fl-e"/>
      </object_component>
      <object_component id="oc-9d">
         <name>Comp1RegsFile</name>
         <uninitialized>true</uninitialized>
         <run_address>0x6400</run_address>
         <size>0x14</size>
         <input_file_ref idref="fl-e"/>
      </object_component>
      <object_component id="oc-9e">
         <name>Comp2RegsFile</name>
         <uninitialized>true</uninitialized>
         <run_address>0x6420</run_address>
         <size>0x14</size>
         <input_file_ref idref="fl-e"/>
      </object_component>
      <object_component id="oc-9f">
         <name>Comp3RegsFile</name>
         <uninitialized>true</uninitialized>
         <run_address>0x6440</run_address>
         <size>0x14</size>
         <input_file_ref idref="fl-e"/>
      </object_component>
      <object_component id="oc-a9">
         <name>EPwm1RegsFile</name>
         <uninitialized>true</uninitialized>
         <run_address>0x6800</run_address>
         <size>0x40</size>
         <input_file_ref idref="fl-e"/>
      </object_component>
      <object_component id="oc-ab">
         <name>EPwm2RegsFile</name>
         <uninitialized>true</uninitialized>
         <run_address>0x6840</run_address>
         <size>0x40</size>
         <input_file_ref idref="fl-e"/>
      </object_component>
      <object_component id="oc-ae">
         <name>EPwm3RegsFile</name>
         <uninitialized>true</uninitialized>
         <run_address>0x6880</run_address>
         <size>0x40</size>
         <input_file_ref idref="fl-e"/>
      </object_component>
      <object_component id="oc-b3">
         <name>EPwm4RegsFile</name>
         <uninitialized>true</uninitialized>
         <run_address>0x68c0</run_address>
         <size>0x40</size>
         <input_file_ref idref="fl-e"/>
      </object_component>
      <object_component id="oc-b4">
         <name>EPwm5RegsFile</name>
         <uninitialized>true</uninitialized>
         <run_address>0x6900</run_address>
         <size>0x40</size>
         <input_file_ref idref="fl-e"/>
      </object_component>
      <object_component id="oc-b0">
         <name>EPwm6RegsFile</name>
         <uninitialized>true</uninitialized>
         <run_address>0x6940</run_address>
         <size>0x40</size>
         <input_file_ref idref="fl-e"/>
      </object_component>
      <object_component id="oc-af">
         <name>EPwm7RegsFile</name>
         <uninitialized>true</uninitialized>
         <run_address>0x6980</run_address>
         <size>0x40</size>
         <input_file_ref idref="fl-e"/>
      </object_component>
      <object_component id="oc-92">
         <name>CsmPwlFile</name>
         <uninitialized>true</uninitialized>
         <run_address>0x3f7ff8</run_address>
         <size>0x8</size>
         <input_file_ref idref="fl-e"/>
      </object_component>
      <object_component id="oc-8c">
         <name>PartIdRegsFile</name>
         <uninitialized>true</uninitialized>
         <run_address>0x3d7e80</run_address>
         <size>0x1</size>
         <input_file_ref idref="fl-e"/>
      </object_component>
      <object_component id="oc-5f">
         <name>.cinit</name>
         <load_address>0x3f7a7b</load_address>
         <run_address>0x3f7a7b</run_address>
         <size>0x35</size>
         <input_file_ref idref="fl-6"/>
      </object_component>
      <object_component id="oc-47">
         <name>.cinit</name>
         <load_address>0x3f7ab0</load_address>
         <run_address>0x3f7ab0</run_address>
         <size>0x18</size>
         <input_file_ref idref="fl-2"/>
      </object_component>
      <object_component id="oc-e8">
         <name>.cinit</name>
         <load_address>0x3f7ac8</load_address>
         <run_address>0x3f7ac8</run_address>
         <size>0xa</size>
         <input_file_ref idref="fl-1d"/>
      </object_component>
      <object_component id="oc-dc">
         <name>.cinit</name>
         <load_address>0x3f7ad2</load_address>
         <run_address>0x3f7ad2</run_address>
         <size>0xa</size>
         <input_file_ref idref="fl-1b"/>
      </object_component>
      <object_component id="oc-d0">
         <name>.cinit</name>
         <load_address>0x3f7adc</load_address>
         <run_address>0x3f7adc</run_address>
         <size>0x4</size>
         <input_file_ref idref="fl-19"/>
      </object_component>
      <object_component id="oc-ed">
         <name>.text</name>
         <load_address>0x3f6000</load_address>
         <run_address>0x3f6000</run_address>
         <size>0x924</size>
         <input_file_ref idref="fl-1e"/>
      </object_component>
      <object_component id="oc-c1">
         <name>.text:retain</name>
         <load_address>0x3f6924</load_address>
         <run_address>0x3f6924</run_address>
         <size>0x17c</size>
         <input_file_ref idref="fl-10"/>
      </object_component>
      <object_component id="oc-ce">
         <name>.text</name>
         <load_address>0x3f6aa0</load_address>
         <run_address>0x3f6aa0</run_address>
         <size>0x179</size>
         <input_file_ref idref="fl-19"/>
      </object_component>
      <object_component id="oc-69">
         <name>.text</name>
         <load_address>0x3f6c19</load_address>
         <run_address>0x3f6c19</run_address>
         <size>0x137</size>
         <input_file_ref idref="fl-8"/>
      </object_component>
      <object_component id="oc-12c">
         <name>.text</name>
         <load_address>0x3f6d50</load_address>
         <run_address>0x3f6d50</run_address>
         <size>0x107</size>
         <input_file_ref idref="fl-2d"/>
      </object_component>
      <object_component id="oc-45">
         <name>.text</name>
         <load_address>0x3f6e57</load_address>
         <run_address>0x3f6e57</run_address>
         <size>0xf4</size>
         <input_file_ref idref="fl-2"/>
      </object_component>
      <object_component id="oc-5d">
         <name>.text</name>
         <load_address>0x3f6f4b</load_address>
         <run_address>0x3f6f4b</run_address>
         <size>0xde</size>
         <input_file_ref idref="fl-6"/>
      </object_component>
      <object_component id="oc-bb">
         <name>.text</name>
         <load_address>0x3f7029</load_address>
         <run_address>0x3f7029</run_address>
         <size>0xc4</size>
         <input_file_ref idref="fl-f"/>
      </object_component>
      <object_component id="oc-4d">
         <name>.text</name>
         <load_address>0x3f70ed</load_address>
         <run_address>0x3f70ed</run_address>
         <size>0xc0</size>
         <input_file_ref idref="fl-3"/>
      </object_component>
      <object_component id="oc-152">
         <name>.text</name>
         <load_address>0x3f71ad</load_address>
         <run_address>0x3f71ad</run_address>
         <size>0x9c</size>
         <input_file_ref idref="fl-35"/>
      </object_component>
      <object_component id="oc-ca">
         <name>.text</name>
         <load_address>0x3f7249</load_address>
         <run_address>0x3f7249</run_address>
         <size>0x95</size>
         <input_file_ref idref="fl-18"/>
      </object_component>
      <object_component id="oc-104">
         <name>.text</name>
         <load_address>0x3f72de</load_address>
         <run_address>0x3f72de</run_address>
         <size>0x8b</size>
         <input_file_ref idref="fl-23"/>
      </object_component>
      <object_component id="oc-108">
         <name>.text</name>
         <load_address>0x3f7369</load_address>
         <run_address>0x3f7369</run_address>
         <size>0x83</size>
         <input_file_ref idref="fl-24"/>
      </object_component>
      <object_component id="oc-61">
         <name>.text:retain</name>
         <load_address>0x3f73ec</load_address>
         <run_address>0x3f73ec</run_address>
         <size>0x70</size>
         <input_file_ref idref="fl-6"/>
      </object_component>
      <object_component id="oc-6f">
         <name>.text</name>
         <load_address>0x3f745c</load_address>
         <run_address>0x3f745c</run_address>
         <size>0x4a</size>
         <input_file_ref idref="fl-9"/>
      </object_component>
      <object_component id="oc-53">
         <name>.text</name>
         <load_address>0x3f74a6</load_address>
         <run_address>0x3f74a6</run_address>
         <size>0x49</size>
         <input_file_ref idref="fl-4"/>
      </object_component>
      <object_component id="oc-44">
         <name>.text</name>
         <load_address>0x3f74ef</load_address>
         <run_address>0x3f74ef</run_address>
         <size>0x44</size>
         <input_file_ref idref="fl-1a"/>
      </object_component>
      <object_component id="oc-58">
         <name>.text</name>
         <load_address>0x3f7533</load_address>
         <run_address>0x3f7533</run_address>
         <size>0x39</size>
         <input_file_ref idref="fl-5"/>
      </object_component>
      <object_component id="oc-f9">
         <name>.text</name>
         <load_address>0x3f756c</load_address>
         <run_address>0x3f756c</run_address>
         <size>0x31</size>
         <input_file_ref idref="fl-20"/>
      </object_component>
      <object_component id="oc-e1">
         <name>.text</name>
         <load_address>0x3f759d</load_address>
         <run_address>0x3f759d</run_address>
         <size>0x2f</size>
         <input_file_ref idref="fl-1c"/>
      </object_component>
      <object_component id="oc-134">
         <name>.text</name>
         <load_address>0x3f75cc</load_address>
         <run_address>0x3f75cc</run_address>
         <size>0x2c</size>
         <input_file_ref idref="fl-2f"/>
      </object_component>
      <object_component id="oc-100">
         <name>.text</name>
         <load_address>0x3f75f8</load_address>
         <run_address>0x3f75f8</run_address>
         <size>0x2a</size>
         <input_file_ref idref="fl-22"/>
      </object_component>
      <object_component id="oc-156">
         <name>.text</name>
         <load_address>0x3f7622</load_address>
         <run_address>0x3f7622</run_address>
         <size>0x2a</size>
         <input_file_ref idref="fl-36"/>
      </object_component>
      <object_component id="oc-7f">
         <name>.text</name>
         <load_address>0x3f764c</load_address>
         <run_address>0x3f764c</run_address>
         <size>0x28</size>
         <input_file_ref idref="fl-c"/>
      </object_component>
      <object_component id="oc-79">
         <name>.text</name>
         <load_address>0x3f7674</load_address>
         <run_address>0x3f7674</run_address>
         <size>0x25</size>
         <input_file_ref idref="fl-b"/>
      </object_component>
      <object_component id="oc-114">
         <name>.text</name>
         <load_address>0x3f7699</load_address>
         <run_address>0x3f7699</run_address>
         <size>0x21</size>
         <input_file_ref idref="fl-27"/>
      </object_component>
      <object_component id="oc-13e">
         <name>.text</name>
         <load_address>0x3f76ba</load_address>
         <run_address>0x3f76ba</run_address>
         <size>0x21</size>
         <input_file_ref idref="fl-31"/>
      </object_component>
      <object_component id="oc-118">
         <name>.text</name>
         <load_address>0x3f76db</load_address>
         <run_address>0x3f76db</run_address>
         <size>0x1f</size>
         <input_file_ref idref="fl-28"/>
      </object_component>
      <object_component id="oc-84">
         <name>.text</name>
         <load_address>0x3f76fa</load_address>
         <run_address>0x3f76fa</run_address>
         <size>0x1e</size>
         <input_file_ref idref="fl-d"/>
      </object_component>
      <object_component id="oc-128">
         <name>.text</name>
         <load_address>0x3f7718</load_address>
         <run_address>0x3f7718</run_address>
         <size>0x1e</size>
         <input_file_ref idref="fl-2c"/>
      </object_component>
      <object_component id="oc-11c">
         <name>.text</name>
         <load_address>0x3f7736</load_address>
         <run_address>0x3f7736</run_address>
         <size>0x1c</size>
         <input_file_ref idref="fl-29"/>
      </object_component>
      <object_component id="oc-120">
         <name>.text</name>
         <load_address>0x3f7752</load_address>
         <run_address>0x3f7752</run_address>
         <size>0x1c</size>
         <input_file_ref idref="fl-2a"/>
      </object_component>
      <object_component id="oc-74">
         <name>.text</name>
         <load_address>0x3f776e</load_address>
         <run_address>0x3f776e</run_address>
         <size>0x1a</size>
         <input_file_ref idref="fl-a"/>
      </object_component>
      <object_component id="oc-f4">
         <name>.text</name>
         <load_address>0x3f7788</load_address>
         <run_address>0x3f7788</run_address>
         <size>0x19</size>
         <input_file_ref idref="fl-1f"/>
      </object_component>
      <object_component id="oc-da">
         <name>.text</name>
         <load_address>0x3f77a1</load_address>
         <run_address>0x3f77a1</run_address>
         <size>0x19</size>
         <input_file_ref idref="fl-1b"/>
      </object_component>
      <object_component id="oc-124">
         <name>.text</name>
         <load_address>0x3f77ba</load_address>
         <run_address>0x3f77ba</run_address>
         <size>0x18</size>
         <input_file_ref idref="fl-2b"/>
      </object_component>
      <object_component id="oc-130">
         <name>.text</name>
         <load_address>0x3f77d2</load_address>
         <run_address>0x3f77d2</run_address>
         <size>0x14</size>
         <input_file_ref idref="fl-2e"/>
      </object_component>
      <object_component id="oc-110">
         <name>.text</name>
         <load_address>0x3f77e6</load_address>
         <run_address>0x3f77e6</run_address>
         <size>0xe</size>
         <input_file_ref idref="fl-26"/>
      </object_component>
      <object_component id="oc-139">
         <name>.text</name>
         <load_address>0x3f77f4</load_address>
         <run_address>0x3f77f4</run_address>
         <size>0xd</size>
         <input_file_ref idref="fl-30"/>
      </object_component>
      <object_component id="oc-143">
         <name>.text</name>
         <load_address>0x3f7801</load_address>
         <run_address>0x3f7801</run_address>
         <size>0xd</size>
         <input_file_ref idref="fl-32"/>
      </object_component>
      <object_component id="oc-e6">
         <name>.text</name>
         <load_address>0x3f780e</load_address>
         <run_address>0x3f780e</run_address>
         <size>0x9</size>
         <input_file_ref idref="fl-1d"/>
      </object_component>
      <object_component id="oc-10c">
         <name>.text</name>
         <load_address>0x3f7817</load_address>
         <run_address>0x3f7817</run_address>
         <size>0x9</size>
         <input_file_ref idref="fl-25"/>
      </object_component>
      <object_component id="oc-c5">
         <name>.text</name>
         <load_address>0x3f7820</load_address>
         <run_address>0x3f7820</run_address>
         <size>0x8</size>
         <input_file_ref idref="fl-11"/>
      </object_component>
      <object_component id="oc-14d">
         <name>.text</name>
         <load_address>0x3f7828</load_address>
         <run_address>0x3f7828</run_address>
         <size>0x8</size>
         <input_file_ref idref="fl-34"/>
      </object_component>
      <object_component id="oc-148">
         <name>.text</name>
         <load_address>0x3f7830</load_address>
         <run_address>0x3f7830</run_address>
         <size>0x5</size>
         <input_file_ref idref="fl-33"/>
      </object_component>
      <object_component id="oc-c6">
         <name>codestart</name>
         <load_address>0x3f7ff6</load_address>
         <run_address>0x3f7ff6</run_address>
         <size>0x2</size>
         <input_file_ref idref="fl-11"/>
      </object_component>
      <object_component id="oc-6b">
         <name>ramfuncs</name>
         <load_address>0x3f0000</load_address>
         <run_address>0x8000</run_address>
         <size>0x1b</size>
         <input_file_ref idref="fl-8"/>
      </object_component>
      <object_component id="oc-65">
         <name>ramfuncs</name>
         <load_address>0x3f001b</load_address>
         <run_address>0x801b</run_address>
         <size>0x4</size>
         <input_file_ref idref="fl-7"/>
      </object_component>
      <object_component id="oc-d5">
         <name>.stack</name>
         <uninitialized>true</uninitialized>
         <run_address>0x50</run_address>
         <size>0x0</size>
         <input_file_ref idref="fl-1a"/>
      </object_component>
      <object_component id="oc-1a4">
         <name>.stack</name>
         <uninitialized>true</uninitialized>
         <run_address>0x50</run_address>
         <size>0x0</size>
      </object_component>
      <object_component id="oc-48">
         <name>.ebss</name>
         <uninitialized>true</uninitialized>
         <run_address>0x8d40</run_address>
         <size>0x3e</size>
         <input_file_ref idref="fl-2"/>
      </object_component>
      <object_component id="oc-4f">
         <name>.ebss</name>
         <uninitialized>true</uninitialized>
         <run_address>0x8d3a</run_address>
         <size>0x2</size>
         <input_file_ref idref="fl-3"/>
      </object_component>
      <object_component id="oc-60">
         <name>.ebss</name>
         <uninitialized>true</uninitialized>
         <run_address>0x8c00</run_address>
         <size>0x108</size>
         <input_file_ref idref="fl-6"/>
      </object_component>
      <object_component id="oc-d1">
         <name>.ebss</name>
         <uninitialized>true</uninitialized>
         <run_address>0x8d08</run_address>
         <size>0x2a</size>
         <input_file_ref idref="fl-19"/>
      </object_component>
      <object_component id="oc-dd">
         <name>.ebss</name>
         <uninitialized>true</uninitialized>
         <run_address>0x8d36</run_address>
         <size>0x4</size>
         <input_file_ref idref="fl-1b"/>
      </object_component>
      <object_component id="oc-e9">
         <name>.ebss</name>
         <uninitialized>true</uninitialized>
         <run_address>0x8d32</run_address>
         <size>0x4</size>
         <input_file_ref idref="fl-1d"/>
      </object_component>
      <object_component id="oc-15a">
         <name>.econst:.string:__ctypes_</name>
         <load_address>0x3f7836</load_address>
         <run_address>0x3f7836</run_address>
         <size>0x101</size>
         <input_file_ref idref="fl-21"/>
      </object_component>
      <object_component id="oc-7b">
         <name>.econst</name>
         <load_address>0x3f7938</load_address>
         <run_address>0x3f7938</run_address>
         <size>0x100</size>
         <input_file_ref idref="fl-b"/>
      </object_component>
      <object_component id="oc-f0">
         <name>.econst:.string</name>
         <load_address>0x3f7a38</load_address>
         <run_address>0x3f7a38</run_address>
         <size>0x24</size>
         <input_file_ref idref="fl-1e"/>
      </object_component>
      <object_component id="oc-ef">
         <name>.econst</name>
         <load_address>0x3f7a5c</load_address>
         <run_address>0x3f7a5c</run_address>
         <size>0x18</size>
         <input_file_ref idref="fl-1e"/>
      </object_component>
      <object_component id="oc-49">
         <name>.econst:.string</name>
         <load_address>0x3f7a74</load_address>
         <run_address>0x3f7a74</run_address>
         <size>0x7</size>
         <input_file_ref idref="fl-2"/>
      </object_component>
      <object_component id="oc-d6">
         <name>.reset</name>
         <load_address>0x3fffc0</load_address>
         <run_address>0x3fffc0</run_address>
         <size>0x2</size>
         <input_file_ref idref="fl-1a"/>
      </object_component>
      <object_component id="oc-46">
         <name>.debug_info</name>
         <load_address>0x0</load_address>
         <run_address>0x0</run_address>
         <size>0x38ea</size>
         <input_file_ref idref="fl-2"/>
      </object_component>
      <object_component id="oc-4e">
         <name>.debug_info</name>
         <load_address>0x38ea</load_address>
         <run_address>0x38ea</run_address>
         <size>0x34cb</size>
         <input_file_ref idref="fl-3"/>
      </object_component>
      <object_component id="oc-54">
         <name>.debug_info</name>
         <load_address>0x6db5</load_address>
         <run_address>0x6db5</run_address>
         <size>0x11c4</size>
         <input_file_ref idref="fl-4"/>
      </object_component>
      <object_component id="oc-59">
         <name>.debug_info</name>
         <load_address>0x7f79</load_address>
         <run_address>0x7f79</run_address>
         <size>0x125b</size>
         <input_file_ref idref="fl-5"/>
      </object_component>
      <object_component id="oc-5e">
         <name>.debug_info</name>
         <load_address>0x91d4</load_address>
         <run_address>0x91d4</run_address>
         <size>0x4ab2</size>
         <input_file_ref idref="fl-6"/>
      </object_component>
      <object_component id="oc-66">
         <name>.debug_info</name>
         <load_address>0xdc86</load_address>
         <run_address>0xdc86</run_address>
         <size>0x1c9</size>
         <input_file_ref idref="fl-7"/>
      </object_component>
      <object_component id="oc-6a">
         <name>.debug_info</name>
         <load_address>0xde4f</load_address>
         <run_address>0xde4f</run_address>
         <size>0x2772</size>
         <input_file_ref idref="fl-8"/>
      </object_component>
      <object_component id="oc-70">
         <name>.debug_info</name>
         <load_address>0x105c1</load_address>
         <run_address>0x105c1</run_address>
         <size>0x1918</size>
         <input_file_ref idref="fl-9"/>
      </object_component>
      <object_component id="oc-75">
         <name>.debug_info</name>
         <load_address>0x11ed9</load_address>
         <run_address>0x11ed9</run_address>
         <size>0x17f7</size>
         <input_file_ref idref="fl-a"/>
      </object_component>
      <object_component id="oc-7a">
         <name>.debug_info</name>
         <load_address>0x136d0</load_address>
         <run_address>0x136d0</run_address>
         <size>0x22ef</size>
         <input_file_ref idref="fl-b"/>
      </object_component>
      <object_component id="oc-80">
         <name>.debug_info</name>
         <load_address>0x159bf</load_address>
         <run_address>0x159bf</run_address>
         <size>0xc61</size>
         <input_file_ref idref="fl-c"/>
      </object_component>
      <object_component id="oc-85">
         <name>.debug_info</name>
         <load_address>0x16620</load_address>
         <run_address>0x16620</run_address>
         <size>0x1928</size>
         <input_file_ref idref="fl-d"/>
      </object_component>
      <object_component id="oc-89">
         <name>.debug_info</name>
         <load_address>0x17f48</load_address>
         <run_address>0x17f48</run_address>
         <size>0x13a71</size>
         <input_file_ref idref="fl-e"/>
      </object_component>
      <object_component id="oc-bc">
         <name>.debug_info</name>
         <load_address>0x2b9b9</load_address>
         <run_address>0x2b9b9</run_address>
         <size>0x210e</size>
         <input_file_ref idref="fl-f"/>
      </object_component>
      <object_component id="oc-c0">
         <name>.debug_info</name>
         <load_address>0x2dac7</load_address>
         <run_address>0x2dac7</run_address>
         <size>0x5599</size>
         <input_file_ref idref="fl-10"/>
      </object_component>
      <object_component id="oc-c7">
         <name>.debug_info</name>
         <load_address>0x33060</load_address>
         <run_address>0x33060</run_address>
         <size>0x262</size>
         <input_file_ref idref="fl-11"/>
      </object_component>
      <object_component id="oc-cb">
         <name>.debug_info</name>
         <load_address>0x332c2</load_address>
         <run_address>0x332c2</run_address>
         <size>0x207</size>
         <input_file_ref idref="fl-18"/>
      </object_component>
      <object_component id="oc-cf">
         <name>.debug_info</name>
         <load_address>0x334c9</load_address>
         <run_address>0x334c9</run_address>
         <size>0x2d56</size>
         <input_file_ref idref="fl-19"/>
      </object_component>
      <object_component id="oc-d7">
         <name>.debug_info</name>
         <load_address>0x3621f</load_address>
         <run_address>0x3621f</run_address>
         <size>0xde</size>
         <input_file_ref idref="fl-1a"/>
      </object_component>
      <object_component id="oc-db">
         <name>.debug_info</name>
         <load_address>0x362fd</load_address>
         <run_address>0x362fd</run_address>
         <size>0x3d6</size>
         <input_file_ref idref="fl-1b"/>
      </object_component>
      <object_component id="oc-e2">
         <name>.debug_info</name>
         <load_address>0x366d3</load_address>
         <run_address>0x366d3</run_address>
         <size>0x584</size>
         <input_file_ref idref="fl-1c"/>
      </object_component>
      <object_component id="oc-e7">
         <name>.debug_info</name>
         <load_address>0x36c57</load_address>
         <run_address>0x36c57</run_address>
         <size>0x3fc</size>
         <input_file_ref idref="fl-1d"/>
      </object_component>
      <object_component id="oc-ee">
         <name>.debug_info</name>
         <load_address>0x37053</load_address>
         <run_address>0x37053</run_address>
         <size>0x1ef0</size>
         <input_file_ref idref="fl-1e"/>
      </object_component>
      <object_component id="oc-f5">
         <name>.debug_info</name>
         <load_address>0x38f43</load_address>
         <run_address>0x38f43</run_address>
         <size>0x3bd</size>
         <input_file_ref idref="fl-1f"/>
      </object_component>
      <object_component id="oc-fa">
         <name>.debug_info</name>
         <load_address>0x39300</load_address>
         <run_address>0x39300</run_address>
         <size>0x34f</size>
         <input_file_ref idref="fl-20"/>
      </object_component>
      <object_component id="oc-fe">
         <name>.debug_info</name>
         <load_address>0x3964f</load_address>
         <run_address>0x3964f</run_address>
         <size>0x2c0</size>
         <input_file_ref idref="fl-21"/>
      </object_component>
      <object_component id="oc-101">
         <name>.debug_info</name>
         <load_address>0x3990f</load_address>
         <run_address>0x3990f</run_address>
         <size>0xcc</size>
         <input_file_ref idref="fl-22"/>
      </object_component>
      <object_component id="oc-105">
         <name>.debug_info</name>
         <load_address>0x399db</load_address>
         <run_address>0x399db</run_address>
         <size>0xc0</size>
         <input_file_ref idref="fl-23"/>
      </object_component>
      <object_component id="oc-109">
         <name>.debug_info</name>
         <load_address>0x39a9b</load_address>
         <run_address>0x39a9b</run_address>
         <size>0xc0</size>
         <input_file_ref idref="fl-24"/>
      </object_component>
      <object_component id="oc-10d">
         <name>.debug_info</name>
         <load_address>0x39b5b</load_address>
         <run_address>0x39b5b</run_address>
         <size>0xc0</size>
         <input_file_ref idref="fl-25"/>
      </object_component>
      <object_component id="oc-111">
         <name>.debug_info</name>
         <load_address>0x39c1b</load_address>
         <run_address>0x39c1b</run_address>
         <size>0xce</size>
         <input_file_ref idref="fl-26"/>
      </object_component>
      <object_component id="oc-115">
         <name>.debug_info</name>
         <load_address>0x39ce9</load_address>
         <run_address>0x39ce9</run_address>
         <size>0xc0</size>
         <input_file_ref idref="fl-27"/>
      </object_component>
      <object_component id="oc-119">
         <name>.debug_info</name>
         <load_address>0x39da9</load_address>
         <run_address>0x39da9</run_address>
         <size>0xc0</size>
         <input_file_ref idref="fl-28"/>
      </object_component>
      <object_component id="oc-11d">
         <name>.debug_info</name>
         <load_address>0x39e69</load_address>
         <run_address>0x39e69</run_address>
         <size>0xc3</size>
         <input_file_ref idref="fl-29"/>
      </object_component>
      <object_component id="oc-121">
         <name>.debug_info</name>
         <load_address>0x39f2c</load_address>
         <run_address>0x39f2c</run_address>
         <size>0xc0</size>
         <input_file_ref idref="fl-2a"/>
      </object_component>
      <object_component id="oc-125">
         <name>.debug_info</name>
         <load_address>0x39fec</load_address>
         <run_address>0x39fec</run_address>
         <size>0x11e</size>
         <input_file_ref idref="fl-2b"/>
      </object_component>
      <object_component id="oc-129">
         <name>.debug_info</name>
         <load_address>0x3a10a</load_address>
         <run_address>0x3a10a</run_address>
         <size>0xf8</size>
         <input_file_ref idref="fl-2c"/>
      </object_component>
      <object_component id="oc-12d">
         <name>.debug_info</name>
         <load_address>0x3a202</load_address>
         <run_address>0x3a202</run_address>
         <size>0x1c1</size>
         <input_file_ref idref="fl-2d"/>
      </object_component>
      <object_component id="oc-131">
         <name>.debug_info</name>
         <load_address>0x3a3c3</load_address>
         <run_address>0x3a3c3</run_address>
         <size>0xc0</size>
         <input_file_ref idref="fl-2e"/>
      </object_component>
      <object_component id="oc-135">
         <name>.debug_info</name>
         <load_address>0x3a483</load_address>
         <run_address>0x3a483</run_address>
         <size>0x3f5</size>
         <input_file_ref idref="fl-2f"/>
      </object_component>
      <object_component id="oc-13a">
         <name>.debug_info</name>
         <load_address>0x3a878</load_address>
         <run_address>0x3a878</run_address>
         <size>0x370</size>
         <input_file_ref idref="fl-30"/>
      </object_component>
      <object_component id="oc-13f">
         <name>.debug_info</name>
         <load_address>0x3abe8</load_address>
         <run_address>0x3abe8</run_address>
         <size>0x3a3</size>
         <input_file_ref idref="fl-31"/>
      </object_component>
      <object_component id="oc-144">
         <name>.debug_info</name>
         <load_address>0x3af8b</load_address>
         <run_address>0x3af8b</run_address>
         <size>0x39a</size>
         <input_file_ref idref="fl-32"/>
      </object_component>
      <object_component id="oc-149">
         <name>.debug_info</name>
         <load_address>0x3b325</load_address>
         <run_address>0x3b325</run_address>
         <size>0x381</size>
         <input_file_ref idref="fl-33"/>
      </object_component>
      <object_component id="oc-14e">
         <name>.debug_info</name>
         <load_address>0x3b6a6</load_address>
         <run_address>0x3b6a6</run_address>
         <size>0x366</size>
         <input_file_ref idref="fl-34"/>
      </object_component>
      <object_component id="oc-153">
         <name>.debug_info</name>
         <load_address>0x3ba0c</load_address>
         <run_address>0x3ba0c</run_address>
         <size>0xc0</size>
         <input_file_ref idref="fl-35"/>
      </object_component>
      <object_component id="oc-157">
         <name>.debug_info</name>
         <load_address>0x3bacc</load_address>
         <run_address>0x3bacc</run_address>
         <size>0x14b</size>
         <input_file_ref idref="fl-36"/>
      </object_component>
      <object_component id="oc-1a5">
         <name>.debug_info</name>
         <load_address>0x3bc17</load_address>
         <run_address>0x3bc17</run_address>
         <size>0x6f</size>
      </object_component>
      <object_component id="oc-4a">
         <name>.debug_frame</name>
         <load_address>0x0</load_address>
         <run_address>0x0</run_address>
         <size>0x119</size>
         <input_file_ref idref="fl-2"/>
      </object_component>
      <object_component id="oc-50">
         <name>.debug_frame</name>
         <load_address>0x119</load_address>
         <run_address>0x119</run_address>
         <size>0xad</size>
         <input_file_ref idref="fl-3"/>
      </object_component>
      <object_component id="oc-55">
         <name>.debug_frame</name>
         <load_address>0x1c6</load_address>
         <run_address>0x1c6</run_address>
         <size>0xee</size>
         <input_file_ref idref="fl-4"/>
      </object_component>
      <object_component id="oc-5a">
         <name>.debug_frame</name>
         <load_address>0x2b4</load_address>
         <run_address>0x2b4</run_address>
         <size>0xd0</size>
         <input_file_ref idref="fl-5"/>
      </object_component>
      <object_component id="oc-62">
         <name>.debug_frame</name>
         <load_address>0x384</load_address>
         <run_address>0x384</run_address>
         <size>0x14c</size>
         <input_file_ref idref="fl-6"/>
      </object_component>
      <object_component id="oc-6c">
         <name>.debug_frame</name>
         <load_address>0x4d0</load_address>
         <run_address>0x4d0</run_address>
         <size>0x179</size>
         <input_file_ref idref="fl-8"/>
      </object_component>
      <object_component id="oc-71">
         <name>.debug_frame</name>
         <load_address>0x649</load_address>
         <run_address>0x649</run_address>
         <size>0xc4</size>
         <input_file_ref idref="fl-9"/>
      </object_component>
      <object_component id="oc-76">
         <name>.debug_frame</name>
         <load_address>0x70d</load_address>
         <run_address>0x70d</run_address>
         <size>0xac</size>
         <input_file_ref idref="fl-a"/>
      </object_component>
      <object_component id="oc-7c">
         <name>.debug_frame</name>
         <load_address>0x7b9</load_address>
         <run_address>0x7b9</run_address>
         <size>0x82</size>
         <input_file_ref idref="fl-b"/>
      </object_component>
      <object_component id="oc-81">
         <name>.debug_frame</name>
         <load_address>0x83b</load_address>
         <run_address>0x83b</run_address>
         <size>0x94</size>
         <input_file_ref idref="fl-c"/>
      </object_component>
      <object_component id="oc-86">
         <name>.debug_frame</name>
         <load_address>0x8cf</load_address>
         <run_address>0x8cf</run_address>
         <size>0xc4</size>
         <input_file_ref idref="fl-d"/>
      </object_component>
      <object_component id="oc-bd">
         <name>.debug_frame</name>
         <load_address>0x993</load_address>
         <run_address>0x993</run_address>
         <size>0x16c</size>
         <input_file_ref idref="fl-f"/>
      </object_component>
      <object_component id="oc-c2">
         <name>.debug_frame</name>
         <load_address>0xaff</load_address>
         <run_address>0xaff</run_address>
         <size>0x784</size>
         <input_file_ref idref="fl-10"/>
      </object_component>
      <object_component id="oc-d2">
         <name>.debug_frame</name>
         <load_address>0x1283</load_address>
         <run_address>0x1283</run_address>
         <size>0xa9</size>
         <input_file_ref idref="fl-19"/>
      </object_component>
      <object_component id="oc-de">
         <name>.debug_frame</name>
         <load_address>0x132c</load_address>
         <run_address>0x132c</run_address>
         <size>0x9d</size>
         <input_file_ref idref="fl-1b"/>
      </object_component>
      <object_component id="oc-e3">
         <name>.debug_frame</name>
         <load_address>0x13c9</load_address>
         <run_address>0x13c9</run_address>
         <size>0xc4</size>
         <input_file_ref idref="fl-1c"/>
      </object_component>
      <object_component id="oc-ea">
         <name>.debug_frame</name>
         <load_address>0x148d</load_address>
         <run_address>0x148d</run_address>
         <size>0xac</size>
         <input_file_ref idref="fl-1d"/>
      </object_component>
      <object_component id="oc-f1">
         <name>.debug_frame</name>
         <load_address>0x1539</load_address>
         <run_address>0x1539</run_address>
         <size>0x41a</size>
         <input_file_ref idref="fl-1e"/>
      </object_component>
      <object_component id="oc-f6">
         <name>.debug_frame</name>
         <load_address>0x1953</load_address>
         <run_address>0x1953</run_address>
         <size>0x7c</size>
         <input_file_ref idref="fl-1f"/>
      </object_component>
      <object_component id="oc-fb">
         <name>.debug_frame</name>
         <load_address>0x19cf</load_address>
         <run_address>0x19cf</run_address>
         <size>0x7c</size>
         <input_file_ref idref="fl-20"/>
      </object_component>
      <object_component id="oc-136">
         <name>.debug_frame</name>
         <load_address>0x1a4b</load_address>
         <run_address>0x1a4b</run_address>
         <size>0x8b</size>
         <input_file_ref idref="fl-2f"/>
      </object_component>
      <object_component id="oc-13b">
         <name>.debug_frame</name>
         <load_address>0x1ad6</load_address>
         <run_address>0x1ad6</run_address>
         <size>0x7c</size>
         <input_file_ref idref="fl-30"/>
      </object_component>
      <object_component id="oc-140">
         <name>.debug_frame</name>
         <load_address>0x1b52</load_address>
         <run_address>0x1b52</run_address>
         <size>0x7c</size>
         <input_file_ref idref="fl-31"/>
      </object_component>
      <object_component id="oc-145">
         <name>.debug_frame</name>
         <load_address>0x1bce</load_address>
         <run_address>0x1bce</run_address>
         <size>0x7c</size>
         <input_file_ref idref="fl-32"/>
      </object_component>
      <object_component id="oc-14a">
         <name>.debug_frame</name>
         <load_address>0x1c4a</load_address>
         <run_address>0x1c4a</run_address>
         <size>0x7c</size>
         <input_file_ref idref="fl-33"/>
      </object_component>
      <object_component id="oc-14f">
         <name>.debug_frame</name>
         <load_address>0x1cc6</load_address>
         <run_address>0x1cc6</run_address>
         <size>0x7c</size>
         <input_file_ref idref="fl-34"/>
      </object_component>
      <object_component id="oc-4b">
         <name>.debug_line</name>
         <load_address>0x0</load_address>
         <run_address>0x0</run_address>
         <size>0x1a2</size>
         <input_file_ref idref="fl-2"/>
      </object_component>
      <object_component id="oc-51">
         <name>.debug_line</name>
         <load_address>0x1a2</load_address>
         <run_address>0x1a2</run_address>
         <size>0x113</size>
         <input_file_ref idref="fl-3"/>
      </object_component>
      <object_component id="oc-56">
         <name>.debug_line</name>
         <load_address>0x2b5</load_address>
         <run_address>0x2b5</run_address>
         <size>0x11e</size>
         <input_file_ref idref="fl-4"/>
      </object_component>
      <object_component id="oc-5b">
         <name>.debug_line</name>
         <load_address>0x3d3</load_address>
         <run_address>0x3d3</run_address>
         <size>0x114</size>
         <input_file_ref idref="fl-5"/>
      </object_component>
      <object_component id="oc-63">
         <name>.debug_line</name>
         <load_address>0x4e7</load_address>
         <run_address>0x4e7</run_address>
         <size>0x1cd</size>
         <input_file_ref idref="fl-6"/>
      </object_component>
      <object_component id="oc-67">
         <name>.debug_line</name>
         <load_address>0x6b4</load_address>
         <run_address>0x6b4</run_address>
         <size>0xa1</size>
         <input_file_ref idref="fl-7"/>
      </object_component>
      <object_component id="oc-6d">
         <name>.debug_line</name>
         <load_address>0x755</load_address>
         <run_address>0x755</run_address>
         <size>0x23f</size>
         <input_file_ref idref="fl-8"/>
      </object_component>
      <object_component id="oc-72">
         <name>.debug_line</name>
         <load_address>0x994</load_address>
         <run_address>0x994</run_address>
         <size>0x102</size>
         <input_file_ref idref="fl-9"/>
      </object_component>
      <object_component id="oc-77">
         <name>.debug_line</name>
         <load_address>0xa96</load_address>
         <run_address>0xa96</run_address>
         <size>0xd6</size>
         <input_file_ref idref="fl-a"/>
      </object_component>
      <object_component id="oc-7d">
         <name>.debug_line</name>
         <load_address>0xb6c</load_address>
         <run_address>0xb6c</run_address>
         <size>0xc3</size>
         <input_file_ref idref="fl-b"/>
      </object_component>
      <object_component id="oc-82">
         <name>.debug_line</name>
         <load_address>0xc2f</load_address>
         <run_address>0xc2f</run_address>
         <size>0xde</size>
         <input_file_ref idref="fl-c"/>
      </object_component>
      <object_component id="oc-87">
         <name>.debug_line</name>
         <load_address>0xd0d</load_address>
         <run_address>0xd0d</run_address>
         <size>0xf3</size>
         <input_file_ref idref="fl-d"/>
      </object_component>
      <object_component id="oc-be">
         <name>.debug_line</name>
         <load_address>0xe00</load_address>
         <run_address>0xe00</run_address>
         <size>0x1d8</size>
         <input_file_ref idref="fl-f"/>
      </object_component>
      <object_component id="oc-c3">
         <name>.debug_line</name>
         <load_address>0xfd8</load_address>
         <run_address>0xfd8</run_address>
         <size>0x757</size>
         <input_file_ref idref="fl-10"/>
      </object_component>
      <object_component id="oc-c8">
         <name>.debug_line</name>
         <load_address>0x172f</load_address>
         <run_address>0x172f</run_address>
         <size>0xba</size>
         <input_file_ref idref="fl-11"/>
      </object_component>
      <object_component id="oc-cc">
         <name>.debug_line</name>
         <load_address>0x17e9</load_address>
         <run_address>0x17e9</run_address>
         <size>0x10a</size>
         <input_file_ref idref="fl-18"/>
      </object_component>
      <object_component id="oc-d3">
         <name>.debug_line</name>
         <load_address>0x18f3</load_address>
         <run_address>0x18f3</run_address>
         <size>0x178</size>
         <input_file_ref idref="fl-19"/>
      </object_component>
      <object_component id="oc-d8">
         <name>.debug_line</name>
         <load_address>0x1a6b</load_address>
         <run_address>0x1a6b</run_address>
         <size>0x70</size>
         <input_file_ref idref="fl-1a"/>
      </object_component>
      <object_component id="oc-df">
         <name>.debug_line</name>
         <load_address>0x1adb</load_address>
         <run_address>0x1adb</run_address>
         <size>0x5a</size>
         <input_file_ref idref="fl-1b"/>
      </object_component>
      <object_component id="oc-e4">
         <name>.debug_line</name>
         <load_address>0x1b35</load_address>
         <run_address>0x1b35</run_address>
         <size>0x7d</size>
         <input_file_ref idref="fl-1c"/>
      </object_component>
      <object_component id="oc-eb">
         <name>.debug_line</name>
         <load_address>0x1bb2</load_address>
         <run_address>0x1bb2</run_address>
         <size>0x5b</size>
         <input_file_ref idref="fl-1d"/>
      </object_component>
      <object_component id="oc-f2">
         <name>.debug_line</name>
         <load_address>0x1c0d</load_address>
         <run_address>0x1c0d</run_address>
         <size>0x886</size>
         <input_file_ref idref="fl-1e"/>
      </object_component>
      <object_component id="oc-f7">
         <name>.debug_line</name>
         <load_address>0x2493</load_address>
         <run_address>0x2493</run_address>
         <size>0x56</size>
         <input_file_ref idref="fl-1f"/>
      </object_component>
      <object_component id="oc-fc">
         <name>.debug_line</name>
         <load_address>0x24e9</load_address>
         <run_address>0x24e9</run_address>
         <size>0x66</size>
         <input_file_ref idref="fl-20"/>
      </object_component>
      <object_component id="oc-102">
         <name>.debug_line</name>
         <load_address>0x254f</load_address>
         <run_address>0x254f</run_address>
         <size>0x5d</size>
         <input_file_ref idref="fl-22"/>
      </object_component>
      <object_component id="oc-106">
         <name>.debug_line</name>
         <load_address>0x25ac</load_address>
         <run_address>0x25ac</run_address>
         <size>0xb0</size>
         <input_file_ref idref="fl-23"/>
      </object_component>
      <object_component id="oc-10a">
         <name>.debug_line</name>
         <load_address>0x265c</load_address>
         <run_address>0x265c</run_address>
         <size>0x9f</size>
         <input_file_ref idref="fl-24"/>
      </object_component>
      <object_component id="oc-10e">
         <name>.debug_line</name>
         <load_address>0x26fb</load_address>
         <run_address>0x26fb</run_address>
         <size>0x42</size>
         <input_file_ref idref="fl-25"/>
      </object_component>
      <object_component id="oc-112">
         <name>.debug_line</name>
         <load_address>0x273d</load_address>
         <run_address>0x273d</run_address>
         <size>0x46</size>
         <input_file_ref idref="fl-26"/>
      </object_component>
      <object_component id="oc-116">
         <name>.debug_line</name>
         <load_address>0x2783</load_address>
         <run_address>0x2783</run_address>
         <size>0x56</size>
         <input_file_ref idref="fl-27"/>
      </object_component>
      <object_component id="oc-11a">
         <name>.debug_line</name>
         <load_address>0x27d9</load_address>
         <run_address>0x27d9</run_address>
         <size>0x55</size>
         <input_file_ref idref="fl-28"/>
      </object_component>
      <object_component id="oc-11e">
         <name>.debug_line</name>
         <load_address>0x282e</load_address>
         <run_address>0x282e</run_address>
         <size>0x53</size>
         <input_file_ref idref="fl-29"/>
      </object_component>
      <object_component id="oc-122">
         <name>.debug_line</name>
         <load_address>0x2881</load_address>
         <run_address>0x2881</run_address>
         <size>0x53</size>
         <input_file_ref idref="fl-2a"/>
      </object_component>
      <object_component id="oc-126">
         <name>.debug_line</name>
         <load_address>0x28d4</load_address>
         <run_address>0x28d4</run_address>
         <size>0x69</size>
         <input_file_ref idref="fl-2b"/>
      </object_component>
      <object_component id="oc-12a">
         <name>.debug_line</name>
         <load_address>0x293d</load_address>
         <run_address>0x293d</run_address>
         <size>0x60</size>
         <input_file_ref idref="fl-2c"/>
      </object_component>
      <object_component id="oc-12e">
         <name>.debug_line</name>
         <load_address>0x299d</load_address>
         <run_address>0x299d</run_address>
         <size>0x168</size>
         <input_file_ref idref="fl-2d"/>
      </object_component>
      <object_component id="oc-132">
         <name>.debug_line</name>
         <load_address>0x2b05</load_address>
         <run_address>0x2b05</run_address>
         <size>0x4a</size>
         <input_file_ref idref="fl-2e"/>
      </object_component>
      <object_component id="oc-137">
         <name>.debug_line</name>
         <load_address>0x2b4f</load_address>
         <run_address>0x2b4f</run_address>
         <size>0x55</size>
         <input_file_ref idref="fl-2f"/>
      </object_component>
      <object_component id="oc-13c">
         <name>.debug_line</name>
         <load_address>0x2ba4</load_address>
         <run_address>0x2ba4</run_address>
         <size>0x45</size>
         <input_file_ref idref="fl-30"/>
      </object_component>
      <object_component id="oc-141">
         <name>.debug_line</name>
         <load_address>0x2be9</load_address>
         <run_address>0x2be9</run_address>
         <size>0x59</size>
         <input_file_ref idref="fl-31"/>
      </object_component>
      <object_component id="oc-146">
         <name>.debug_line</name>
         <load_address>0x2c42</load_address>
         <run_address>0x2c42</run_address>
         <size>0x5d</size>
         <input_file_ref idref="fl-32"/>
      </object_component>
      <object_component id="oc-14b">
         <name>.debug_line</name>
         <load_address>0x2c9f</load_address>
         <run_address>0x2c9f</run_address>
         <size>0x57</size>
         <input_file_ref idref="fl-33"/>
      </object_component>
      <object_component id="oc-150">
         <name>.debug_line</name>
         <load_address>0x2cf6</load_address>
         <run_address>0x2cf6</run_address>
         <size>0x5a</size>
         <input_file_ref idref="fl-34"/>
      </object_component>
      <object_component id="oc-154">
         <name>.debug_line</name>
         <load_address>0x2d50</load_address>
         <run_address>0x2d50</run_address>
         <size>0xc1</size>
         <input_file_ref idref="fl-35"/>
      </object_component>
      <object_component id="oc-158">
         <name>.debug_line</name>
         <load_address>0x2e11</load_address>
         <run_address>0x2e11</run_address>
         <size>0x8b</size>
         <input_file_ref idref="fl-36"/>
      </object_component>
      <object_component id="oc-4c">
         <name>.debug_abbrev</name>
         <load_address>0x0</load_address>
         <run_address>0x0</run_address>
         <size>0x185</size>
         <input_file_ref idref="fl-2"/>
      </object_component>
      <object_component id="oc-52">
         <name>.debug_abbrev</name>
         <load_address>0x185</load_address>
         <run_address>0x185</run_address>
         <size>0x16b</size>
         <input_file_ref idref="fl-3"/>
      </object_component>
      <object_component id="oc-57">
         <name>.debug_abbrev</name>
         <load_address>0x2f0</load_address>
         <run_address>0x2f0</run_address>
         <size>0x11e</size>
         <input_file_ref idref="fl-4"/>
      </object_component>
      <object_component id="oc-5c">
         <name>.debug_abbrev</name>
         <load_address>0x40e</load_address>
         <run_address>0x40e</run_address>
         <size>0xee</size>
         <input_file_ref idref="fl-5"/>
      </object_component>
      <object_component id="oc-64">
         <name>.debug_abbrev</name>
         <load_address>0x4fc</load_address>
         <run_address>0x4fc</run_address>
         <size>0x1c4</size>
         <input_file_ref idref="fl-6"/>
      </object_component>
      <object_component id="oc-68">
         <name>.debug_abbrev</name>
         <load_address>0x6c0</load_address>
         <run_address>0x6c0</run_address>
         <size>0x2c</size>
         <input_file_ref idref="fl-7"/>
      </object_component>
      <object_component id="oc-6e">
         <name>.debug_abbrev</name>
         <load_address>0x6ec</load_address>
         <run_address>0x6ec</run_address>
         <size>0x18c</size>
         <input_file_ref idref="fl-8"/>
      </object_component>
      <object_component id="oc-73">
         <name>.debug_abbrev</name>
         <load_address>0x878</load_address>
         <run_address>0x878</run_address>
         <size>0xdb</size>
         <input_file_ref idref="fl-9"/>
      </object_component>
      <object_component id="oc-78">
         <name>.debug_abbrev</name>
         <load_address>0x953</load_address>
         <run_address>0x953</run_address>
         <size>0xdb</size>
         <input_file_ref idref="fl-a"/>
      </object_component>
      <object_component id="oc-7e">
         <name>.debug_abbrev</name>
         <load_address>0xa2e</load_address>
         <run_address>0xa2e</run_address>
         <size>0x107</size>
         <input_file_ref idref="fl-b"/>
      </object_component>
      <object_component id="oc-83">
         <name>.debug_abbrev</name>
         <load_address>0xb35</load_address>
         <run_address>0xb35</run_address>
         <size>0xbb</size>
         <input_file_ref idref="fl-c"/>
      </object_component>
      <object_component id="oc-88">
         <name>.debug_abbrev</name>
         <load_address>0xbf0</load_address>
         <run_address>0xbf0</run_address>
         <size>0xdb</size>
         <input_file_ref idref="fl-d"/>
      </object_component>
      <object_component id="oc-ba">
         <name>.debug_abbrev</name>
         <load_address>0xccb</load_address>
         <run_address>0xccb</run_address>
         <size>0xb3</size>
         <input_file_ref idref="fl-e"/>
      </object_component>
      <object_component id="oc-bf">
         <name>.debug_abbrev</name>
         <load_address>0xd7e</load_address>
         <run_address>0xd7e</run_address>
         <size>0x125</size>
         <input_file_ref idref="fl-f"/>
      </object_component>
      <object_component id="oc-c4">
         <name>.debug_abbrev</name>
         <load_address>0xea3</load_address>
         <run_address>0xea3</run_address>
         <size>0xad</size>
         <input_file_ref idref="fl-10"/>
      </object_component>
      <object_component id="oc-c9">
         <name>.debug_abbrev</name>
         <load_address>0xf50</load_address>
         <run_address>0xf50</run_address>
         <size>0x20</size>
         <input_file_ref idref="fl-11"/>
      </object_component>
      <object_component id="oc-cd">
         <name>.debug_abbrev</name>
         <load_address>0xf70</load_address>
         <run_address>0xf70</run_address>
         <size>0x2c</size>
         <input_file_ref idref="fl-18"/>
      </object_component>
      <object_component id="oc-d4">
         <name>.debug_abbrev</name>
         <load_address>0xf9c</load_address>
         <run_address>0xf9c</run_address>
         <size>0x15c</size>
         <input_file_ref idref="fl-19"/>
      </object_component>
      <object_component id="oc-d9">
         <name>.debug_abbrev</name>
         <load_address>0x10f8</load_address>
         <run_address>0x10f8</run_address>
         <size>0x43</size>
         <input_file_ref idref="fl-1a"/>
      </object_component>
      <object_component id="oc-e0">
         <name>.debug_abbrev</name>
         <load_address>0x113b</load_address>
         <run_address>0x113b</run_address>
         <size>0x10c</size>
         <input_file_ref idref="fl-1b"/>
      </object_component>
      <object_component id="oc-e5">
         <name>.debug_abbrev</name>
         <load_address>0x1247</load_address>
         <run_address>0x1247</run_address>
         <size>0x108</size>
         <input_file_ref idref="fl-1c"/>
      </object_component>
      <object_component id="oc-ec">
         <name>.debug_abbrev</name>
         <load_address>0x134f</load_address>
         <run_address>0x134f</run_address>
         <size>0xa9</size>
         <input_file_ref idref="fl-1d"/>
      </object_component>
      <object_component id="oc-f3">
         <name>.debug_abbrev</name>
         <load_address>0x13f8</load_address>
         <run_address>0x13f8</run_address>
         <size>0x16c</size>
         <input_file_ref idref="fl-1e"/>
      </object_component>
      <object_component id="oc-f8">
         <name>.debug_abbrev</name>
         <load_address>0x1564</load_address>
         <run_address>0x1564</run_address>
         <size>0xed</size>
         <input_file_ref idref="fl-1f"/>
      </object_component>
      <object_component id="oc-fd">
         <name>.debug_abbrev</name>
         <load_address>0x1651</load_address>
         <run_address>0x1651</run_address>
         <size>0xb2</size>
         <input_file_ref idref="fl-20"/>
      </object_component>
      <object_component id="oc-ff">
         <name>.debug_abbrev</name>
         <load_address>0x1703</load_address>
         <run_address>0x1703</run_address>
         <size>0x59</size>
         <input_file_ref idref="fl-21"/>
      </object_component>
      <object_component id="oc-103">
         <name>.debug_abbrev</name>
         <load_address>0x175c</load_address>
         <run_address>0x175c</run_address>
         <size>0x35</size>
         <input_file_ref idref="fl-22"/>
      </object_component>
      <object_component id="oc-107">
         <name>.debug_abbrev</name>
         <load_address>0x1791</load_address>
         <run_address>0x1791</run_address>
         <size>0x35</size>
         <input_file_ref idref="fl-23"/>
      </object_component>
      <object_component id="oc-10b">
         <name>.debug_abbrev</name>
         <load_address>0x17c6</load_address>
         <run_address>0x17c6</run_address>
         <size>0x35</size>
         <input_file_ref idref="fl-24"/>
      </object_component>
      <object_component id="oc-10f">
         <name>.debug_abbrev</name>
         <load_address>0x17fb</load_address>
         <run_address>0x17fb</run_address>
         <size>0x35</size>
         <input_file_ref idref="fl-25"/>
      </object_component>
      <object_component id="oc-113">
         <name>.debug_abbrev</name>
         <load_address>0x1830</load_address>
         <run_address>0x1830</run_address>
         <size>0x43</size>
         <input_file_ref idref="fl-26"/>
      </object_component>
      <object_component id="oc-117">
         <name>.debug_abbrev</name>
         <load_address>0x1873</load_address>
         <run_address>0x1873</run_address>
         <size>0x35</size>
         <input_file_ref idref="fl-27"/>
      </object_component>
      <object_component id="oc-11b">
         <name>.debug_abbrev</name>
         <load_address>0x18a8</load_address>
         <run_address>0x18a8</run_address>
         <size>0x35</size>
         <input_file_ref idref="fl-28"/>
      </object_component>
      <object_component id="oc-11f">
         <name>.debug_abbrev</name>
         <load_address>0x18dd</load_address>
         <run_address>0x18dd</run_address>
         <size>0x35</size>
         <input_file_ref idref="fl-29"/>
      </object_component>
      <object_component id="oc-123">
         <name>.debug_abbrev</name>
         <load_address>0x1912</load_address>
         <run_address>0x1912</run_address>
         <size>0x35</size>
         <input_file_ref idref="fl-2a"/>
      </object_component>
      <object_component id="oc-127">
         <name>.debug_abbrev</name>
         <load_address>0x1947</load_address>
         <run_address>0x1947</run_address>
         <size>0x35</size>
         <input_file_ref idref="fl-2b"/>
      </object_component>
      <object_component id="oc-12b">
         <name>.debug_abbrev</name>
         <load_address>0x197c</load_address>
         <run_address>0x197c</run_address>
         <size>0x35</size>
         <input_file_ref idref="fl-2c"/>
      </object_component>
      <object_component id="oc-12f">
         <name>.debug_abbrev</name>
         <load_address>0x19b1</load_address>
         <run_address>0x19b1</run_address>
         <size>0x59</size>
         <input_file_ref idref="fl-2d"/>
      </object_component>
      <object_component id="oc-133">
         <name>.debug_abbrev</name>
         <load_address>0x1a0a</load_address>
         <run_address>0x1a0a</run_address>
         <size>0x35</size>
         <input_file_ref idref="fl-2e"/>
      </object_component>
      <object_component id="oc-138">
         <name>.debug_abbrev</name>
         <load_address>0x1a3f</load_address>
         <run_address>0x1a3f</run_address>
         <size>0xd9</size>
         <input_file_ref idref="fl-2f"/>
      </object_component>
      <object_component id="oc-13d">
         <name>.debug_abbrev</name>
         <load_address>0x1b18</load_address>
         <run_address>0x1b18</run_address>
         <size>0x94</size>
         <input_file_ref idref="fl-30"/>
      </object_component>
      <object_component id="oc-142">
         <name>.debug_abbrev</name>
         <load_address>0x1bac</load_address>
         <run_address>0x1bac</run_address>
         <size>0xa6</size>
         <input_file_ref idref="fl-31"/>
      </object_component>
[...]
      </symbol>
      <symbol id="sm-298">
         <name>_EPWM4_INT_ISR</name>
         <value>0x3f69d8</value>
         <object_component_ref idref="oc-c1"/>
      </symbol>
      <symbol id="sm-299">
         <name>_USER5_ISR</name>
         <value>0x3f695b</value>
         <object_component_ref idref="oc-c1"/>
      </symbol>
      <symbol id="sm-29a">
         <name>_CLA1_INT2_ISR</name>
         <value>0x3f6a5f</value>
         <object_component_ref idref="oc-c1"/>
      </symbol>
      <symbol id="sm-29b">
         <name>_EMPTY_ISR</name>
         <value>0x3f6a91</value>
         <object_component_ref idref="oc-c1"/>
      </symbol>
      <symbol id="sm-29c">
         <name>_EPWM5_TZINT_ISR</name>
         <value>0x3f69ba</value>
         <object_component_ref idref="oc-c1"/>
      </symbol>
      <symbol id="sm-29d">
         <name>_CLA1_INT8_ISR</name>
         <value>0x3f6a7d</value>
         <object_component_ref idref="oc-c1"/>
      </symbol>
      <symbol id="sm-29e">
         <name>_EPWM4_TZINT_ISR</name>
         <value>0x3f69b5</value>
         <object_component_ref idref="oc-c1"/>
      </symbol>
      <symbol id="sm-29f">
         <name>_ECAN0INTA_ISR</name>
         <value>0x3f6a32</value>
         <object_component_ref idref="oc-c1"/>
      </symbol>
      <symbol id="sm-2a0">
         <name>_EPWM7_TZINT_ISR</name>
         <value>0x3f69c4</value>
         <object_component_ref idref="oc-c1"/>
      </symbol>
      <symbol id="sm-2a1">
         <name>_EPWM6_TZINT_ISR</name>
         <value>0x3f69bf</value>
         <object_component_ref idref="oc-c1"/>
      </symbol>
      <symbol id="sm-2a2">
         <name>_EMUINT_ISR</name>
         <value>0x3f6938</value>
         <object_component_ref idref="oc-c1"/>
      </symbol>
      <symbol id="sm-2a3">
         <name>_ECAP1_INT_ISR</name>
         <value>0x3f69ec</value>
         <object_component_ref idref="oc-c1"/>
      </symbol>
      <symbol id="sm-2a4">
         <name>_EPWM1_TZINT_ISR</name>
         <value>0x3f69a6</value>
         <object_component_ref idref="oc-c1"/>
      </symbol>
      <symbol id="sm-2a5">
         <name>_ADCINT6_ISR</name>
         <value>0x3f6a4b</value>
         <object_component_ref idref="oc-c1"/>
      </symbol>
      <symbol id="sm-2a6">
         <name>_HRCAP2_INT_ISR</name>
         <value>0x3f69f6</value>
         <object_component_ref idref="oc-c1"/>
      </symbol>
      <symbol id="sm-2a7">
         <name>_ADCINT8_ISR</name>
         <value>0x3f6a55</value>
         <object_component_ref idref="oc-c1"/>
      </symbol>
      <symbol id="sm-2a8">
         <name>_USER11_ISR</name>
         <value>0x3f6979</value>
         <object_component_ref idref="oc-c1"/>
      </symbol>
      <symbol id="sm-2a9">
         <name>_EPWM3_TZINT_ISR</name>
         <value>0x3f69b0</value>
         <object_component_ref idref="oc-c1"/>
      </symbol>
      <symbol id="sm-2aa">
         <name>_USER4_ISR</name>
         <value>0x3f6956</value>
         <object_component_ref idref="oc-c1"/>
      </symbol>
      <symbol id="sm-2ab">
         <name>_EPWM2_TZINT_ISR</name>
         <value>0x3f69ab</value>
         <object_component_ref idref="oc-c1"/>
      </symbol>
      <symbol id="sm-2ac">
         <name>_CLA1_INT3_ISR</name>
         <value>0x3f6a64</value>
         <object_component_ref idref="oc-c1"/>
      </symbol>
      <symbol id="sm-2ad">
         <name>_EPWM2_INT_ISR</name>
         <value>0x3f69ce</value>
         <object_component_ref idref="oc-c1"/>
      </symbol>
      <symbol id="sm-2ae">
         <name>_TINT0_ISR</name>
         <value>0x3f699c</value>
         <object_component_ref idref="oc-c1"/>
      </symbol>
      <symbol id="sm-2af">
         <name>_WAKEINT_ISR</name>
         <value>0x3f69a1</value>
         <object_component_ref idref="oc-c1"/>
      </symbol>
      <symbol id="sm-2b0">
         <name>_ADCINT7_ISR</name>
         <value>0x3f6a50</value>
         <object_component_ref idref="oc-c1"/>
      </symbol>
      <symbol id="sm-2b1">
         <name>_ADCINT9_ISR</name>
         <value>0x3f6997</value>
         <object_component_ref idref="oc-c1"/>
      </symbol>
      <symbol id="sm-2b2">
         <name>_USER10_ISR</name>
         <value>0x3f6974</value>
         <object_component_ref idref="oc-c1"/>
      </symbol>
      <symbol id="sm-2b3">
         <name>_USER7_ISR</name>
         <value>0x3f6965</value>
         <object_component_ref idref="oc-c1"/>
      </symbol>
      <symbol id="sm-2b4">
         <name>_XINT1_ISR</name>
         <value>0x3f698d</value>
         <object_component_ref idref="oc-c1"/>
      </symbol>
      <symbol id="sm-2b5">
         <name>_INT14_ISR</name>
         <value>0x3f6929</value>
         <object_component_ref idref="oc-c1"/>
      </symbol>
      <symbol id="sm-2b6">
         <name>_EPWM7_INT_ISR</name>
         <value>0x3f69e7</value>
         <object_component_ref idref="oc-c1"/>
      </symbol>
      <symbol id="sm-2b7">
         <name>_USER6_ISR</name>
         <value>0x3f6960</value>
         <object_component_ref idref="oc-c1"/>
      </symbol>
      <symbol id="sm-2b8">
         <name>_CLA1_INT1_ISR</name>
         <value>0x3f6a5a</value>
         <object_component_ref idref="oc-c1"/>
      </symbol>
      <symbol id="sm-2b9">
         <name>_ADCINT1_ISR</name>
         <value>0x3f6983</value>
         <object_component_ref idref="oc-c1"/>
      </symbol>
      <symbol id="sm-2ba">
         <name>_LIN0INTA_ISR</name>
         <value>0x3f6a28</value>
         <object_component_ref idref="oc-c1"/>
      </symbol>
      <symbol id="sm-2bb">
         <name>_USER12_ISR</name>
         <value>0x3f697e</value>
         <object_component_ref idref="oc-c1"/>
      </symbol>
      <symbol id="sm-2bc">
         <name>_USER1_ISR</name>
         <value>0x3f6947</value>
         <object_component_ref idref="oc-c1"/>
      </symbol>
      <symbol id="sm-2bd">
         <name>_XINT3_ISR</name>
         <value>0x3f6a82</value>
         <object_component_ref idref="oc-c1"/>
      </symbol>
      <symbol id="sm-2be">
         <name>_CLA1_INT6_ISR</name>
         <value>0x3f6a73</value>
         <object_component_ref idref="oc-c1"/>
      </symbol>
      <symbol id="sm-2bf">
         <name>_EPWM5_INT_ISR</name>
         <value>0x3f69dd</value>
         <object_component_ref idref="oc-c1"/>
      </symbol>
      <symbol id="sm-2c0">
         <name>_NMI_ISR</name>
         <value>0x3f693d</value>
         <object_component_ref idref="oc-c1"/>
      </symbol>
      <symbol id="sm-2c1">
         <name>_ECAN1INTA_ISR</name>
         <value>0x3f6a37</value>
         <object_component_ref idref="oc-c1"/>
      </symbol>
      <symbol id="sm-2c2">
         <name>_ADCINT2_ISR</name>
         <value>0x3f6988</value>
         <object_component_ref idref="oc-c1"/>
      </symbol>
      <symbol id="sm-2c3">
         <name>_PIE_RESERVED</name>
         <value>0x3f6a96</value>
         <object_component_ref idref="oc-c1"/>
      </symbol>
      <symbol id="sm-2c4">
         <name>_I2CINT1A_ISR</name>
         <value>0x3f6a14</value>
         <object_component_ref idref="oc-c1"/>
      </symbol>
      <symbol id="sm-2c5">
         <name>_XINT2_ISR</name>
         <value>0x3f6992</value>
         <object_component_ref idref="oc-c1"/>
      </symbol>
      <symbol id="sm-2c6">
         <name>_CLA1_INT7_ISR</name>
         <value>0x3f6a78</value>
         <object_component_ref idref="oc-c1"/>
      </symbol>
      <symbol id="sm-2c7">
         <name>_I2CINT2A_ISR</name>
         <value>0x3f6a19</value>
         <object_component_ref idref="oc-c1"/>
      </symbol>
      <symbol id="sm-2c8">
         <name>_RTOSINT_ISR</name>
         <value>0x3f6933</value>
         <object_component_ref idref="oc-c1"/>
      </symbol>
      <symbol id="sm-2c9">
         <name>_EPWM3_INT_ISR</name>
         <value>0x3f69d3</value>
         <object_component_ref idref="oc-c1"/>
      </symbol>
      <symbol id="sm-2ca">
         <name>_ADCINT3_ISR</name>
         <value>0x3f6a3c</value>
         <object_component_ref idref="oc-c1"/>
      </symbol>
      <symbol id="sm-2cb">
         <name>_SPITXINTB_ISR</name>
         <value>0x3f6a0f</value>
         <object_component_ref idref="oc-c1"/>
      </symbol>
      <symbol id="sm-2cc">
         <name>_SPIRXINTB_ISR</name>
         <value>0x3f6a0a</value>
         <object_component_ref idref="oc-c1"/>
      </symbol>
      <symbol id="sm-2cd">
         <name>_USER9_ISR</name>
         <value>0x3f696f</value>
         <object_component_ref idref="oc-c1"/>
      </symbol>
      <symbol id="sm-2ce">
         <name>_USER3_ISR</name>
         <value>0x3f6951</value>
         <object_component_ref idref="oc-c1"/>
      </symbol>
      <symbol id="sm-2cf">
         <name>_CLA1_INT4_ISR</name>
         <value>0x3f6a69</value>
         <object_component_ref idref="oc-c1"/>
      </symbol>
      <symbol id="sm-2d0">
         <name>_EQEP1_INT_ISR</name>
         <value>0x3f69fb</value>
         <object_component_ref idref="oc-c1"/>
      </symbol>
      <symbol id="sm-2d1">
         <name>_USER8_ISR</name>
         <value>0x3f696a</value>
         <object_component_ref idref="oc-c1"/>
      </symbol>
      <symbol id="sm-2d2">
         <name>_EPWM1_INT_ISR</name>
         <value>0x3f69c9</value>
         <object_component_ref idref="oc-c1"/>
      </symbol>
      <symbol id="sm-2d3">
         <name>_USER2_ISR</name>
         <value>0x3f694c</value>
         <object_component_ref idref="oc-c1"/>
      </symbol>
      <symbol id="sm-2d4">
         <name>_CLA1_INT5_ISR</name>
         <value>0x3f6a6e</value>
         <object_component_ref idref="oc-c1"/>
      </symbol>
      <symbol id="sm-2d5">
         <name>_LUF_ISR</name>
         <value>0x3f6a8c</value>
         <object_component_ref idref="oc-c1"/>
      </symbol>
      <symbol id="sm-2d6">
         <name>_LVF_ISR</name>
         <value>0x3f6a87</value>
         <object_component_ref idref="oc-c1"/>
      </symbol>
      <symbol id="sm-2d7">
         <name>_SCITXINTA_ISR</name>
         <value>0x3f6a23</value>
         <object_component_ref idref="oc-c1"/>
      </symbol>
      <symbol id="sm-2d8">
         <name>_SCIRXINTA_ISR</name>
         <value>0x3f6a1e</value>
         <object_component_ref idref="oc-c1"/>
      </symbol>
      <symbol id="sm-2d9">
         <name>_rsvd_ISR</name>
         <value>0x3f6a9b</value>
         <object_component_ref idref="oc-c1"/>
      </symbol>
      <symbol id="sm-2da">
         <name>_HRCAP1_INT_ISR</name>
         <value>0x3f69f1</value>
         <object_component_ref idref="oc-c1"/>
      </symbol>
      <symbol id="sm-2e5">
         <name>code_start</name>
         <value>0x3f7ff6</value>
         <object_component_ref idref="oc-c6"/>
      </symbol>
      <symbol id="sm-2ed">
         <name>_Q24divtoQ16</name>
         <value>0x3f7249</value>
         <object_component_ref idref="oc-ca"/>
      </symbol>
      <symbol id="sm-2ee">
         <name>_LowPulseWidth0</name>
         <value>0x3f7251</value>
         <object_component_ref idref="oc-ca"/>
      </symbol>
      <symbol id="sm-2ef">
         <name>_PeriodWidthRise0</name>
         <value>0x3f72a2</value>
         <object_component_ref idref="oc-ca"/>
      </symbol>
      <symbol id="sm-2f0">
         <name>_HighPulseWidth0</name>
         <value>0x3f726c</value>
         <object_component_ref idref="oc-ca"/>
      </symbol>
      <symbol id="sm-2f1">
         <name>_HighPulseWidth1</name>
         <value>0x3f7287</value>
         <object_component_ref idref="oc-ca"/>
      </symbol>
      <symbol id="sm-2f2">
         <name>_PeriodWidthFall0</name>
         <value>0x3f72c0</value>
         <object_component_ref idref="oc-ca"/>
      </symbol>
      <symbol id="sm-315">
         <name>_MIN</name>
         <value>0x8d17</value>
         <object_component_ref idref="oc-d1"/>
      </symbol>
      <symbol id="sm-316">
         <name>_ONEHCSYNCCLK</name>
         <value>0x8d20</value>
         <object_component_ref idref="oc-d1"/>
      </symbol>
      <symbol id="sm-317">
         <name>_MAX</name>
         <value>0x8d0e</value>
         <object_component_ref idref="oc-d1"/>
      </symbol>
      <symbol id="sm-318">
         <name>_HRCAP_Cal</name>
         <value>0x3f6aa0</value>
         <object_component_ref idref="oc-ce"/>
      </symbol>
      <symbol id="sm-319">
         <name>_HRPWM_Config</name>
         <value>0x3f6b9a</value>
         <object_component_ref idref="oc-ce"/>
      </symbol>
      <symbol id="sm-32d">
         <name>_c_int00</name>
         <value>0x3f74ef</value>
         <object_component_ref idref="oc-44"/>
      </symbol>
      <symbol id="sm-32e">
         <name>__stack</name>
         <value>0x50</value>
         <object_component_ref idref="oc-d5"/>
      </symbol>
      <symbol id="sm-33f">
         <name>C$$EXIT</name>
         <value>0x3f77a1</value>
         <object_component_ref idref="oc-da"/>
      </symbol>
      <symbol id="sm-340">
         <name>_exit</name>
         <value>0x3f77a3</value>
         <object_component_ref idref="oc-da"/>
      </symbol>
      <symbol id="sm-341">
         <name>___TI_cleanup_ptr</name>
         <value>0x8d36</value>
         <object_component_ref idref="oc-dd"/>
      </symbol>
      <symbol id="sm-342">
         <name>_abort</name>
         <value>0x3f77a1</value>
         <object_component_ref idref="oc-da"/>
      </symbol>
      <symbol id="sm-343">
         <name>___TI_dtors_ptr</name>
         <value>0x8d38</value>
         <object_component_ref idref="oc-dd"/>
      </symbol>
      <symbol id="sm-34f">
         <name>_sprintf</name>
         <value>0x3f759d</value>
         <object_component_ref idref="oc-e1"/>
      </symbol>
      <symbol id="sm-35d">
         <name>__unlock</name>
         <value>0x8d32</value>
         <object_component_ref idref="oc-e9"/>
      </symbol>
      <symbol id="sm-35e">
         <name>__lock</name>
         <value>0x8d34</value>
         <object_component_ref idref="oc-e9"/>
      </symbol>
      <symbol id="sm-35f">
         <name>__register_lock</name>
         <value>0x3f7812</value>
         <object_component_ref idref="oc-e6"/>
      </symbol>
      <symbol id="sm-360">
         <name>__nop</name>
         <value>0x3f7816</value>
         <object_component_ref idref="oc-e6"/>
      </symbol>
      <symbol id="sm-361">
         <name>__register_unlock</name>
         <value>0x3f780e</value>
         <object_component_ref idref="oc-e6"/>
      </symbol>
      <symbol id="sm-46a">
         <name>___TI_printfi</name>
         <value>0x3f6837</value>
         <object_component_ref idref="oc-ed"/>
      </symbol>
      <symbol id="sm-476">
         <name>__args_main</name>
         <value>0x3f7788</value>
         <object_component_ref idref="oc-f4"/>
      </symbol>
      <symbol id="sm-477">
         <name>__TI_args_main</name>
         <value>0x1</value>
      </symbol>
      <symbol id="sm-488">
         <name>_atoi</name>
         <value>0x3f756c</value>
         <object_component_ref idref="oc-f9"/>
      </symbol>
      <symbol id="sm-490">
         <name>__ctypes_</name>
         <value>0x3f7836</value>
         <object_component_ref idref="oc-15a"/>
      </symbol>
      <symbol id="sm-49c">
         <name>FD$$CMP</name>
         <value>0x3f75f8</value>
         <object_component_ref idref="oc-100"/>
      </symbol>
      <symbol id="sm-4af">
         <name>FD$$DIV</name>
         <value>0x3f72de</value>
         <object_component_ref idref="oc-104"/>
      </symbol>
      <symbol id="sm-4bd">
         <name>FD$$MPY</name>
         <value>0x3f7369</value>
         <object_component_ref idref="oc-108"/>
      </symbol>
      <symbol id="sm-4c6">
         <name>FD$$NEG</name>
         <value>0x3f7817</value>
         <object_component_ref idref="oc-10c"/>
      </symbol>
      <symbol id="sm-4ce">
         <name>FD$$SUB</name>
         <value>0x3f77e6</value>
         <object_component_ref idref="oc-110"/>
      </symbol>
      <symbol id="sm-4d9">
         <name>FD$$TOI</name>
         <value>0x3f7699</value>
         <object_component_ref idref="oc-114"/>
      </symbol>
      <symbol id="sm-4e4">
         <name>FD$$TOL</name>
         <value>0x3f76db</value>
         <object_component_ref idref="oc-118"/>
      </symbol>
      <symbol id="sm-4f0">
         <name>FS$$TOFD</name>
         <value>0x3f7736</value>
         <object_component_ref idref="oc-11c"/>
      </symbol>
      <symbol id="sm-4fc">
         <name>L$$TOFD</name>
         <value>0x3f7752</value>
         <object_component_ref idref="oc-120"/>
      </symbol>
      <symbol id="sm-504">
         <name>LL$$AND</name>
         <value>0x3f77ba</value>
         <object_component_ref idref="oc-124"/>
      </symbol>
      <symbol id="sm-505">
         <name>LL$$OR</name>
         <value>0x3f77c2</value>
         <object_component_ref idref="oc-124"/>
      </symbol>
      <symbol id="sm-506">
         <name>LL$$XOR</name>
         <value>0x3f77ca</value>
         <object_component_ref idref="oc-124"/>
      </symbol>
      <symbol id="sm-510">
         <name>ULL$$CMP</name>
         <value>0x3f772a</value>
         <object_component_ref idref="oc-128"/>
      </symbol>
      <symbol id="sm-511">
         <name>LL$$CMP</name>
         <value>0x3f7718</value>
         <object_component_ref idref="oc-128"/>
      </symbol>
      <symbol id="sm-538">
         <name>ULL$$MOD</name>
         <value>0x3f6df5</value>
         <object_component_ref idref="oc-12c"/>
      </symbol>
      <symbol id="sm-539">
         <name>ULL$$DIV</name>
         <value>0x3f6dc6</value>
         <object_component_ref idref="oc-12c"/>
      </symbol>
      <symbol id="sm-53a">
         <name>LL$$MOD</name>
         <value>0x3f6d8c</value>
         <object_component_ref idref="oc-12c"/>
      </symbol>
      <symbol id="sm-53b">
         <name>LL$$DIV</name>
         <value>0x3f6d50</value>
         <object_component_ref idref="oc-12c"/>
      </symbol>
      <symbol id="sm-543">
         <name>LL$$MPY</name>
         <value>0x3f77d2</value>
         <object_component_ref idref="oc-130"/>
      </symbol>
      <symbol id="sm-54f">
         <name>_ltoa</name>
         <value>0x3f75cc</value>
         <object_component_ref idref="oc-134"/>
      </symbol>
      <symbol id="sm-55c">
         <name>_memccpy</name>
         <value>0x3f77f4</value>
         <object_component_ref idref="oc-139"/>
      </symbol>
      <symbol id="sm-56b">
         <name>___memcpy_ff</name>
         <value>0x3f76ba</value>
         <object_component_ref idref="oc-13e"/>
      </symbol>
      <symbol id="sm-577">
         <name>_memset</name>
         <value>0x3f7801</value>
         <object_component_ref idref="oc-143"/>
      </symbol>
      <symbol id="sm-582">
         <name>_strcpy</name>
         <value>0x3f7830</value>
         <object_component_ref idref="oc-148"/>
      </symbol>
      <symbol id="sm-58d">
         <name>_strlen</name>
         <value>0x3f7828</value>
         <object_component_ref idref="oc-14d"/>
      </symbol>
      <symbol id="sm-5a4">
         <name>FD$$ADD</name>
         <value>0x3f71ad</value>
         <object_component_ref idref="oc-152"/>
      </symbol>
      <symbol id="sm-5ac">
         <name>UL$$MOD</name>
         <value>0x3f7646</value>
         <object_component_ref idref="oc-156"/>
      </symbol>
      <symbol id="sm-5ad">
         <name>L$$MOD</name>
         <value>0x3f7631</value>
         <object_component_ref idref="oc-156"/>
      </symbol>
      <symbol id="sm-5ae">
         <name>L$$DIV</name>
         <value>0x3f7622</value>
         <object_component_ref idref="oc-156"/>
      </symbol>
      <symbol id="sm-5af">
         <name>UL$$DIV</name>
         <value>0x3f763f</value>
         <object_component_ref idref="oc-156"/>
      </symbol>
   </symbol_table>
   <title>Link successful</title>
</link_info>
