******************************************************************************
             TMS320C2000 Linker PC v6.2.4                      
******************************************************************************
>> Linked Mon Dec 01 17:22:01 2014

OUTPUT FILE NAME:   <TDC1000_level_PC_Commn.out>
ENTRY POINT SYMBOL: "_c_int00"  address: 003f6fbc


MEMORY CONFIGURATION

         name            origin    length      used     unused   attr    fill
----------------------  --------  ---------  --------  --------  ----  --------
PAGE 0:
  RAML0                 00008000   00000800  0000001f  000007e1  RWIX
  RAML1                 00008800   00000400  00000000  00000400  RWIX
  OTP                   003d7800   00000400  00000000  00000400  RWIX
  FLASHH                003e8000   00002000  00000000  00002000  RWIX
  FLASHG                003ea000   00002000  00000000  00002000  RWIX
  FLASHF                003ec000   00002000  00000000  00002000  RWIX
  FLASHE                003ee000   00002000  00000000  00002000  RWIX
  FLASHD                003f0000   00002000  0000001f  00001fe1  RWIX
  FLASHC                003f2000   00002000  00000000  00002000  RWIX
  FLASHA                003f6000   00001f80  00001336  00000c4a  RWIX
  CSM_RSVD              003f7f80   00000076  00000000  00000076  RWIX
  BEGIN                 003f7ff6   00000002  00000002  00000000  RWIX
  CSM_PWL_P0            003f7ff8   00000008  00000000  00000008  RWIX
  IQTABLES              003fe000   00000b50  00000000  00000b50  RWIX
  IQTABLES2             003feb50   0000008c  00000000  0000008c  RWIX
  IQTABLES3             003febdc   000000aa  00000000  000000aa  RWIX
  ROM                   003ff27c   00000d44  00000000  00000d44  RWIX
  RESET                 003fffc0   00000002  00000000  00000002  RWIX
  VECTORS               003fffc2   0000003e  00000000  0000003e  RWIX

PAGE 1:
  BOOT_RSVD             00000000   00000050  00000000  00000050  RWIX
  RAMM0                 00000050   000003b0  00000300  000000b0  RWIX
  RAMM1                 00000400   00000400  00000000  00000400  RWIX
  DEV_EMU               00000880   00000105  00000004  00000101  RWIX
  SYS_PWR_CTL           00000985   00000003  00000003  00000000  RWIX
  FLASH_REGS            00000a80   00000060  00000008  00000058  RWIX
  CSM                   00000ae0   00000010  00000010  00000000  RWIX
  ADC_RESULT            00000b00   00000020  00000020  00000000  RWIX
  CPU_TIMER0            00000c00   00000008  00000008  00000000  RWIX
  CPU_TIMER1            00000c08   00000008  00000008  00000000  RWIX
  CPU_TIMER2            00000c10   00000008  00000008  00000000  RWIX
  PIE_CTRL              00000ce0   00000020  0000001a  00000006  RWIX
  PIE_VECT              00000d00   00000100  00000100  00000000  RWIX
  CLA1                  00001400   00000080  00000040  00000040  RWIX
  ECANA                 00006000   00000040  00000034  0000000c  RWIX
  ECANA_LAM             00006040   00000040  00000040  00000000  RWIX
  ECANA_MOTS            00006080   00000040  00000040  00000000  RWIX
  ECANA_MOTO            000060c0   00000040  00000040  00000000  RWIX
  ECANA_MBOX            00006100   00000100  00000100  00000000  RWIX
  COMP1                 00006400   00000020  00000014  0000000c  RWIX
  COMP2                 00006420   00000020  00000014  0000000c  RWIX
  COMP3                 00006440   00000020  00000014  0000000c  RWIX
  EPWM1                 00006800   00000040  00000040  00000000  RWIX
  EPWM2                 00006840   00000040  00000040  00000000  RWIX
  EPWM3                 00006880   00000040  00000040  00000000  RWIX
  EPWM4                 000068c0   00000040  00000040  00000000  RWIX
  EPWM5                 00006900   00000040  00000040  00000000  RWIX
  EPWM6                 00006940   00000040  00000040  00000000  RWIX
  EPWM7                 00006980   00000040  00000040  00000000  RWIX
  ECAP1                 00006a00   00000020  00000020  00000000  RWIX
  HRCAP1                00006ac0   00000020  00000020  00000000  RWIX
  HRCAP2                00006ae0   00000020  00000020  00000000  RWIX
  EQEP1                 00006b00   00000040  00000040  00000000  RWIX
  LINA                  00006c00   00000080  0000004a  00000036  RWIX
  GPIOCTRL              00006f80   00000040  00000040  00000000  RWIX
  GPIODAT               00006fc0   00000020  00000020  00000000  RWIX
  GPIOINT               00006fe0   00000020  0000000c  00000014  RWIX
  SYSTEM                00007010   00000020  00000020  00000000  RWIX
  SPIA                  00007040   00000010  00000010  00000000  RWIX
  SCIA                  00007050   00000010  00000010  00000000  RWIX
  NMIINTRUPT            00007060   00000010  00000010  00000000  RWIX
  XINTRUPT              00007070   00000010  00000010  00000000  RWIX
  ADC                   00007100   00000080  00000050  00000030  RWIX
  SPIB                  00007740   00000010  00000010  00000000  RWIX
  I2CA                  00007900   00000040  00000022  0000001e  RWIX
  RAML2                 00008c00   00000400  00000226  000001da  RWIX
  RAML3                 00009000   00001000  00000000  00001000  RWIX
  PARTID                003d7e80   00000001  00000001  00000000  RWIX
  FLASHB                003f4000   00002000  00000000  00002000  RWIX
  CSM_PWL               003f7ff8   00000008  00000008  00000000  RWIX


SECTION ALLOCATION MAP

 output                                  attributes/
section   page    origin      length       input sections
--------  ----  ----------  ----------   ----------------
.pinit     0    003f6000    00000000     UNINITIALIZED

ramfuncs   0    003f0000    0000001f     RUN ADDR = 00008000
                  003f0000    0000001b     DSP2803x_SysCtrl.obj (ramfuncs)
                  003f001b    00000004     DSP2803x_usDelay.obj (ramfuncs)

.text      0    003f6000    0000111a     
                  003f6000    00000414     main_level.obj (.text)
                  003f6414    00000283     host_interface.obj (.text)
                  003f6697    00000187     state_machine.obj (.text)
                  003f681e    0000017c     DSP2803x_DefaultIsr.obj (.text:retain)
                  003f699a    00000179     HCCal_Type0_V1.lib : HCCal_Type0.obj (.text)
                  003f6b13    00000137     DSP2803x_SysCtrl.obj (.text)
                  003f6c4a    000000f8     my_HRCap_Seuffer_Blank.obj (.text)
                  003f6d42    000000c4     DSP2803x_EPwm.obj (.text)
                  003f6e06    00000095     HCCal_Type0_V1.lib : HCCal_Type0_Funcs.obj (.text)
                  003f6e9b    0000008e     my_HRCap_Seuffer_Blank.obj (.text:retain)
                  003f6f29    0000004a     DSP2803x_Spi.obj (.text)
                  003f6f73    00000049     lmp91400_spi.obj (.text)
                  003f6fbc    00000044     rts2800_ml.lib : boot.obj (.text)
                  003f7000    00000038     my_2803xSci_Echoback.obj (.text)
                  003f7038    00000028     DSP2803x_PieCtrl.obj (.text)
                  003f7060    00000025     DSP2803x_PieVect.obj (.text)
                  003f7085    0000001e     DSP2803x_HRCap.obj (.text)
                  003f70a3    0000001a     DSP2803x_Sci.obj (.text)
                  003f70bd    0000001a     main_level.obj (.text:retain)
                  003f70d7    00000019     rts2800_ml.lib : args_main.obj (.text)
                  003f70f0    00000019                    : exit.obj (.text)
                  003f7109    00000009                    : _lock.obj (.text)
                  003f7112    00000008     DSP2803x_CodeStartBranch.obj (.text)

.econst    0    003f711a    00000100     
                  003f711a    00000100     DSP2803x_PieVect.obj (.econst)

.cinit     0    003f721a    000000dc     
                  003f721a    00000045     my_HRCap_Seuffer_Blank.obj (.cinit)
                  003f725f    00000034     state_machine.obj (.cinit)
                  003f7293    00000030     main_level.obj (.cinit)
                  003f72c3    00000019     host_interface.obj (.cinit)
                  003f72dc    0000000a     rts2800_ml.lib : _lock.obj (.cinit)
                  003f72e6    0000000a                    : exit.obj (.cinit)
                  003f72f0    00000004     HCCal_Type0_V1.lib : HCCal_Type0.obj (.cinit)
                  003f72f4    00000002     --HOLE-- [fill = 0]

.switch    0    003f72f6    00000040     
                  003f72f6    00000040     host_interface.obj (.switch:_handleHostCommand)

codestart 
*          0    003f7ff6    00000002     
                  003f7ff6    00000002     DSP2803x_CodeStartBranch.obj (codestart)

.reset     0    003fffc0    00000002     DSECT
                  003fffc0    00000002     rts2800_ml.lib : boot.obj (.reset)

vectors    0    003fffc2    00000000     DSECT

.stack     1    00000050    00000300     UNINITIALIZED
                  00000050    00000300     --HOLE--

DevEmuRegsFile 
*          1    00000880    00000004     UNINITIALIZED
                  00000880    00000004     DSP2803x_GlobalVariableDefs.obj (DevEmuRegsFile)

SysPwrCtrlRegsFile 
*          1    00000985    00000003     UNINITIALIZED
                  00000985    00000003     DSP2803x_GlobalVariableDefs.obj (SysPwrCtrlRegsFile)

FlashRegsFile 
*          1    00000a80    00000008     UNINITIALIZED
                  00000a80    00000008     DSP2803x_GlobalVariableDefs.obj (FlashRegsFile)

CsmRegsFile 
*          1    00000ae0    00000010     UNINITIALIZED
                  00000ae0    00000010     DSP2803x_GlobalVariableDefs.obj (CsmRegsFile)

AdcResultFile 
*          1    00000b00    00000020     UNINITIALIZED
                  00000b00    00000020     DSP2803x_GlobalVariableDefs.obj (AdcResultFile)

CpuTimer0RegsFile 
*          1    00000c00    00000008     UNINITIALIZED
                  00000c00    00000008     DSP2803x_GlobalVariableDefs.obj (CpuTimer0RegsFile)

CpuTimer1RegsFile 
*          1    00000c08    00000008     UNINITIALIZED
                  00000c08    00000008     DSP2803x_GlobalVariableDefs.obj (CpuTimer1RegsFile)

CpuTimer2RegsFile 
*          1    00000c10    00000008     UNINITIALIZED
                  00000c10    00000008     DSP2803x_GlobalVariableDefs.obj (CpuTimer2RegsFile)

PieCtrlRegsFile 
*          1    00000ce0    0000001a     UNINITIALIZED
                  00000ce0    0000001a     DSP2803x_GlobalVariableDefs.obj (PieCtrlRegsFile)

PieVectTableFile 
*          1    00000d00    00000100     UNINITIALIZED
                  00000d00    00000100     DSP2803x_GlobalVariableDefs.obj (PieVectTableFile)

EmuKeyVar 
*          1    00000d00    00000001     UNINITIALIZED
                  00000d00    00000001     DSP2803x_GlobalVariableDefs.obj (EmuKeyVar)

EmuBModeVar 
*          1    00000d01    00000001     UNINITIALIZED
                  00000d01    00000001     DSP2803x_GlobalVariableDefs.obj (EmuBModeVar)

FlashCallbackVar 
*          1    00000d02    00000002     UNINITIALIZED
                  00000d02    00000002     DSP2803x_GlobalVariableDefs.obj (FlashCallbackVar)

FlashScalingVar 
*          1    00000d04    00000002     UNINITIALIZED
                  00000d04    00000002     DSP2803x_GlobalVariableDefs.obj (FlashScalingVar)

Cla1RegsFile 
*          1    00001400    00000040     UNINITIALIZED
                  00001400    00000040     DSP2803x_GlobalVariableDefs.obj (Cla1RegsFile)

ECanaRegsFile 
*          1    00006000    00000034     UNINITIALIZED
                  00006000    00000034     DSP2803x_GlobalVariableDefs.obj (ECanaRegsFile)

ECanaLAMRegsFile 
*          1    00006040    00000040     UNINITIALIZED
                  00006040    00000040     DSP2803x_GlobalVariableDefs.obj (ECanaLAMRegsFile)

ECanaMOTSRegsFile 
*          1    00006080    00000040     UNINITIALIZED
                  00006080    00000040     DSP2803x_GlobalVariableDefs.obj (ECanaMOTSRegsFile)

ECanaMOTORegsFile 
*          1    000060c0    00000040     UNINITIALIZED
                  000060c0    00000040     DSP2803x_GlobalVariableDefs.obj (ECanaMOTORegsFile)

ECanaMboxesFile 
*          1    00006100    00000100     UNINITIALIZED
                  00006100    00000100     DSP2803x_GlobalVariableDefs.obj (ECanaMboxesFile)

Comp1RegsFile 
*          1    00006400    00000014     UNINITIALIZED
                  00006400    00000014     DSP2803x_GlobalVariableDefs.obj (Comp1RegsFile)

Comp2RegsFile 
*          1    00006420    00000014     UNINITIALIZED
                  00006420    00000014     DSP2803x_GlobalVariableDefs.obj (Comp2RegsFile)

Comp3RegsFile 
*          1    00006440    00000014     UNINITIALIZED
                  00006440    00000014     DSP2803x_GlobalVariableDefs.obj (Comp3RegsFile)

EPwm1RegsFile 
*          1    00006800    00000040     UNINITIALIZED
                  00006800    00000040     DSP2803x_GlobalVariableDefs.obj (EPwm1RegsFile)

EPwm2RegsFile 
*          1    00006840    00000040     UNINITIALIZED
                  00006840    00000040     DSP2803x_GlobalVariableDefs.obj (EPwm2RegsFile)

EPwm3RegsFile 
*          1    00006880    00000040     UNINITIALIZED
                  00006880    00000040     DSP2803x_GlobalVariableDefs.obj (EPwm3RegsFile)

EPwm4RegsFile 
*          1    000068c0    00000040     UNINITIALIZED
                  000068c0    00000040     DSP2803x_GlobalVariableDefs.obj (EPwm4RegsFile)

EPwm5RegsFile 
*          1    00006900    00000040     UNINITIALIZED
                  00006900    00000040     DSP2803x_GlobalVariableDefs.obj (EPwm5RegsFile)

EPwm6RegsFile 
*          1    00006940    00000040     UNINITIALIZED
                  00006940    00000040     DSP2803x_GlobalVariableDefs.obj (EPwm6RegsFile)

EPwm7RegsFile 
*          1    00006980    00000040     UNINITIALIZED
                  00006980    00000040     DSP2803x_GlobalVariableDefs.obj (EPwm7RegsFile)

ECap1RegsFile 
*          1    00006a00    00000020     UNINITIALIZED
                  00006a00    00000020     DSP2803x_GlobalVariableDefs.obj (ECap1RegsFile)

HRCap1RegsFile 
*          1    00006ac0    00000020     UNINITIALIZED
                  00006ac0    00000020     DSP2803x_GlobalVariableDefs.obj (HRCap1RegsFile)

HRCap2RegsFile 
*          1    00006ae0    00000020     UNINITIALIZED
                  00006ae0    00000020     DSP2803x_GlobalVariableDefs.obj (HRCap2RegsFile)

EQep1RegsFile 
*          1    00006b00    00000040     UNINITIALIZED
                  00006b00    00000040     DSP2803x_GlobalVariableDefs.obj (EQep1RegsFile)

LinaRegsFile 
*          1    00006c00    0000004a     UNINITIALIZED
                  00006c00    0000004a     DSP2803x_GlobalVariableDefs.obj (LinaRegsFile)

GpioCtrlRegsFile 
*          1    00006f80    00000040     UNINITIALIZED
                  00006f80    00000040     DSP2803x_GlobalVariableDefs.obj (GpioCtrlRegsFile)

GpioDataRegsFile 
*          1    00006fc0    00000020     UNINITIALIZED
                  00006fc0    00000020     DSP2803x_GlobalVariableDefs.obj (GpioDataRegsFile)

GpioIntRegsFile 
*          1    00006fe0    0000000c     UNINITIALIZED
                  00006fe0    0000000c     DSP2803x_GlobalVariableDefs.obj (GpioIntRegsFile)

SysCtrlRegsFile 
*          1    00007010    00000020     UNINITIALIZED
                  00007010    00000020     DSP2803x_GlobalVariableDefs.obj (SysCtrlRegsFile)

SpiaRegsFile 
*          1    00007040    00000010     UNINITIALIZED
                  00007040    00000010     DSP2803x_GlobalVariableDefs.obj (SpiaRegsFile)

SciaRegsFile 
*          1    00007050    00000010     UNINITIALIZED
                  00007050    00000010     DSP2803x_GlobalVariableDefs.obj (SciaRegsFile)

NmiIntruptRegsFile 
*          1    00007060    00000010     UNINITIALIZED
                  00007060    00000010     DSP2803x_GlobalVariableDefs.obj (NmiIntruptRegsFile)

XIntruptRegsFile 
*          1    00007070    00000010     UNINITIALIZED
                  00007070    00000010     DSP2803x_GlobalVariableDefs.obj (XIntruptRegsFile)

AdcRegsFile 
*          1    00007100    00000050     UNINITIALIZED
                  00007100    00000050     DSP2803x_GlobalVariableDefs.obj (AdcRegsFile)

SpibRegsFile 
*          1    00007740    00000010     UNINITIALIZED
                  00007740    00000010     DSP2803x_GlobalVariableDefs.obj (SpibRegsFile)

I2caRegsFile 
*          1    00007900    00000022     UNINITIALIZED
                  00007900    00000022     DSP2803x_GlobalVariableDefs.obj (I2caRegsFile)

.ebss      1    00008c00    00000226     UNINITIALIZED
                  00008c00    00000148     my_HRCap_Seuffer_Blank.obj (.ebss)
                  00008d48    0000002a     HCCal_Type0_V1.lib : HCCal_Type0.obj (.ebss)
                  00008d72    0000000e     host_interface.obj (.ebss)
                  00008d80    00000060     main_level.obj (.ebss)
                  00008de0    00000004     rts2800_ml.lib : _lock.obj (.ebss)
                  00008de4    00000004                    : exit.obj (.ebss)
                  00008de8    00000018     --HOLE--
                  00008e00    00000026     state_machine.obj (.ebss)

PartIdRegsFile 
*          1    003d7e80    00000001     UNINITIALIZED
                  003d7e80    00000001     DSP2803x_GlobalVariableDefs.obj (PartIdRegsFile)

CsmPwlFile 
*          1    003f7ff8    00000008     UNINITIALIZED
                  003f7ff8    00000008     DSP2803x_GlobalVariableDefs.obj (CsmPwlFile)


GLOBAL DATA SYMBOLS: SORTED BY DATA PAGE

address     data page           name
--------    ----------------    ----
00000050       1 (00000040)     __stack

00000880      22 (00000880)     _DevEmuRegs

00000985      26 (00000980)     _SysPwrCtrlRegs

00000a80      2a (00000a80)     _FlashRegs

00000ae0      2b (00000ac0)     _CsmRegs

00000b00      2c (00000b00)     _AdcResult

00000c00      30 (00000c00)     _CpuTimer0Regs
00000c08      30 (00000c00)     _CpuTimer1Regs
00000c10      30 (00000c00)     _CpuTimer2Regs

00000ce0      33 (00000cc0)     _PieCtrlRegs

00000d00      34 (00000d00)     _EmuKey
00000d00      34 (00000d00)     _PieVectTable
00000d01      34 (00000d00)     _EmuBMode
00000d02      34 (00000d00)     _Flash_CallbackPtr
00000d04      34 (00000d00)     _Flash_CPUScaleFactor

00001400      50 (00001400)     _Cla1Regs

00006000     180 (00006000)     _ECanaRegs

00006040     181 (00006040)     _ECanaLAMRegs

00006080     182 (00006080)     _ECanaMOTSRegs

000060c0     183 (000060c0)     _ECanaMOTORegs

00006100     184 (00006100)     _ECanaMboxes

00006400     190 (00006400)     _Comp1Regs
00006420     190 (00006400)     _Comp2Regs

00006440     191 (00006440)     _Comp3Regs

00006800     1a0 (00006800)     _EPwm1Regs

00006840     1a1 (00006840)     _EPwm2Regs

00006880     1a2 (00006880)     _EPwm3Regs

000068c0     1a3 (000068c0)     _EPwm4Regs

00006900     1a4 (00006900)     _EPwm5Regs

00006940     1a5 (00006940)     _EPwm6Regs

00006980     1a6 (00006980)     _EPwm7Regs

00006a00     1a8 (00006a00)     _ECap1Regs

00006ac0     1ab (00006ac0)     _HRCap1Regs
00006ae0     1ab (00006ac0)     _HRCap2Regs

00006b00     1ac (00006b00)     _EQep1Regs

00006c00     1b0 (00006c00)     _LinaRegs

00006f80     1be (00006f80)     _GpioCtrlRegs

00006fc0     1bf (00006fc0)     _GpioDataRegs
00006fe0     1bf (00006fc0)     _GpioIntRegs

00007010     1c0 (00007000)     _SysCtrlRegs

00007040     1c1 (00007040)     _SpiaRegs
00007050     1c1 (00007040)     _SciaRegs
00007060     1c1 (00007040)     _NmiIntruptRegs
00007070     1c1 (00007040)     _XIntruptRegs

00007100     1c4 (00007100)     _AdcRegs

00007740     1dd (00007740)     _SpibRegs

00007900     1e4 (00007900)     _I2caRegs

00008c00     230 (00008c00)     _new_overflow_flag
00008c01     230 (00008c00)     _array_index
00008c02     230 (00008c00)     _pulse_array_updated
00008c03     230 (00008c00)     _FIRST_PULSE_WIDTH
00008c04     230 (00008c00)     _start_flag
00008c05     230 (00008c00)     _start_avg
00008c06     230 (00008c00)     _overflow_count
00008c07     230 (00008c00)     _save_ovflow_count
00008c08     230 (00008c00)     _start_cap
00008c09     230 (00008c00)     _datacounter
00008c0a     230 (00008c00)     _counter
00008c0b     230 (00008c00)     _first
00008c0c     230 (00008c00)     _pulseWidth0
00008c0e     230 (00008c00)     _total_counter
00008c10     230 (00008c00)     _good_counter
00008c12     230 (00008c00)     _error_counter
00008c14     230 (00008c00)     _OFFSET_ADJ
00008c16     230 (00008c00)     _pulseWidth1
00008c18     230 (00008c00)     _HRCAP
00008c1e     230 (00008c00)     _pulsewidthhigh
00008c28     230 (00008c00)     _pulsewidthlow
00008c32     230 (00008c00)     _periodwidthrise

00008c40     231 (00008c40)     _periodwidth

00008c80     232 (00008c80)     _highpulse

00008d4e     235 (00008d40)     _MAX
00008d57     235 (00008d40)     _MIN
00008d60     235 (00008d40)     _ONEHCSYNCCLK
00008d72     235 (00008d40)     _timer_trigger_freq
00008d73     235 (00008d40)     _LMP91400_address
00008d74     235 (00008d40)     _generate_software_reset
00008d75     235 (00008d40)     _count_per_temp
00008d76     235 (00008d40)     _reg_local_copy

00008d80     236 (00008d80)     _interleaved_temp_measure
00008d81     236 (00008d80)     _temp_measure_state
00008d82     236 (00008d80)     _level_demo_relay_control
00008d83     236 (00008d80)     _measure_one_temp
00008d84     236 (00008d80)     _single_shot_measure_state
00008d85     236 (00008d80)     _tof_graph_state
00008d86     236 (00008d80)     _continuous_trigger_state
00008d87     236 (00008d80)     _number_of_stops_received
00008d88     236 (00008d80)     _reg0
00008d89     236 (00008d80)     _reg1
00008d8a     236 (00008d80)     _start_relay_first_time
00008d8b     236 (00008d80)     _relay_pin_high_count
00008d8c     236 (00008d80)     _relay_pin_state
00008d8d     236 (00008d80)     _cmdResponseString

00008dc0     237 (00008dc0)     _msg_out
00008de0     237 (00008dc0)     __unlock
00008de2     237 (00008dc0)     __lock
00008de4     237 (00008dc0)     ___TI_cleanup_ptr
00008de6     237 (00008dc0)     ___TI_dtors_ptr

00008e00     238 (00008e00)     _TDC1000_HV_Driver_Enable1_Period
00008e01     238 (00008e00)     _TDC1000_HV_Driver_Enable2
00008e02     238 (00008e00)     _TDC1000_HV_Driver_Enable2_Period
00008e03     238 (00008e00)     _c_task_data2host_pending
00008e04     238 (00008e00)     _c_task_timeout
00008e05     238 (00008e00)     _nsamp_done
00008e06     238 (00008e00)     _Recalculate_avg
00008e07     238 (00008e00)     _TDC1000_HV_Driver_Enable1
00008e08     238 (00008e00)     _avg_index
00008e0a     238 (00008e00)     _B_Task_Ptr
00008e0c     238 (00008e00)     _C_Task_Ptr
00008e0e     238 (00008e00)     _Alpha_State_Ptr
00008e10     238 (00008e00)     _A_Task_Ptr
00008e12     238 (00008e00)     _Upper_Limit
00008e14     238 (00008e00)     _Lower_Limit
00008e16     238 (00008e00)     _Avg_Cap
00008e18     238 (00008e00)     _temp_avg
00008e1a     238 (00008e00)     _VTimer1
00008e1e     238 (00008e00)     _VTimer0
00008e22     238 (00008e00)     _VTimer2

003d7e80    f5fa (003d7e80)     _PartIdRegs

003f711a    fdc4 (003f7100)     _PieVectTableInit

003f7ff8    fdff (003f7fc0)     _CsmPwl


GLOBAL SYMBOLS: SORTED ALPHABETICALLY BY Name 

address    name
--------   ----
003f6000   .text
003f70f0   C$$EXIT
003f6697   _A0
003f66da   _A1
003f687d   _ADCINT1_ISR
003f6882   _ADCINT2_ISR
003f6936   _ADCINT3_ISR
003f693b   _ADCINT4_ISR
003f6940   _ADCINT5_ISR
003f6945   _ADCINT6_ISR
003f694a   _ADCINT7_ISR
003f694f   _ADCINT8_ISR
003f6891   _ADCINT9_ISR
00008e10   _A_Task_Ptr
00007100   _AdcRegs
00000b00   _AdcResult
00008e0e   _Alpha_State_Ptr
00008e16   _Avg_Cap
003f66ad   _B0
003f66e0   _B1
00008e0a   _B_Task_Ptr
003f66c4   _C0
003f66fa   _C1
003f6954   _CLA1_INT1_ISR
003f6959   _CLA1_INT2_ISR
003f695e   _CLA1_INT3_ISR
003f6963   _CLA1_INT4_ISR
003f6968   _CLA1_INT5_ISR
003f696d   _CLA1_INT6_ISR
003f6972   _CLA1_INT7_ISR
003f6977   _CLA1_INT8_ISR
00008e0c   _C_Task_Ptr
00001400   _Cla1Regs
00006400   _Comp1Regs
00006420   _Comp2Regs
00006440   _Comp3Regs
00000c00   _CpuTimer0Regs
00000c08   _CpuTimer1Regs
00000c10   _CpuTimer2Regs
003f7ff8   _CsmPwl
00000ae0   _CsmRegs
003f6bcb   _CsmUnlock
003f6828   _DATALOG_ISR
0000801b   _DSP28x_usDelay
00000880   _DevEmuRegs
003f6b37   _DisableDog
003f692c   _ECAN0INTA_ISR
003f6931   _ECAN1INTA_ISR
003f68e6   _ECAP1_INT_ISR
00006040   _ECanaLAMRegs
000060c0   _ECanaMOTORegs
00006080   _ECanaMOTSRegs
00006100   _ECanaMboxes
00006000   _ECanaRegs
00006a00   _ECap1Regs
003f698b   _EMPTY_ISR
003f6832   _EMUINT_ISR
003f68c3   _EPWM1_INT_ISR
003f68a0   _EPWM1_TZINT_ISR
003f68c8   _EPWM2_INT_ISR
003f68a5   _EPWM2_TZINT_ISR
003f68cd   _EPWM3_INT_ISR
003f68aa   _EPWM3_TZINT_ISR
003f68d2   _EPWM4_INT_ISR
003f68af   _EPWM4_TZINT_ISR
003f68d7   _EPWM5_INT_ISR
003f68b4   _EPWM5_TZINT_ISR
003f68dc   _EPWM6_INT_ISR
003f68b9   _EPWM6_TZINT_ISR
003f68e1   _EPWM7_INT_ISR
003f68be   _EPWM7_TZINT_ISR
00006800   _EPwm1Regs
00006840   _EPwm2Regs
00006880   _EPwm3Regs
000068c0   _EPwm4Regs
00006900   _EPwm5Regs
00006940   _EPwm6Regs
00006980   _EPwm7Regs
003f68f5   _EQEP1_INT_ISR
00006b00   _EQep1Regs
00000d01   _EmuBMode
00000d00   _EmuKey
003f7057   _EnableInterrupts
003f63ff   _Example_MemCopy
003f6c34   _ExtOscSel
00008c03   _FIRST_PULSE_WIDTH
00000a80   _FlashRegs
00000d04   _Flash_CPUScaleFactor
00000d02   _Flash_CallbackPtr
00006f80   _GpioCtrlRegs
00006fc0   _GpioDataRegs
00006fe0   _GpioIntRegs
00008c18   _HRCAP
003f68eb   _HRCAP1_INT_ISR
003f6cda   _HRCAP2_Config
003f68f0   _HRCAP2_INT_ISR
003f6e9b   _HRCAP2_Isr
003f699a   _HRCAP_Cal
00006ac0   _HRCap1Regs
00006ae0   _HRCap2Regs
003f6c4a   _HRPWM1_Config
003f6a94   _HRPWM_Config
003f6e29   _HighPulseWidth0
003f6e44   _HighPulseWidth1
003f690e   _I2CINT1A_ISR
003f6913   _I2CINT2A_ISR
00007900   _I2caRegs
003f683c   _ILLEGAL_ISR
003f681e   _INT13_ISR
003f6823   _INT14_ISR
003f6d42   _InitEPwm
003f6d52   _InitEPwm1Gpio
003f6d64   _InitEPwm2Gpio
003f6d76   _InitEPwm3Gpio
003f6d8a   _InitEPwm4Gpio
003f6d9e   _InitEPwm5Gpio
003f6db0   _InitEPwm6Gpio
003f6dc2   _InitEPwm7Gpio
003f6d43   _InitEPwmGpio
003f6dd4   _InitEPwmSyncGpio
00008000   _InitFlash
003f7085   _InitHRCap
003f7089   _InitHRCap1Gpio
003f7097   _InitHRCap2Gpio
003f7086   _InitHRCapGpio
003f6b8f   _InitPeripheralClocks
003f7038   _InitPieCtrl
003f7060   _InitPieVectTable
003f6b3f   _InitPll
003f70a3   _InitSci
003f70a4   _InitSciGpio
003f70a7   _InitSciaGpio
003f6f29   _InitSpi
003f6f2a   _InitSpiGpio
003f6f2f   _InitSpiaGpio
003f6f55   _InitSpibGpio
003f6b13   _InitSysCtrl
003f6d06   _InitSysCtrl_ExtOsc
003f6cec   _InitSysCtrl_xtal
003f6de5   _InitTzGpio
003f6bfc   _IntOsc1Sel
003f6c0c   _IntOsc2Sel
003f6922   _LIN0INTA_ISR
003f6927   _LIN1INTA_ISR
00008d73   _LMP91400_address
003f6986   _LUF_ISR
003f6981   _LVF_ISR
00006c00   _LinaRegs
003f6e0e   _LowPulseWidth0
00008e14   _Lower_Limit
00008d4e   _MAX
00008d57   _MIN
003f6837   _NMI_ISR
00007060   _NmiIntruptRegs
00008c14   _OFFSET_ADJ
00008d60   _ONEHCSYNCCLK
003f6990   _PIE_RESERVED
003f6c87   _PWM2_Config
003d7e80   _PartIdRegs
003f6e7d   _PeriodWidthFall0
003f6e5f   _PeriodWidthRise0
00000ce0   _PieCtrlRegs
00000d00   _PieVectTable
003f711a   _PieVectTableInit
003f6e06   _Q24divtoQ16
003f682d   _RTOSINT_ISR
003f001f   _RamfuncsLoadEnd
003f0000   _RamfuncsLoadStart
00008000   _RamfuncsRunStart
00008e06   _Recalculate_avg
003f6918   _SCIRXINTA_ISR
003f691d   _SCITXINTA_ISR
003f68fa   _SPIRXINTA_ISR
003f6904   _SPIRXINTB_ISR
003f68ff   _SPITXINTA_ISR
003f6909   _SPITXINTB_ISR
00007050   _SciaRegs
003f6b2d   _ServiceDog
00007040   _SpiaRegs
00007740   _SpibRegs
00007010   _SysCtrlRegs
00000985   _SysPwrCtrlRegs
00008e07   _TDC1000_HV_Driver_Enable1
00008e00   _TDC1000_HV_Driver_Enable1_Period
00008e01   _TDC1000_HV_Driver_Enable2
00008e02   _TDC1000_HV_Driver_Enable2_Period
003f6896   _TINT0_ISR
003f6f8a   _TI_LMP91400_SPIReadReg
003f6f73   _TI_LMP91400_SPIWriteReg
003f63d0   _TI_LMP91400_reg_init
003f686e   _USER10_ISR
003f6873   _USER11_ISR
003f6878   _USER12_ISR
003f6841   _USER1_ISR
003f6846   _USER2_ISR
003f684b   _USER3_ISR
003f6850   _USER4_ISR
003f6855   _USER5_ISR
003f685a   _USER6_ISR
003f685f   _USER7_ISR
003f6864   _USER8_ISR
003f6869   _USER9_ISR
00008e12   _Upper_Limit
00008e1e   _VTimer0
00008e1a   _VTimer1
00008e22   _VTimer2
003f689b   _WAKEINT_ISR
003f6807   _Wait
003f6887   _XINT1_ISR
003f688c   _XINT2_ISR
003f697c   _XINT3_ISR
00007070   _XIntruptRegs
003f6c20   _XtalOscSel
00000350   __STACK_END
00000300   __STACK_SIZE
00000001   __TI_args_main
00008de4   ___TI_cleanup_ptr
00008de6   ___TI_dtors_ptr
ffffffff   ___binit__
ffffffff   ___c_args__
003f721a   ___cinit__
003f711a   ___etext__
ffffffff   ___pinit__
003f6000   ___text__
003f70d7   __args_main
00008de2   __lock
003f7111   __nop
003f710d   __register_lock
003f7109   __register_unlock
00000050   __stack
00008de0   __unlock
003f70f0   _abort
00008c01   _array_index
00008e08   _avg_index
003f6fbc   _c_int00
00008e03   _c_task_data2host_pending
00008e04   _c_task_timeout
003f667f   _char2nibble
00008d8d   _cmdResponseString
00008d86   _continuous_trigger_state
00008d75   _count_per_temp
00008c0a   _counter
00008c09   _datacounter
003f63f9   _error
00008c12   _error_counter
003f70f2   _exit
00008c0b   _first
00008d74   _generate_software_reset
00008c10   _good_counter
003f6414   _handleHostCommand
003f667a   _handle_reInit
00008c80   _highpulse
003f6d20   _hrcap_pwm_init
00008d80   _interleaved_temp_measure
00008d82   _level_demo_relay_control
003f6000   _main
00008d83   _measure_one_temp
00008dc0   _msg_out
00008c00   _new_overflow_flag
00008e05   _nsamp_done
00008d87   _number_of_stops_received
00008c06   _overflow_count
00008c40   _periodwidth
00008c32   _periodwidthrise
00008c0c   _pulseWidth0
00008c16   _pulseWidth1
00008c02   _pulse_array_updated
00008c1e   _pulsewidthhigh
00008c28   _pulsewidthlow
00008d88   _reg0
00008d89   _reg1
00008d76   _reg_local_copy
00008d8b   _relay_pin_high_count
00008d8c   _relay_pin_state
003f6995   _rsvd_ISR
00008c07   _save_ovflow_count
003f7030   _scia_fifo_init
003f7000   _scia_init
003f701c   _scia_msg
003f7010   _scia_xmit
00008d84   _single_shot_measure_state
003f6fb4   _spi_fifo_init
003f6fa7   _spi_init
003f6fa0   _spi_xmit
00008c05   _start_avg
00008c08   _start_cap
00008c04   _start_flag
00008d8a   _start_relay_first_time
003f67e1   _state_machine_task_timing_init
00008e18   _temp_avg
00008d81   _temp_measure_state
00008d72   _timer_trigger_freq
00008d85   _tof_graph_state
00008c0e   _total_counter
003f70bd   _xint1_isr
ffffffff   binit
003f721a   cinit
003f7ff6   code_start
003f711a   etext
ffffffff   pinit


GLOBAL SYMBOLS: SORTED BY Symbol Address 

address    name
--------   ----
00000001   __TI_args_main
00000050   __stack
00000300   __STACK_SIZE
00000350   __STACK_END
00000880   _DevEmuRegs
00000985   _SysPwrCtrlRegs
00000a80   _FlashRegs
00000ae0   _CsmRegs
00000b00   _AdcResult
00000c00   _CpuTimer0Regs
00000c08   _CpuTimer1Regs
00000c10   _CpuTimer2Regs
00000ce0   _PieCtrlRegs
00000d00   _EmuKey
00000d00   _PieVectTable
00000d01   _EmuBMode
00000d02   _Flash_CallbackPtr
00000d04   _Flash_CPUScaleFactor
00001400   _Cla1Regs
00006000   _ECanaRegs
00006040   _ECanaLAMRegs
00006080   _ECanaMOTSRegs
000060c0   _ECanaMOTORegs
00006100   _ECanaMboxes
00006400   _Comp1Regs
00006420   _Comp2Regs
00006440   _Comp3Regs
00006800   _EPwm1Regs
00006840   _EPwm2Regs
00006880   _EPwm3Regs
000068c0   _EPwm4Regs
00006900   _EPwm5Regs
00006940   _EPwm6Regs
00006980   _EPwm7Regs
00006a00   _ECap1Regs
00006ac0   _HRCap1Regs
00006ae0   _HRCap2Regs
00006b00   _EQep1Regs
00006c00   _LinaRegs
00006f80   _GpioCtrlRegs
00006fc0   _GpioDataRegs
00006fe0   _GpioIntRegs
00007010   _SysCtrlRegs
00007040   _SpiaRegs
00007050   _SciaRegs
00007060   _NmiIntruptRegs
00007070   _XIntruptRegs
00007100   _AdcRegs
00007740   _SpibRegs
00007900   _I2caRegs
00008000   _InitFlash
00008000   _RamfuncsRunStart
0000801b   _DSP28x_usDelay
00008c00   _new_overflow_flag
00008c01   _array_index
00008c02   _pulse_array_updated
00008c03   _FIRST_PULSE_WIDTH
00008c04   _start_flag
00008c05   _start_avg
00008c06   _overflow_count
00008c07   _save_ovflow_count
00008c08   _start_cap
00008c09   _datacounter
00008c0a   _counter
00008c0b   _first
00008c0c   _pulseWidth0
00008c0e   _total_counter
00008c10   _good_counter
00008c12   _error_counter
00008c14   _OFFSET_ADJ
00008c16   _pulseWidth1
00008c18   _HRCAP
00008c1e   _pulsewidthhigh
00008c28   _pulsewidthlow
00008c32   _periodwidthrise
00008c40   _periodwidth
00008c80   _highpulse
00008d4e   _MAX
00008d57   _MIN
00008d60   _ONEHCSYNCCLK
00008d72   _timer_trigger_freq
00008d73   _LMP91400_address
00008d74   _generate_software_reset
00008d75   _count_per_temp
00008d76   _reg_local_copy
00008d80   _interleaved_temp_measure
00008d81   _temp_measure_state
00008d82   _level_demo_relay_control
00008d83   _measure_one_temp
00008d84   _single_shot_measure_state
00008d85   _tof_graph_state
00008d86   _continuous_trigger_state
00008d87   _number_of_stops_received
00008d88   _reg0
00008d89   _reg1
00008d8a   _start_relay_first_time
00008d8b   _relay_pin_high_count
00008d8c   _relay_pin_state
00008d8d   _cmdResponseString
00008dc0   _msg_out
00008de0   __unlock
00008de2   __lock
00008de4   ___TI_cleanup_ptr
00008de6   ___TI_dtors_ptr
00008e00   _TDC1000_HV_Driver_Enable1_Period
00008e01   _TDC1000_HV_Driver_Enable2
00008e02   _TDC1000_HV_Driver_Enable2_Period
00008e03   _c_task_data2host_pending
00008e04   _c_task_timeout
00008e05   _nsamp_done
00008e06   _Recalculate_avg
00008e07   _TDC1000_HV_Driver_Enable1
00008e08   _avg_index
00008e0a   _B_Task_Ptr
00008e0c   _C_Task_Ptr
00008e0e   _Alpha_State_Ptr
00008e10   _A_Task_Ptr
00008e12   _Upper_Limit
00008e14   _Lower_Limit
00008e16   _Avg_Cap
00008e18   _temp_avg
00008e1a   _VTimer1
00008e1e   _VTimer0
00008e22   _VTimer2
003d7e80   _PartIdRegs
003f0000   _RamfuncsLoadStart
003f001f   _RamfuncsLoadEnd
003f6000   .text
003f6000   ___text__
003f6000   _main
003f63d0   _TI_LMP91400_reg_init
003f63f9   _error
003f63ff   _Example_MemCopy
003f6414   _handleHostCommand
003f667a   _handle_reInit
003f667f   _char2nibble
003f6697   _A0
003f66ad   _B0
003f66c4   _C0
003f66da   _A1
003f66e0   _B1
003f66fa   _C1
003f67e1   _state_machine_task_timing_init
003f6807   _Wait
003f681e   _INT13_ISR
003f6823   _INT14_ISR
003f6828   _DATALOG_ISR
003f682d   _RTOSINT_ISR
003f6832   _EMUINT_ISR
003f6837   _NMI_ISR
003f683c   _ILLEGAL_ISR
003f6841   _USER1_ISR
003f6846   _USER2_ISR
003f684b   _USER3_ISR
003f6850   _USER4_ISR
003f6855   _USER5_ISR
003f685a   _USER6_ISR
003f685f   _USER7_ISR
003f6864   _USER8_ISR
003f6869   _USER9_ISR
003f686e   _USER10_ISR
003f6873   _USER11_ISR
003f6878   _USER12_ISR
003f687d   _ADCINT1_ISR
003f6882   _ADCINT2_ISR
003f6887   _XINT1_ISR
003f688c   _XINT2_ISR
003f6891   _ADCINT9_ISR
003f6896   _TINT0_ISR
003f689b   _WAKEINT_ISR
003f68a0   _EPWM1_TZINT_ISR
003f68a5   _EPWM2_TZINT_ISR
003f68aa   _EPWM3_TZINT_ISR
003f68af   _EPWM4_TZINT_ISR
003f68b4   _EPWM5_TZINT_ISR
003f68b9   _EPWM6_TZINT_ISR
003f68be   _EPWM7_TZINT_ISR
003f68c3   _EPWM1_INT_ISR
003f68c8   _EPWM2_INT_ISR
003f68cd   _EPWM3_INT_ISR
003f68d2   _EPWM4_INT_ISR
003f68d7   _EPWM5_INT_ISR
003f68dc   _EPWM6_INT_ISR
003f68e1   _EPWM7_INT_ISR
003f68e6   _ECAP1_INT_ISR
003f68eb   _HRCAP1_INT_ISR
003f68f0   _HRCAP2_INT_ISR
003f68f5   _EQEP1_INT_ISR
003f68fa   _SPIRXINTA_ISR
003f68ff   _SPITXINTA_ISR
003f6904   _SPIRXINTB_ISR
003f6909   _SPITXINTB_ISR
003f690e   _I2CINT1A_ISR
003f6913   _I2CINT2A_ISR
003f6918   _SCIRXINTA_ISR
003f691d   _SCITXINTA_ISR
003f6922   _LIN0INTA_ISR
003f6927   _LIN1INTA_ISR
003f692c   _ECAN0INTA_ISR
003f6931   _ECAN1INTA_ISR
003f6936   _ADCINT3_ISR
003f693b   _ADCINT4_ISR
003f6940   _ADCINT5_ISR
003f6945   _ADCINT6_ISR
003f694a   _ADCINT7_ISR
003f694f   _ADCINT8_ISR
003f6954   _CLA1_INT1_ISR
003f6959   _CLA1_INT2_ISR
003f695e   _CLA1_INT3_ISR
003f6963   _CLA1_INT4_ISR
003f6968   _CLA1_INT5_ISR
003f696d   _CLA1_INT6_ISR
003f6972   _CLA1_INT7_ISR
003f6977   _CLA1_INT8_ISR
003f697c   _XINT3_ISR
003f6981   _LVF_ISR
003f6986   _LUF_ISR
003f698b   _EMPTY_ISR
003f6990   _PIE_RESERVED
003f6995   _rsvd_ISR
003f699a   _HRCAP_Cal
003f6a94   _HRPWM_Config
003f6b13   _InitSysCtrl
003f6b2d   _ServiceDog
003f6b37   _DisableDog
003f6b3f   _InitPll
003f6b8f   _InitPeripheralClocks
003f6bcb   _CsmUnlock
003f6bfc   _IntOsc1Sel
003f6c0c   _IntOsc2Sel
003f6c20   _XtalOscSel
003f6c34   _ExtOscSel
003f6c4a   _HRPWM1_Config
003f6c87   _PWM2_Config
003f6cda   _HRCAP2_Config
003f6cec   _InitSysCtrl_xtal
003f6d06   _InitSysCtrl_ExtOsc
003f6d20   _hrcap_pwm_init
003f6d42   _InitEPwm
003f6d43   _InitEPwmGpio
003f6d52   _InitEPwm1Gpio
003f6d64   _InitEPwm2Gpio
003f6d76   _InitEPwm3Gpio
003f6d8a   _InitEPwm4Gpio
003f6d9e   _InitEPwm5Gpio
003f6db0   _InitEPwm6Gpio
003f6dc2   _InitEPwm7Gpio
003f6dd4   _InitEPwmSyncGpio
003f6de5   _InitTzGpio
003f6e06   _Q24divtoQ16
003f6e0e   _LowPulseWidth0
003f6e29   _HighPulseWidth0
003f6e44   _HighPulseWidth1
003f6e5f   _PeriodWidthRise0
003f6e7d   _PeriodWidthFall0
003f6e9b   _HRCAP2_Isr
003f6f29   _InitSpi
003f6f2a   _InitSpiGpio
003f6f2f   _InitSpiaGpio
003f6f55   _InitSpibGpio
003f6f73   _TI_LMP91400_SPIWriteReg
003f6f8a   _TI_LMP91400_SPIReadReg
003f6fa0   _spi_xmit
003f6fa7   _spi_init
003f6fb4   _spi_fifo_init
003f6fbc   _c_int00
003f7000   _scia_init
003f7010   _scia_xmit
003f701c   _scia_msg
003f7030   _scia_fifo_init
003f7038   _InitPieCtrl
003f7057   _EnableInterrupts
003f7060   _InitPieVectTable
003f7085   _InitHRCap
003f7086   _InitHRCapGpio
003f7089   _InitHRCap1Gpio
003f7097   _InitHRCap2Gpio
003f70a3   _InitSci
003f70a4   _InitSciGpio
003f70a7   _InitSciaGpio
003f70bd   _xint1_isr
003f70d7   __args_main
003f70f0   C$$EXIT
003f70f0   _abort
003f70f2   _exit
003f7109   __register_unlock
003f710d   __register_lock
003f7111   __nop
003f711a   _PieVectTableInit
003f711a   ___etext__
003f711a   etext
003f721a   ___cinit__
003f721a   cinit
003f7ff6   code_start
003f7ff8   _CsmPwl
ffffffff   ___binit__
ffffffff   ___c_args__
ffffffff   ___pinit__
ffffffff   binit
ffffffff   pinit

[300 symbols]
