<?xml version="1.0"?>
<link_info>
   <banner>TMS320C2000 Linker PC v6.2.4</banner>
   <copyright>Copyright (c) 1996-2013 Texas Instruments Incorporated</copyright>
   <link_time>0x547d1439</link_time>
   <link_errors>0x0</link_errors>
   <output_file>TDC1000_level_PC_Commn.out</output_file>
   <entry_point>
      <name>_c_int00</name>
      <address>0x3f6fbc</address>
   </entry_point>
   <input_file_list>
      <input_file id="fl-2">
         <path>.\</path>
         <kind>object</kind>
         <file>state_machine.obj</file>
         <name>state_machine.obj</name>
      </input_file>
      <input_file id="fl-3">
         <path>.\</path>
         <kind>object</kind>
         <file>my_HRCap_Seuffer_Blank.obj</file>
         <name>my_HRCap_Seuffer_Blank.obj</name>
      </input_file>
      <input_file id="fl-4">
         <path>.\</path>
         <kind>object</kind>
         <file>my_2803xSci_Echoback.obj</file>
         <name>my_2803xSci_Echoback.obj</name>
      </input_file>
      <input_file id="fl-5">
         <path>.\</path>
         <kind>object</kind>
         <file>main_level.obj</file>
         <name>main_level.obj</name>
      </input_file>
      <input_file id="fl-6">
         <path>.\</path>
         <kind>object</kind>
         <file>lmp91400_spi.obj</file>
         <name>lmp91400_spi.obj</name>
      </input_file>
      <input_file id="fl-7">
         <path>.\</path>
         <kind>object</kind>
         <file>host_interface.obj</file>
         <name>host_interface.obj</name>
      </input_file>
      <input_file id="fl-8">
         <path>.\</path>
         <kind>object</kind>
         <file>DSP2803x_usDelay.obj</file>
         <name>DSP2803x_usDelay.obj</name>
      </input_file>
      <input_file id="fl-9">
         <path>.\</path>
         <kind>object</kind>
         <file>DSP2803x_SysCtrl.obj</file>
         <name>DSP2803x_SysCtrl.obj</name>
      </input_file>
      <input_file id="fl-a">
         <path>.\</path>
         <kind>object</kind>
         <file>DSP2803x_Spi.obj</file>
         <name>DSP2803x_Spi.obj</name>
      </input_file>
      <input_file id="fl-b">
         <path>.\</path>
         <kind>object</kind>
         <file>DSP2803x_Sci.obj</file>
         <name>DSP2803x_Sci.obj</name>
      </input_file>
      <input_file id="fl-c">
         <path>.\</path>
         <kind>object</kind>
         <file>DSP2803x_PieVect.obj</file>
         <name>DSP2803x_PieVect.obj</name>
      </input_file>
      <input_file id="fl-d">
         <path>.\</path>
         <kind>object</kind>
         <file>DSP2803x_PieCtrl.obj</file>
         <name>DSP2803x_PieCtrl.obj</name>
      </input_file>
      <input_file id="fl-e">
         <path>.\</path>
         <kind>object</kind>
         <file>DSP2803x_HRCap.obj</file>
         <name>DSP2803x_HRCap.obj</name>
      </input_file>
      <input_file id="fl-f">
         <path>.\</path>
         <kind>object</kind>
         <file>DSP2803x_GlobalVariableDefs.obj</file>
         <name>DSP2803x_GlobalVariableDefs.obj</name>
      </input_file>
      <input_file id="fl-10">
         <path>.\</path>
         <kind>object</kind>
         <file>DSP2803x_EPwm.obj</file>
         <name>DSP2803x_EPwm.obj</name>
      </input_file>
      <input_file id="fl-11">
         <path>.\</path>
         <kind>object</kind>
         <file>DSP2803x_DefaultIsr.obj</file>
         <name>DSP2803x_DefaultIsr.obj</name>
      </input_file>
      <input_file id="fl-12">
         <path>.\</path>
         <kind>object</kind>
         <file>DSP2803x_CodeStartBranch.obj</file>
         <name>DSP2803x_CodeStartBranch.obj</name>
      </input_file>
      <input_file id="fl-19">
         <path>C:\Users\a0415888\Documents\pwd\GIT_REPOS\C2000\c2000_lmp91400\libs\utilities\hrcap_hccal\type0\v110\lib\</path>
         <kind>archive</kind>
         <file>HCCal_Type0_V1.lib</file>
         <name>HCCal_Type0_Funcs.obj</name>
      </input_file>
      <input_file id="fl-1a">
         <path>C:\Users\a0415888\Documents\pwd\GIT_REPOS\C2000\c2000_lmp91400\libs\utilities\hrcap_hccal\type0\v110\lib\</path>
         <kind>archive</kind>
         <file>HCCal_Type0_V1.lib</file>
         <name>HCCal_Type0.obj</name>
      </input_file>
      <input_file id="fl-1b">
         <path>C:\ti\ccsv5\tools\compiler\c2000_6.2.4\lib\</path>
         <kind>archive</kind>
         <file>rts2800_ml.lib</file>
         <name>boot.obj</name>
      </input_file>
      <input_file id="fl-1c">
         <path>C:\ti\ccsv5\tools\compiler\c2000_6.2.4\lib\</path>
         <kind>archive</kind>
         <file>rts2800_ml.lib</file>
         <name>exit.obj</name>
      </input_file>
      <input_file id="fl-1d">
         <path>C:\ti\ccsv5\tools\compiler\c2000_6.2.4\lib\</path>
         <kind>archive</kind>
         <file>rts2800_ml.lib</file>
         <name>_lock.obj</name>
      </input_file>
      <input_file id="fl-1e">
         <path>C:\ti\ccsv5\tools\compiler\c2000_6.2.4\lib\</path>
         <kind>archive</kind>
         <file>rts2800_ml.lib</file>
         <name>args_main.obj</name>
      </input_file>
   </input_file_list>
   <object_component_list>
      <object_component id="oc-c0">
         <name>PieVectTableFile</name>
         <uninitialized>true</uninitialized>
         <run_address>0xd00</run_address>
         <size>0x100</size>
         <input_file_ref idref="fl-f"/>
      </object_component>
      <object_component id="oc-93">
         <name>EmuKeyVar</name>
         <uninitialized>true</uninitialized>
         <run_address>0xd00</run_address>
         <size>0x1</size>
         <input_file_ref idref="fl-f"/>
      </object_component>
      <object_component id="oc-92">
         <name>EmuBModeVar</name>
         <uninitialized>true</uninitialized>
         <run_address>0xd01</run_address>
         <size>0x1</size>
         <input_file_ref idref="fl-f"/>
      </object_component>
      <object_component id="oc-95">
         <name>FlashCallbackVar</name>
         <uninitialized>true</uninitialized>
         <run_address>0xd02</run_address>
         <size>0x2</size>
         <input_file_ref idref="fl-f"/>
      </object_component>
      <object_component id="oc-96">
         <name>FlashScalingVar</name>
         <uninitialized>true</uninitialized>
         <run_address>0xd04</run_address>
         <size>0x2</size>
         <input_file_ref idref="fl-f"/>
      </object_component>
      <object_component id="oc-98">
         <name>DevEmuRegsFile</name>
         <uninitialized>true</uninitialized>
         <run_address>0x880</run_address>
         <size>0x4</size>
         <input_file_ref idref="fl-f"/>
      </object_component>
      <object_component id="oc-97">
         <name>SysPwrCtrlRegsFile</name>
         <uninitialized>true</uninitialized>
         <run_address>0x985</run_address>
         <size>0x3</size>
         <input_file_ref idref="fl-f"/>
      </object_component>
      <object_component id="oc-99">
         <name>FlashRegsFile</name>
         <uninitialized>true</uninitialized>
         <run_address>0xa80</run_address>
         <size>0x8</size>
         <input_file_ref idref="fl-f"/>
      </object_component>
      <object_component id="oc-a4">
         <name>CsmRegsFile</name>
         <uninitialized>true</uninitialized>
         <run_address>0xae0</run_address>
         <size>0x10</size>
         <input_file_ref idref="fl-f"/>
      </object_component>
      <object_component id="oc-ae">
         <name>AdcResultFile</name>
         <uninitialized>true</uninitialized>
         <run_address>0xb00</run_address>
         <size>0x20</size>
         <input_file_ref idref="fl-f"/>
      </object_component>
      <object_component id="oc-9c">
         <name>CpuTimer0RegsFile</name>
         <uninitialized>true</uninitialized>
         <run_address>0xc00</run_address>
         <size>0x8</size>
         <input_file_ref idref="fl-f"/>
      </object_component>
      <object_component id="oc-9b">
         <name>CpuTimer1RegsFile</name>
         <uninitialized>true</uninitialized>
         <run_address>0xc08</run_address>
         <size>0x8</size>
         <input_file_ref idref="fl-f"/>
      </object_component>
      <object_component id="oc-9d">
         <name>CpuTimer2RegsFile</name>
         <uninitialized>true</uninitialized>
         <run_address>0xc10</run_address>
         <size>0x8</size>
         <input_file_ref idref="fl-f"/>
      </object_component>
      <object_component id="oc-a8">
         <name>PieCtrlRegsFile</name>
         <uninitialized>true</uninitialized>
         <run_address>0xce0</run_address>
         <size>0x1a</size>
         <input_file_ref idref="fl-f"/>
      </object_component>
      <object_component id="oc-b2">
         <name>Cla1RegsFile</name>
         <uninitialized>true</uninitialized>
         <run_address>0x1400</run_address>
         <size>0x40</size>
         <input_file_ref idref="fl-f"/>
      </object_component>
      <object_component id="oc-b0">
         <name>ECanaRegsFile</name>
         <uninitialized>true</uninitialized>
         <run_address>0x6000</run_address>
         <size>0x34</size>
         <input_file_ref idref="fl-f"/>
      </object_component>
      <object_component id="oc-b5">
         <name>ECanaLAMRegsFile</name>
         <uninitialized>true</uninitialized>
         <run_address>0x6040</run_address>
         <size>0x40</size>
         <input_file_ref idref="fl-f"/>
      </object_component>
      <object_component id="oc-c1">
         <name>ECanaMboxesFile</name>
         <uninitialized>true</uninitialized>
         <run_address>0x6100</run_address>
         <size>0x100</size>
         <input_file_ref idref="fl-f"/>
      </object_component>
      <object_component id="oc-b4">
         <name>ECanaMOTSRegsFile</name>
         <uninitialized>true</uninitialized>
         <run_address>0x6080</run_address>
         <size>0x40</size>
         <input_file_ref idref="fl-f"/>
      </object_component>
      <object_component id="oc-bd">
         <name>ECanaMOTORegsFile</name>
         <uninitialized>true</uninitialized>
         <run_address>0x60c0</run_address>
         <size>0x40</size>
         <input_file_ref idref="fl-f"/>
      </object_component>
      <object_component id="oc-ad">
         <name>ECap1RegsFile</name>
         <uninitialized>true</uninitialized>
         <run_address>0x6a00</run_address>
         <size>0x20</size>
         <input_file_ref idref="fl-f"/>
      </object_component>
      <object_component id="oc-ac">
         <name>HRCap1RegsFile</name>
         <uninitialized>true</uninitialized>
         <run_address>0x6ac0</run_address>
         <size>0x20</size>
         <input_file_ref idref="fl-f"/>
      </object_component>
      <object_component id="oc-ab">
         <name>HRCap2RegsFile</name>
         <uninitialized>true</uninitialized>
         <run_address>0x6ae0</run_address>
         <size>0x20</size>
         <input_file_ref idref="fl-f"/>
      </object_component>
      <object_component id="oc-ba">
         <name>EQep1RegsFile</name>
         <uninitialized>true</uninitialized>
         <run_address>0x6b00</run_address>
         <size>0x40</size>
         <input_file_ref idref="fl-f"/>
      </object_component>
      <object_component id="oc-be">
         <name>LinaRegsFile</name>
         <uninitialized>true</uninitialized>
         <run_address>0x6c00</run_address>
         <size>0x4a</size>
         <input_file_ref idref="fl-f"/>
      </object_component>
      <object_component id="oc-b9">
         <name>GpioCtrlRegsFile</name>
         <uninitialized>true</uninitialized>
         <run_address>0x6f80</run_address>
         <size>0x40</size>
         <input_file_ref idref="fl-f"/>
      </object_component>
      <object_component id="oc-aa">
         <name>GpioDataRegsFile</name>
         <uninitialized>true</uninitialized>
         <run_address>0x6fc0</run_address>
         <size>0x20</size>
         <input_file_ref idref="fl-f"/>
      </object_component>
      <object_component id="oc-9e">
         <name>GpioIntRegsFile</name>
         <uninitialized>true</uninitialized>
         <run_address>0x6fe0</run_address>
         <size>0xc</size>
         <input_file_ref idref="fl-f"/>
      </object_component>
      <object_component id="oc-a9">
         <name>SysCtrlRegsFile</name>
         <uninitialized>true</uninitialized>
         <run_address>0x7010</run_address>
         <size>0x20</size>
         <input_file_ref idref="fl-f"/>
      </object_component>
      <object_component id="oc-9f">
         <name>SpiaRegsFile</name>
         <uninitialized>true</uninitialized>
         <run_address>0x7040</run_address>
         <size>0x10</size>
         <input_file_ref idref="fl-f"/>
      </object_component>
      <object_component id="oc-a0">
         <name>SpibRegsFile</name>
         <uninitialized>true</uninitialized>
         <run_address>0x7740</run_address>
         <size>0x10</size>
         <input_file_ref idref="fl-f"/>
      </object_component>
      <object_component id="oc-a2">
         <name>SciaRegsFile</name>
         <uninitialized>true</uninitialized>
         <run_address>0x7050</run_address>
         <size>0x10</size>
         <input_file_ref idref="fl-f"/>
      </object_component>
      <object_component id="oc-a1">
         <name>NmiIntruptRegsFile</name>
         <uninitialized>true</uninitialized>
         <run_address>0x7060</run_address>
         <size>0x10</size>
         <input_file_ref idref="fl-f"/>
      </object_component>
      <object_component id="oc-a3">
         <name>XIntruptRegsFile</name>
         <uninitialized>true</uninitialized>
         <run_address>0x7070</run_address>
         <size>0x10</size>
         <input_file_ref idref="fl-f"/>
      </object_component>
      <object_component id="oc-bf">
         <name>AdcRegsFile</name>
         <uninitialized>true</uninitialized>
         <run_address>0x7100</run_address>
         <size>0x50</size>
         <input_file_ref idref="fl-f"/>
      </object_component>
      <object_component id="oc-af">
         <name>I2caRegsFile</name>
         <uninitialized>true</uninitialized>
         <run_address>0x7900</run_address>
         <size>0x22</size>
         <input_file_ref idref="fl-f"/>
      </object_component>
      <object_component id="oc-a5">
         <name>Comp1RegsFile</name>
         <uninitialized>true</uninitialized>
         <run_address>0x6400</run_address>
         <size>0x14</size>
         <input_file_ref idref="fl-f"/>
      </object_component>
      <object_component id="oc-a6">
         <name>Comp2RegsFile</name>
         <uninitialized>true</uninitialized>
         <run_address>0x6420</run_address>
         <size>0x14</size>
         <input_file_ref idref="fl-f"/>
      </object_component>
      <object_component id="oc-a7">
         <name>Comp3RegsFile</name>
         <uninitialized>true</uninitialized>
         <run_address>0x6440</run_address>
         <size>0x14</size>
         <input_file_ref idref="fl-f"/>
      </object_component>
      <object_component id="oc-b1">
         <name>EPwm1RegsFile</name>
         <uninitialized>true</uninitialized>
         <run_address>0x6800</run_address>
         <size>0x40</size>
         <input_file_ref idref="fl-f"/>
      </object_component>
      <object_component id="oc-b3">
         <name>EPwm2RegsFile</name>
         <uninitialized>true</uninitialized>
         <run_address>0x6840</run_address>
         <size>0x40</size>
         <input_file_ref idref="fl-f"/>
      </object_component>
      <object_component id="oc-b6">
         <name>EPwm3RegsFile</name>
         <uninitialized>true</uninitialized>
         <run_address>0x6880</run_address>
         <size>0x40</size>
         <input_file_ref idref="fl-f"/>
      </object_component>
      <object_component id="oc-bb">
         <name>EPwm4RegsFile</name>
         <uninitialized>true</uninitialized>
         <run_address>0x68c0</run_address>
         <size>0x40</size>
         <input_file_ref idref="fl-f"/>
      </object_component>
      <object_component id="oc-bc">
         <name>EPwm5RegsFile</name>
         <uninitialized>true</uninitialized>
         <run_address>0x6900</run_address>
         <size>0x40</size>
         <input_file_ref idref="fl-f"/>
      </object_component>
      <object_component id="oc-b8">
         <name>EPwm6RegsFile</name>
         <uninitialized>true</uninitialized>
         <run_address>0x6940</run_address>
         <size>0x40</size>
         <input_file_ref idref="fl-f"/>
      </object_component>
      <object_component id="oc-b7">
         <name>EPwm7RegsFile</name>
         <uninitialized>true</uninitialized>
         <run_address>0x6980</run_address>
         <size>0x40</size>
         <input_file_ref idref="fl-f"/>
      </object_component>
      <object_component id="oc-9a">
         <name>CsmPwlFile</name>
         <uninitialized>true</uninitialized>
         <run_address>0x3f7ff8</run_address>
         <size>0x8</size>
         <input_file_ref idref="fl-f"/>
      </object_component>
      <object_component id="oc-94">
         <name>PartIdRegsFile</name>
         <uninitialized>true</uninitialized>
         <run_address>0x3d7e80</run_address>
         <size>0x1</size>
         <input_file_ref idref="fl-f"/>
      </object_component>
      <object_component id="oc-4e">
         <name>.cinit</name>
         <load_address>0x3f721a</load_address>
         <run_address>0x3f721a</run_address>
         <size>0x45</size>
         <input_file_ref idref="fl-3"/>
      </object_component>
      <object_component id="oc-47">
         <name>.cinit</name>
         <load_address>0x3f725f</load_address>
         <run_address>0x3f725f</run_address>
         <size>0x34</size>
         <input_file_ref idref="fl-2"/>
      </object_component>
      <object_component id="oc-5b">
         <name>.cinit</name>
         <load_address>0x3f7293</load_address>
         <run_address>0x3f7293</run_address>
         <size>0x30</size>
         <input_file_ref idref="fl-5"/>
      </object_component>
      <object_component id="oc-68">
         <name>.cinit</name>
         <load_address>0x3f72c3</load_address>
         <run_address>0x3f72c3</run_address>
         <size>0x19</size>
         <input_file_ref idref="fl-7"/>
      </object_component>
      <object_component id="oc-eb">
         <name>.cinit</name>
         <load_address>0x3f72dc</load_address>
         <run_address>0x3f72dc</run_address>
         <size>0xa</size>
         <input_file_ref idref="fl-1d"/>
      </object_component>
      <object_component id="oc-e4">
         <name>.cinit</name>
         <load_address>0x3f72e6</load_address>
         <run_address>0x3f72e6</run_address>
         <size>0xa</size>
         <input_file_ref idref="fl-1c"/>
      </object_component>
      <object_component id="oc-d8">
         <name>.cinit</name>
         <load_address>0x3f72f0</load_address>
         <run_address>0x3f72f0</run_address>
         <size>0x4</size>
         <input_file_ref idref="fl-1a"/>
      </object_component>
      <object_component id="oc-59">
         <name>.text</name>
         <load_address>0x3f6000</load_address>
         <run_address>0x3f6000</run_address>
         <size>0x414</size>
         <input_file_ref idref="fl-5"/>
      </object_component>
      <object_component id="oc-66">
         <name>.text</name>
         <load_address>0x3f6414</load_address>
         <run_address>0x3f6414</run_address>
         <size>0x283</size>
         <input_file_ref idref="fl-7"/>
      </object_component>
      <object_component id="oc-45">
         <name>.text</name>
         <load_address>0x3f6697</load_address>
         <run_address>0x3f6697</run_address>
         <size>0x187</size>
         <input_file_ref idref="fl-2"/>
      </object_component>
      <object_component id="oc-c9">
         <name>.text:retain</name>
         <load_address>0x3f681e</load_address>
         <run_address>0x3f681e</run_address>
         <size>0x17c</size>
         <input_file_ref idref="fl-11"/>
      </object_component>
      <object_component id="oc-d6">
         <name>.text</name>
         <load_address>0x3f699a</load_address>
         <run_address>0x3f699a</run_address>
         <size>0x179</size>
         <input_file_ref idref="fl-1a"/>
      </object_component>
      <object_component id="oc-71">
         <name>.text</name>
         <load_address>0x3f6b13</load_address>
         <run_address>0x3f6b13</run_address>
         <size>0x137</size>
         <input_file_ref idref="fl-9"/>
      </object_component>
      <object_component id="oc-4c">
         <name>.text</name>
         <load_address>0x3f6c4a</load_address>
         <run_address>0x3f6c4a</run_address>
         <size>0xf8</size>
         <input_file_ref idref="fl-3"/>
      </object_component>
      <object_component id="oc-c3">
         <name>.text</name>
         <load_address>0x3f6d42</load_address>
         <run_address>0x3f6d42</run_address>
         <size>0xc4</size>
         <input_file_ref idref="fl-10"/>
      </object_component>
      <object_component id="oc-d2">
         <name>.text</name>
         <load_address>0x3f6e06</load_address>
         <run_address>0x3f6e06</run_address>
         <size>0x95</size>
         <input_file_ref idref="fl-19"/>
      </object_component>
      <object_component id="oc-50">
         <name>.text:retain</name>
         <load_address>0x3f6e9b</load_address>
         <run_address>0x3f6e9b</run_address>
         <size>0x8e</size>
         <input_file_ref idref="fl-3"/>
      </object_component>
      <object_component id="oc-77">
         <name>.text</name>
         <load_address>0x3f6f29</load_address>
         <run_address>0x3f6f29</run_address>
         <size>0x4a</size>
         <input_file_ref idref="fl-a"/>
      </object_component>
      <object_component id="oc-61">
         <name>.text</name>
         <load_address>0x3f6f73</load_address>
         <run_address>0x3f6f73</run_address>
         <size>0x49</size>
         <input_file_ref idref="fl-6"/>
      </object_component>
      <object_component id="oc-44">
         <name>.text</name>
         <load_address>0x3f6fbc</load_address>
         <run_address>0x3f6fbc</run_address>
         <size>0x44</size>
         <input_file_ref idref="fl-1b"/>
      </object_component>
      <object_component id="oc-54">
         <name>.text</name>
         <load_address>0x3f7000</load_address>
         <run_address>0x3f7000</run_address>
         <size>0x38</size>
         <input_file_ref idref="fl-4"/>
      </object_component>
      <object_component id="oc-87">
         <name>.text</name>
         <load_address>0x3f7038</load_address>
         <run_address>0x3f7038</run_address>
         <size>0x28</size>
         <input_file_ref idref="fl-d"/>
      </object_component>
      <object_component id="oc-81">
         <name>.text</name>
         <load_address>0x3f7060</load_address>
         <run_address>0x3f7060</run_address>
         <size>0x25</size>
         <input_file_ref idref="fl-c"/>
      </object_component>
      <object_component id="oc-8c">
         <name>.text</name>
         <load_address>0x3f7085</load_address>
         <run_address>0x3f7085</run_address>
         <size>0x1e</size>
         <input_file_ref idref="fl-e"/>
      </object_component>
      <object_component id="oc-7c">
         <name>.text</name>
         <load_address>0x3f70a3</load_address>
         <run_address>0x3f70a3</run_address>
         <size>0x1a</size>
         <input_file_ref idref="fl-b"/>
      </object_component>
      <object_component id="oc-5d">
         <name>.text:retain</name>
         <load_address>0x3f70bd</load_address>
         <run_address>0x3f70bd</run_address>
         <size>0x1a</size>
         <input_file_ref idref="fl-5"/>
      </object_component>
      <object_component id="oc-f0">
         <name>.text</name>
         <load_address>0x3f70d7</load_address>
         <run_address>0x3f70d7</run_address>
         <size>0x19</size>
         <input_file_ref idref="fl-1e"/>
      </object_component>
      <object_component id="oc-e2">
         <name>.text</name>
         <load_address>0x3f70f0</load_address>
         <run_address>0x3f70f0</run_address>
         <size>0x19</size>
         <input_file_ref idref="fl-1c"/>
      </object_component>
      <object_component id="oc-e9">
         <name>.text</name>
         <load_address>0x3f7109</load_address>
         <run_address>0x3f7109</run_address>
         <size>0x9</size>
         <input_file_ref idref="fl-1d"/>
      </object_component>
      <object_component id="oc-cd">
         <name>.text</name>
         <load_address>0x3f7112</load_address>
         <run_address>0x3f7112</run_address>
         <size>0x8</size>
         <input_file_ref idref="fl-12"/>
      </object_component>
      <object_component id="oc-ce">
         <name>codestart</name>
         <load_address>0x3f7ff6</load_address>
         <run_address>0x3f7ff6</run_address>
         <size>0x2</size>
         <input_file_ref idref="fl-12"/>
      </object_component>
      <object_component id="oc-73">
         <name>ramfuncs</name>
         <load_address>0x3f0000</load_address>
         <run_address>0x8000</run_address>
         <size>0x1b</size>
         <input_file_ref idref="fl-9"/>
      </object_component>
      <object_component id="oc-6d">
         <name>ramfuncs</name>
         <load_address>0x3f001b</load_address>
         <run_address>0x801b</run_address>
         <size>0x4</size>
         <input_file_ref idref="fl-8"/>
      </object_component>
      <object_component id="oc-dd">
         <name>.stack</name>
         <uninitialized>true</uninitialized>
         <run_address>0x50</run_address>
         <size>0x0</size>
         <input_file_ref idref="fl-1b"/>
      </object_component>
      <object_component id="oc-13f">
         <name>.stack</name>
         <uninitialized>true</uninitialized>
         <run_address>0x50</run_address>
         <size>0x0</size>
      </object_component>
      <object_component id="oc-48">
         <name>.ebss</name>
         <uninitialized>true</uninitialized>
         <run_address>0x8e00</run_address>
         <size>0x26</size>
         <input_file_ref idref="fl-2"/>
      </object_component>
      <object_component id="oc-4f">
         <name>.ebss</name>
         <uninitialized>true</uninitialized>
         <run_address>0x8c00</run_address>
         <size>0x148</size>
         <input_file_ref idref="fl-3"/>
      </object_component>
      <object_component id="oc-5c">
         <name>.ebss</name>
         <uninitialized>true</uninitialized>
         <run_address>0x8d80</run_address>
         <size>0x60</size>
         <input_file_ref idref="fl-5"/>
      </object_component>
      <object_component id="oc-69">
         <name>.ebss</name>
         <uninitialized>true</uninitialized>
         <run_address>0x8d72</run_address>
         <size>0xe</size>
         <input_file_ref idref="fl-7"/>
      </object_component>
      <object_component id="oc-d9">
         <name>.ebss</name>
         <uninitialized>true</uninitialized>
         <run_address>0x8d48</run_address>
         <size>0x2a</size>
         <input_file_ref idref="fl-1a"/>
      </object_component>
      <object_component id="oc-e5">
         <name>.ebss</name>
         <uninitialized>true</uninitialized>
         <run_address>0x8de4</run_address>
         <size>0x4</size>
         <input_file_ref idref="fl-1c"/>
      </object_component>
      <object_component id="oc-ec">
         <name>.ebss</name>
         <uninitialized>true</uninitialized>
         <run_address>0x8de0</run_address>
         <size>0x4</size>
         <input_file_ref idref="fl-1d"/>
      </object_component>
      <object_component id="oc-83">
         <name>.econst</name>
         <load_address>0x3f711a</load_address>
         <run_address>0x3f711a</run_address>
         <size>0x100</size>
         <input_file_ref idref="fl-c"/>
      </object_component>
      <object_component id="oc-f5">
         <name>.switch:_handleHostCommand</name>
         <load_address>0x3f72f6</load_address>
         <run_address>0x3f72f6</run_address>
         <size>0x40</size>
         <input_file_ref idref="fl-7"/>
      </object_component>
      <object_component id="oc-de">
         <name>.reset</name>
         <load_address>0x3fffc0</load_address>
         <run_address>0x3fffc0</run_address>
         <size>0x2</size>
         <input_file_ref idref="fl-1b"/>
      </object_component>
      <object_component id="oc-46">
         <name>.debug_info</name>
         <load_address>0x0</load_address>
         <run_address>0x0</run_address>
         <size>0x3e7d</size>
         <input_file_ref idref="fl-2"/>
      </object_component>
      <object_component id="oc-4d">
         <name>.debug_info</name>
         <load_address>0x3e7d</load_address>
         <run_address>0x3e7d</run_address>
         <size>0x4d35</size>
         <input_file_ref idref="fl-3"/>
      </object_component>
      <object_component id="oc-55">
         <name>.debug_info</name>
         <load_address>0x8bb2</load_address>
         <run_address>0x8bb2</run_address>
         <size>0x1224</size>
         <input_file_ref idref="fl-4"/>
      </object_component>
      <object_component id="oc-5a">
         <name>.debug_info</name>
         <load_address>0x9dd6</load_address>
         <run_address>0x9dd6</run_address>
         <size>0x5bd9</size>
         <input_file_ref idref="fl-5"/>
      </object_component>
      <object_component id="oc-62">
         <name>.debug_info</name>
         <load_address>0xf9af</load_address>
         <run_address>0xf9af</run_address>
         <size>0x1160</size>
         <input_file_ref idref="fl-6"/>
      </object_component>
      <object_component id="oc-67">
         <name>.debug_info</name>
         <load_address>0x10b0f</load_address>
         <run_address>0x10b0f</run_address>
         <size>0x2412</size>
         <input_file_ref idref="fl-7"/>
      </object_component>
      <object_component id="oc-6e">
         <name>.debug_info</name>
         <load_address>0x12f21</load_address>
         <run_address>0x12f21</run_address>
         <size>0x1b6</size>
         <input_file_ref idref="fl-8"/>
      </object_component>
      <object_component id="oc-72">
         <name>.debug_info</name>
         <load_address>0x130d7</load_address>
         <run_address>0x130d7</run_address>
         <size>0x26a2</size>
         <input_file_ref idref="fl-9"/>
      </object_component>
      <object_component id="oc-78">
         <name>.debug_info</name>
         <load_address>0x15779</load_address>
         <run_address>0x15779</run_address>
         <size>0x18c6</size>
         <input_file_ref idref="fl-a"/>
      </object_component>
      <object_component id="oc-7d">
         <name>.debug_info</name>
         <load_address>0x1703f</load_address>
         <run_address>0x1703f</run_address>
         <size>0x17b7</size>
         <input_file_ref idref="fl-b"/>
      </object_component>
      <object_component id="oc-82">
         <name>.debug_info</name>
         <load_address>0x187f6</load_address>
         <run_address>0x187f6</run_address>
         <size>0x22d3</size>
         <input_file_ref idref="fl-c"/>
      </object_component>
      <object_component id="oc-88">
         <name>.debug_info</name>
         <load_address>0x1aac9</load_address>
         <run_address>0x1aac9</run_address>
         <size>0xc33</size>
         <input_file_ref idref="fl-d"/>
      </object_component>
      <object_component id="oc-8d">
         <name>.debug_info</name>
         <load_address>0x1b6fc</load_address>
         <run_address>0x1b6fc</run_address>
         <size>0x18d6</size>
         <input_file_ref idref="fl-e"/>
      </object_component>
      <object_component id="oc-91">
         <name>.debug_info</name>
         <load_address>0x1cfd2</load_address>
         <run_address>0x1cfd2</run_address>
         <size>0x13a67</size>
         <input_file_ref idref="fl-f"/>
      </object_component>
      <object_component id="oc-c4">
         <name>.debug_info</name>
         <load_address>0x30a39</load_address>
         <run_address>0x30a39</run_address>
         <size>0x203e</size>
         <input_file_ref idref="fl-10"/>
      </object_component>
      <object_component id="oc-c8">
         <name>.debug_info</name>
         <load_address>0x32a77</load_address>
         <run_address>0x32a77</run_address>
         <size>0x5037</size>
         <input_file_ref idref="fl-11"/>
      </object_component>
      <object_component id="oc-cf">
         <name>.debug_info</name>
         <load_address>0x37aae</load_address>
         <run_address>0x37aae</run_address>
         <size>0x246</size>
         <input_file_ref idref="fl-12"/>
      </object_component>
      <object_component id="oc-d3">
         <name>.debug_info</name>
         <load_address>0x37cf4</load_address>
         <run_address>0x37cf4</run_address>
         <size>0x207</size>
         <input_file_ref idref="fl-19"/>
      </object_component>
      <object_component id="oc-d7">
         <name>.debug_info</name>
         <load_address>0x37efb</load_address>
         <run_address>0x37efb</run_address>
         <size>0x2d56</size>
         <input_file_ref idref="fl-1a"/>
      </object_component>
      <object_component id="oc-df">
         <name>.debug_info</name>
         <load_address>0x3ac51</load_address>
         <run_address>0x3ac51</run_address>
         <size>0xde</size>
         <input_file_ref idref="fl-1b"/>
      </object_component>
      <object_component id="oc-e3">
         <name>.debug_info</name>
         <load_address>0x3ad2f</load_address>
         <run_address>0x3ad2f</run_address>
         <size>0x3d6</size>
         <input_file_ref idref="fl-1c"/>
      </object_component>
      <object_component id="oc-ea">
         <name>.debug_info</name>
         <load_address>0x3b105</load_address>
         <run_address>0x3b105</run_address>
         <size>0x3fc</size>
         <input_file_ref idref="fl-1d"/>
      </object_component>
      <object_component id="oc-f1">
         <name>.debug_info</name>
         <load_address>0x3b501</load_address>
         <run_address>0x3b501</run_address>
         <size>0x3bd</size>
         <input_file_ref idref="fl-1e"/>
      </object_component>
      <object_component id="oc-140">
         <name>.debug_info</name>
         <load_address>0x3b8be</load_address>
         <run_address>0x3b8be</run_address>
         <size>0x6f</size>
      </object_component>
      <object_component id="oc-49">
         <name>.debug_frame</name>
         <load_address>0x0</load_address>
         <run_address>0x0</run_address>
         <size>0x131</size>
         <input_file_ref idref="fl-2"/>
      </object_component>
      <object_component id="oc-51">
         <name>.debug_frame</name>
         <load_address>0x131</load_address>
         <run_address>0x131</run_address>
         <size>0x164</size>
         <input_file_ref idref="fl-3"/>
      </object_component>
      <object_component id="oc-56">
         <name>.debug_frame</name>
         <load_address>0x295</load_address>
         <run_address>0x295</run_address>
         <size>0xd0</size>
         <input_file_ref idref="fl-4"/>
      </object_component>
      <object_component id="oc-5e">
         <name>.debug_frame</name>
         <load_address>0x365</load_address>
         <run_address>0x365</run_address>
         <size>0x12b</size>
         <input_file_ref idref="fl-5"/>
      </object_component>
      <object_component id="oc-63">
         <name>.debug_frame</name>
         <load_address>0x490</load_address>
         <run_address>0x490</run_address>
         <size>0xee</size>
         <input_file_ref idref="fl-6"/>
      </object_component>
      <object_component id="oc-6a">
         <name>.debug_frame</name>
         <load_address>0x57e</load_address>
         <run_address>0x57e</run_address>
         <size>0xc0</size>
         <input_file_ref idref="fl-7"/>
      </object_component>
      <object_component id="oc-74">
         <name>.debug_frame</name>
         <load_address>0x63e</load_address>
         <run_address>0x63e</run_address>
         <size>0x179</size>
         <input_file_ref idref="fl-9"/>
      </object_component>
      <object_component id="oc-79">
         <name>.debug_frame</name>
         <load_address>0x7b7</load_address>
         <run_address>0x7b7</run_address>
         <size>0xc4</size>
         <input_file_ref idref="fl-a"/>
      </object_component>
      <object_component id="oc-7e">
         <name>.debug_frame</name>
         <load_address>0x87b</load_address>
         <run_address>0x87b</run_address>
         <size>0xac</size>
         <input_file_ref idref="fl-b"/>
      </object_component>
      <object_component id="oc-84">
         <name>.debug_frame</name>
         <load_address>0x927</load_address>
         <run_address>0x927</run_address>
         <size>0x82</size>
         <input_file_ref idref="fl-c"/>
      </object_component>
      <object_component id="oc-89">
         <name>.debug_frame</name>
         <load_address>0x9a9</load_address>
         <run_address>0x9a9</run_address>
         <size>0x94</size>
         <input_file_ref idref="fl-d"/>
      </object_component>
      <object_component id="oc-8e">
         <name>.debug_frame</name>
         <load_address>0xa3d</load_address>
         <run_address>0xa3d</run_address>
         <size>0xc4</size>
         <input_file_ref idref="fl-e"/>
      </object_component>
      <object_component id="oc-c5">
         <name>.debug_frame</name>
         <load_address>0xb01</load_address>
         <run_address>0xb01</run_address>
         <size>0x16c</size>
         <input_file_ref idref="fl-10"/>
      </object_component>
      <object_component id="oc-ca">
         <name>.debug_frame</name>
         <load_address>0xc6d</load_address>
         <run_address>0xc6d</run_address>
         <size>0x784</size>
         <input_file_ref idref="fl-11"/>
      </object_component>
      <object_component id="oc-da">
         <name>.debug_frame</name>
         <load_address>0x13f1</load_address>
         <run_address>0x13f1</run_address>
         <size>0xa9</size>
         <input_file_ref idref="fl-1a"/>
      </object_component>
      <object_component id="oc-e6">
         <name>.debug_frame</name>
         <load_address>0x149a</load_address>
         <run_address>0x149a</run_address>
         <size>0x9d</size>
         <input_file_ref idref="fl-1c"/>
      </object_component>
      <object_component id="oc-ed">
         <name>.debug_frame</name>
         <load_address>0x1537</load_address>
         <run_address>0x1537</run_address>
         <size>0xac</size>
         <input_file_ref idref="fl-1d"/>
      </object_component>
      <object_component id="oc-f2">
         <name>.debug_frame</name>
         <load_address>0x15e3</load_address>
         <run_address>0x15e3</run_address>
         <size>0x7c</size>
         <input_file_ref idref="fl-1e"/>
      </object_component>
      <object_component id="oc-4a">
         <name>.debug_line</name>
         <load_address>0x0</load_address>
         <run_address>0x0</run_address>
         <size>0x246</size>
         <input_file_ref idref="fl-2"/>
      </object_component>
      <object_component id="oc-52">
         <name>.debug_line</name>
         <load_address>0x246</load_address>
         <run_address>0x246</run_address>
         <size>0x214</size>
         <input_file_ref idref="fl-3"/>
      </object_component>
      <object_component id="oc-57">
         <name>.debug_line</name>
         <load_address>0x45a</load_address>
         <run_address>0x45a</run_address>
         <size>0x110</size>
         <input_file_ref idref="fl-4"/>
      </object_component>
      <object_component id="oc-5f">
         <name>.debug_line</name>
         <load_address>0x56a</load_address>
         <run_address>0x56a</run_address>
         <size>0x2fc</size>
         <input_file_ref idref="fl-5"/>
      </object_component>
      <object_component id="oc-64">
         <name>.debug_line</name>
         <load_address>0x866</load_address>
         <run_address>0x866</run_address>
         <size>0x115</size>
         <input_file_ref idref="fl-6"/>
      </object_component>
      <object_component id="oc-6b">
         <name>.debug_line</name>
         <load_address>0x97b</load_address>
         <run_address>0x97b</run_address>
         <size>0x1b4</size>
         <input_file_ref idref="fl-7"/>
      </object_component>
      <object_component id="oc-6f">
         <name>.debug_line</name>
         <load_address>0xb2f</load_address>
         <run_address>0xb2f</run_address>
         <size>0x98</size>
         <input_file_ref idref="fl-8"/>
      </object_component>
      <object_component id="oc-75">
         <name>.debug_line</name>
         <load_address>0xbc7</load_address>
         <run_address>0xbc7</run_address>
         <size>0x236</size>
         <input_file_ref idref="fl-9"/>
      </object_component>
      <object_component id="oc-7a">
         <name>.debug_line</name>
         <load_address>0xdfd</load_address>
         <run_address>0xdfd</run_address>
         <size>0xf9</size>
         <input_file_ref idref="fl-a"/>
      </object_component>
      <object_component id="oc-7f">
         <name>.debug_line</name>
         <load_address>0xef6</load_address>
         <run_address>0xef6</run_address>
         <size>0xcd</size>
         <input_file_ref idref="fl-b"/>
      </object_component>
      <object_component id="oc-85">
         <name>.debug_line</name>
         <load_address>0xfc3</load_address>
         <run_address>0xfc3</run_address>
         <size>0xba</size>
         <input_file_ref idref="fl-c"/>
      </object_component>
      <object_component id="oc-8a">
         <name>.debug_line</name>
         <load_address>0x107d</load_address>
         <run_address>0x107d</run_address>
         <size>0xd5</size>
         <input_file_ref idref="fl-d"/>
      </object_component>
      <object_component id="oc-8f">
         <name>.debug_line</name>
         <load_address>0x1152</load_address>
         <run_address>0x1152</run_address>
         <size>0xea</size>
         <input_file_ref idref="fl-e"/>
      </object_component>
      <object_component id="oc-c6">
         <name>.debug_line</name>
         <load_address>0x123c</load_address>
         <run_address>0x123c</run_address>
         <size>0x1cf</size>
         <input_file_ref idref="fl-10"/>
      </object_component>
      <object_component id="oc-cb">
         <name>.debug_line</name>
         <load_address>0x140b</load_address>
         <run_address>0x140b</run_address>
         <size>0x74e</size>
         <input_file_ref idref="fl-11"/>
      </object_component>
      <object_component id="oc-d0">
         <name>.debug_line</name>
         <load_address>0x1b59</load_address>
         <run_address>0x1b59</run_address>
         <size>0xb1</size>
         <input_file_ref idref="fl-12"/>
      </object_component>
      <object_component id="oc-d4">
         <name>.debug_line</name>
         <load_address>0x1c0a</load_address>
         <run_address>0x1c0a</run_address>
         <size>0x10a</size>
         <input_file_ref idref="fl-19"/>
      </object_component>
      <object_component id="oc-db">
         <name>.debug_line</name>
         <load_address>0x1d14</load_address>
         <run_address>0x1d14</run_address>
         <size>0x178</size>
         <input_file_ref idref="fl-1a"/>
      </object_component>
      <object_component id="oc-e0">
         <name>.debug_line</name>
         <load_address>0x1e8c</load_address>
         <run_address>0x1e8c</run_address>
         <size>0x70</size>
         <input_file_ref idref="fl-1b"/>
      </object_component>
      <object_component id="oc-e7">
         <name>.debug_line</name>
         <load_address>0x1efc</load_address>
         <run_address>0x1efc</run_address>
         <size>0x5a</size>
         <input_file_ref idref="fl-1c"/>
      </object_component>
      <object_component id="oc-ee">
         <name>.debug_line</name>
         <load_address>0x1f56</load_address>
         <run_address>0x1f56</run_address>
         <size>0x5b</size>
         <input_file_ref idref="fl-1d"/>
      </object_component>
      <object_component id="oc-f3">
         <name>.debug_line</name>
         <load_address>0x1fb1</load_address>
         <run_address>0x1fb1</run_address>
         <size>0x56</size>
         <input_file_ref idref="fl-1e"/>
      </object_component>
      <object_component id="oc-4b">
         <name>.debug_abbrev</name>
         <load_address>0x0</load_address>
         <run_address>0x0</run_address>
         <size>0x1a3</size>
         <input_file_ref idref="fl-2"/>
      </object_component>
      <object_component id="oc-53">
         <name>.debug_abbrev</name>
         <load_address>0x1a3</load_address>
         <run_address>0x1a3</run_address>
         <size>0x1c4</size>
         <input_file_ref idref="fl-3"/>
      </object_component>
      <object_component id="oc-58">
         <name>.debug_abbrev</name>
         <load_address>0x367</load_address>
         <run_address>0x367</run_address>
         <size>0xee</size>
         <input_file_ref idref="fl-4"/>
      </object_component>
      <object_component id="oc-60">
         <name>.debug_abbrev</name>
         <load_address>0x455</load_address>
         <run_address>0x455</run_address>
         <size>0x1e2</size>
         <input_file_ref idref="fl-5"/>
      </object_component>
      <object_component id="oc-65">
         <name>.debug_abbrev</name>
         <load_address>0x637</load_address>
         <run_address>0x637</run_address>
         <size>0x11e</size>
         <input_file_ref idref="fl-6"/>
      </object_component>
      <object_component id="oc-6c">
         <name>.debug_abbrev</name>
         <load_address>0x755</load_address>
         <run_address>0x755</run_address>
         <size>0x191</size>
         <input_file_ref idref="fl-7"/>
      </object_component>
      <object_component id="oc-70">
         <name>.debug_abbrev</name>
         <load_address>0x8e6</load_address>
         <run_address>0x8e6</run_address>
         <size>0x2c</size>
         <input_file_ref idref="fl-8"/>
      </object_component>
      <object_component id="oc-76">
         <name>.debug_abbrev</name>
         <load_address>0x912</load_address>
         <run_address>0x912</run_address>
         <size>0x18c</size>
         <input_file_ref idref="fl-9"/>
      </object_component>
      <object_component id="oc-7b">
         <name>.debug_abbrev</name>
         <load_address>0xa9e</load_address>
         <run_address>0xa9e</run_address>
         <size>0xdb</size>
         <input_file_ref idref="fl-a"/>
      </object_component>
      <object_component id="oc-80">
         <name>.debug_abbrev</name>
         <load_address>0xb79</load_address>
         <run_address>0xb79</run_address>
         <size>0xdb</size>
         <input_file_ref idref="fl-b"/>
      </object_component>
      <object_component id="oc-86">
         <name>.debug_abbrev</name>
         <load_address>0xc54</load_address>
         <run_address>0xc54</run_address>
         <size>0x107</size>
         <input_file_ref idref="fl-c"/>
      </object_component>
      <object_component id="oc-8b">
         <name>.debug_abbrev</name>
         <load_address>0xd5b</load_address>
         <run_address>0xd5b</run_address>
         <size>0xbb</size>
         <input_file_ref idref="fl-d"/>
      </object_component>
      <object_component id="oc-90">
         <name>.debug_abbrev</name>
         <load_address>0xe16</load_address>
         <run_address>0xe16</run_address>
         <size>0xdb</size>
         <input_file_ref idref="fl-e"/>
      </object_component>
      <object_component id="oc-c2">
         <name>.debug_abbrev</name>
         <load_address>0xef1</load_address>
         <run_address>0xef1</run_address>
         <size>0xb3</size>
         <input_file_ref idref="fl-f"/>
      </object_component>
      <object_component id="oc-c7">
         <name>.debug_abbrev</name>
         <load_address>0xfa4</load_address>
         <run_address>0xfa4</run_address>
         <size>0x125</size>
         <input_file_ref idref="fl-10"/>
      </object_component>
      <object_component id="oc-cc">
         <name>.debug_abbrev</name>
         <load_address>0x10c9</load_address>
         <run_address>0x10c9</run_address>
         <size>0xad</size>
         <input_file_ref idref="fl-11"/>
      </object_component>
      <object_component id="oc-d1">
         <name>.debug_abbrev</name>
         <load_address>0x1176</load_address>
         <run_address>0x1176</run_address>
         <size>0x20</size>
         <input_file_ref idref="fl-12"/>
      </object_component>
      <object_component id="oc-d5">
         <name>.debug_abbrev</name>
         <load_address>0x1196</load_address>
         <run_address>0x1196</run_address>
         <size>0x2c</size>
         <input_file_ref idref="fl-19"/>
      </object_component>
      <object_component id="oc-dc">
         <name>.debug_abbrev</name>
         <load_address>0x11c2</load_address>
         <run_address>0x11c2</run_address>
         <size>0x15c</size>
         <input_file_ref idref="fl-1a"/>
      </object_component>
      <object_component id="oc-e1">
         <name>.debug_abbrev</name>
         <load_address>0x131e</load_address>
         <run_address>0x131e</run_address>
         <size>0x43</size>
         <input_file_ref idref="fl-1b"/>
      </object_component>
      <object_component id="oc-e8">
         <name>.debug_abbrev</name>
         <load_address>0x1361</load_address>
         <run_address>0x1361</run_address>
         <size>0x10c</size>
         <input_file_ref idref="fl-1c"/>
      </object_component>
      <object_component id="oc-ef">
         <name>.debug_abbrev</name>
         <load_address>0x146d</load_address>
         <run_address>0x146d</run_address>
         <size>0xa9</size>
         <input_file_ref idref="fl-1d"/>
      </object_component>
      <object_component id="oc-f4">
         <name>.debug_abbrev</name>
         <load_address>0x1516</load_address>
         <run_address>0x1516</run_address>
         <size>0xed</size>
         <input_file_ref idref="fl-1e"/>
      </object_component>
      <object_component id="oc-141">
         <name>.debug_abbrev</name>
         <load_address>0x1603</load_address>
         <run_address>0x1603</run_address>
         <size>0xd</size>
      </object_component>
   </object_component_list>
   <logical_group_list>
      <logical_group id="lg-3" display="no" color="cyan">
         <name>PieVectTableFile</name>
         <run_address>0xd00</run_address>
         <size>0x100</size>
         <contents>
            <object_component_ref idref="oc-c0"/>
         </contents>
      </logical_group>
      <logical_group id="lg-5" display="no" color="cyan">
         <name>EmuKeyVar</name>
         <run_address>0xd00</run_address>
         <size>0x1</size>
         <contents>
            <object_component_ref idref="oc-93"/>
         </contents>
      </logical_group>
      <logical_group id="lg-6" display="no" color="cyan">
         <name>EmuBModeVar</name>
         <run_address>0xd01</run_address>
         <size>0x1</size>
         <contents>
            <object_component_ref idref="oc-92"/>
         </contents>
      </logical_group>
      <logical_group id="lg-7" display="no" color="cyan">
         <name>FlashCallbackVar</name>
         <run_address>0xd02</run_address>
         <size>0x2</size>
         <contents>
            <object_component_ref idref="oc-95"/>
         </contents>
      </logical_group>
      <logical_group id="lg-8" display="no" color="cyan">
         <name>FlashScalingVar</name>
         <run_address>0xd04</run_address>
         <size>0x2</size>
         <contents>
            <object_component_ref idref="oc-96"/>
         </contents>
      </logical_group>
      <logical_group id="lg-4" display="no" color="cyan">
         <name>GROUP_2</name>
         <run_address>0xd00</run_address>
         <size>0x6</size>
         <contents>
            <logical_group_ref idref="lg-5"/>
            <logical_group_ref idref="lg-6"/>
            <logical_group_ref idref="lg-7"/>
            <logical_group_ref idref="lg-8"/>
         </contents>
      </logical_group>
      <overlay id="lg-2" display="no" color="cyan">
         <name>UNION_1</name>
         <run_address>0xd00</run_address>
         <size>0x100</size>
         <contents>
            <logical_group_ref idref="lg-3"/>
            <logical_group_ref idref="lg-4"/>
         </contents>
      </overlay>
      <logical_group id="lg-9" display="no" color="cyan">
         <name>DevEmuRegsFile</name>
         <run_address>0x880</run_address>
         <size>0x4</size>
         <contents>
            <object_component_ref idref="oc-98"/>
         </contents>
      </logical_group>
      <logical_group id="lg-a" display="no" color="cyan">
         <name>SysPwrCtrlRegsFile</name>
         <run_address>0x985</run_address>
         <size>0x3</size>
         <contents>
            <object_component_ref idref="oc-97"/>
         </contents>
      </logical_group>
      <logical_group id="lg-b" display="no" color="cyan">
         <name>FlashRegsFile</name>
         <run_address>0xa80</run_address>
         <size>0x8</size>
         <contents>
            <object_component_ref idref="oc-99"/>
         </contents>
      </logical_group>
      <logical_group id="lg-c" display="no" color="cyan">
         <name>CsmRegsFile</name>
         <run_address>0xae0</run_address>
         <size>0x10</size>
         <contents>
            <object_component_ref idref="oc-a4"/>
         </contents>
      </logical_group>
      <logical_group id="lg-d" display="no" color="cyan">
         <name>AdcResultFile</name>
         <run_address>0xb00</run_address>
         <size>0x20</size>
         <contents>
            <object_component_ref idref="oc-ae"/>
         </contents>
      </logical_group>
      <logical_group id="lg-e" display="no" color="cyan">
         <name>CpuTimer0RegsFile</name>
         <run_address>0xc00</run_address>
         <size>0x8</size>
         <contents>
            <object_component_ref idref="oc-9c"/>
         </contents>
      </logical_group>
      <logical_group id="lg-f" display="no" color="cyan">
         <name>CpuTimer1RegsFile</name>
         <run_address>0xc08</run_address>
         <size>0x8</size>
         <contents>
            <object_component_ref idref="oc-9b"/>
         </contents>
      </logical_group>
      <logical_group id="lg-10" display="no" color="cyan">
         <name>CpuTimer2RegsFile</name>
         <run_address>0xc10</run_address>
         <size>0x8</size>
         <contents>
            <object_component_ref idref="oc-9d"/>
         </contents>
      </logical_group>
      <logical_group id="lg-11" display="no" color="cyan">
         <name>PieCtrlRegsFile</name>
         <run_address>0xce0</run_address>
         <size>0x1a</size>
         <contents>
            <object_component_ref idref="oc-a8"/>
         </contents>
      </logical_group>
      <logical_group id="lg-12" display="no" color="cyan">
         <name>Cla1RegsFile</name>
         <run_address>0x1400</run_address>
         <size>0x40</size>
         <contents>
            <object_component_ref idref="oc-b2"/>
         </contents>
      </logical_group>
      <logical_group id="lg-13" display="no" color="cyan">
         <name>ECanaRegsFile</name>
         <run_address>0x6000</run_address>
         <size>0x34</size>
         <contents>
            <object_component_ref idref="oc-b0"/>
         </contents>
      </logical_group>
      <logical_group id="lg-14" display="no" color="cyan">
         <name>ECanaLAMRegsFile</name>
         <run_address>0x6040</run_address>
         <size>0x40</size>
         <contents>
            <object_component_ref idref="oc-b5"/>
         </contents>
      </logical_group>
      <logical_group id="lg-15" display="no" color="cyan">
         <name>ECanaMboxesFile</name>
         <run_address>0x6100</run_address>
         <size>0x100</size>
         <contents>
            <object_component_ref idref="oc-c1"/>
         </contents>
      </logical_group>
      <logical_group id="lg-16" display="no" color="cyan">
         <name>ECanaMOTSRegsFile</name>
         <run_address>0x6080</run_address>
         <size>0x40</size>
         <contents>
            <object_component_ref idref="oc-b4"/>
         </contents>
      </logical_group>
      <logical_group id="lg-17" display="no" color="cyan">
         <name>ECanaMOTORegsFile</name>
         <run_address>0x60c0</run_address>
         <size>0x40</size>
         <contents>
            <object_component_ref idref="oc-bd"/>
         </contents>
      </logical_group>
      <logical_group id="lg-18" display="no" color="cyan">
         <name>ECap1RegsFile</name>
         <run_address>0x6a00</run_address>
         <size>0x20</size>
         <contents>
            <object_component_ref idref="oc-ad"/>
         </contents>
      </logical_group>
      <logical_group id="lg-19" display="no" color="cyan">
         <name>HRCap1RegsFile</name>
         <run_address>0x6ac0</run_address>
         <size>0x20</size>
         <contents>
            <object_component_ref idref="oc-ac"/>
         </contents>
      </logical_group>
      <logical_group id="lg-1a" display="no" color="cyan">
         <name>HRCap2RegsFile</name>
         <run_address>0x6ae0</run_address>
         <size>0x20</size>
         <contents>
            <object_component_ref idref="oc-ab"/>
         </contents>
      </logical_group>
      <logical_group id="lg-1b" display="no" color="cyan">
         <name>EQep1RegsFile</name>
         <run_address>0x6b00</run_address>
         <size>0x40</size>
         <contents>
            <object_component_ref idref="oc-ba"/>
         </contents>
      </logical_group>
      <logical_group id="lg-1c" display="no" color="cyan">
         <name>LinaRegsFile</name>
         <run_address>0x6c00</run_address>
         <size>0x4a</size>
         <contents>
            <object_component_ref idref="oc-be"/>
         </contents>
      </logical_group>
      <logical_group id="lg-1d" display="no" color="cyan">
         <name>GpioCtrlRegsFile</name>
         <run_address>0x6f80</run_address>
         <size>0x40</size>
         <contents>
            <object_component_ref idref="oc-b9"/>
         </contents>
      </logical_group>
      <logical_group id="lg-1e" display="no" color="cyan">
         <name>GpioDataRegsFile</name>
         <run_address>0x6fc0</run_address>
         <size>0x20</size>
         <contents>
            <object_component_ref idref="oc-aa"/>
         </contents>
      </logical_group>
      <logical_group id="lg-1f" display="no" color="cyan">
         <name>GpioIntRegsFile</name>
         <run_address>0x6fe0</run_address>
         <size>0xc</size>
         <contents>
            <object_component_ref idref="oc-9e"/>
         </contents>
      </logical_group>
      <logical_group id="lg-20" display="no" color="cyan">
         <name>SysCtrlRegsFile</name>
         <run_address>0x7010</run_address>
         <size>0x20</size>
         <contents>
            <object_component_ref idref="oc-a9"/>
         </contents>
      </logical_group>
      <logical_group id="lg-21" display="no" color="cyan">
         <name>SpiaRegsFile</name>
         <run_address>0x7040</run_address>
         <size>0x10</size>
         <contents>
            <object_component_ref idref="oc-9f"/>
         </contents>
      </logical_group>
      <logical_group id="lg-22" display="no" color="cyan">
         <name>SpibRegsFile</name>
         <run_address>0x7740</run_address>
         <size>0x10</size>
         <contents>
            <object_component_ref idref="oc-a0"/>
         </contents>
      </logical_group>
      <logical_group id="lg-23" display="no" color="cyan">
         <name>SciaRegsFile</name>
         <run_address>0x7050</run_address>
         <size>0x10</size>
         <contents>
            <object_component_ref idref="oc-a2"/>
         </contents>
      </logical_group>
      <logical_group id="lg-24" display="no" color="cyan">
         <name>NmiIntruptRegsFile</name>
         <run_address>0x7060</run_address>
         <size>0x10</size>
         <contents>
            <object_component_ref idref="oc-a1"/>
         </contents>
      </logical_group>
      <logical_group id="lg-25" display="no" color="cyan">
         <name>XIntruptRegsFile</name>
         <run_address>0x7070</run_address>
         <size>0x10</size>
         <contents>
            <object_component_ref idref="oc-a3"/>
         </contents>
      </logical_group>
      <logical_group id="lg-26" display="no" color="cyan">
         <name>AdcRegsFile</name>
         <run_address>0x7100</run_address>
         <size>0x50</size>
         <contents>
            <object_component_ref idref="oc-bf"/>
         </contents>
      </logical_group>
      <logical_group id="lg-27" display="no" color="cyan">
         <name>I2caRegsFile</name>
         <run_address>0x7900</run_address>
         <size>0x22</size>
         <contents>
            <object_component_ref idref="oc-af"/>
         </contents>
      </logical_group>
      <logical_group id="lg-28" display="no" color="cyan">
         <name>Comp1RegsFile</name>
         <run_address>0x6400</run_address>
         <size>0x14</size>
         <contents>
            <object_component_ref idref="oc-a5"/>
         </contents>
      </logical_group>
      <logical_group id="lg-29" display="no" color="cyan">
         <name>Comp2RegsFile</name>
         <run_address>0x6420</run_address>
         <size>0x14</size>
         <contents>
            <object_component_ref idref="oc-a6"/>
         </contents>
      </logical_group>
      <logical_group id="lg-2a" display="no" color="cyan">
         <name>Comp3RegsFile</name>
         <run_address>0x6440</run_address>
         <size>0x14</size>
         <contents>
            <object_component_ref idref="oc-a7"/>
         </contents>
      </logical_group>
      <logical_group id="lg-2b" display="no" color="cyan">
         <name>EPwm1RegsFile</name>
         <run_address>0x6800</run_address>
         <size>0x40</size>
         <contents>
            <object_component_ref idref="oc-b1"/>
         </contents>
      </logical_group>
      <logical_group id="lg-2c" display="no" color="cyan">
         <name>EPwm2RegsFile</name>
         <run_address>0x6840</run_address>
         <size>0x40</size>
         <contents>
            <object_component_ref idref="oc-b3"/>
         </contents>
      </logical_group>
      <logical_group id="lg-2d" display="no" color="cyan">
         <name>EPwm3RegsFile</name>
         <run_address>0x6880</run_address>
         <size>0x40</size>
         <contents>
            <object_component_ref idref="oc-b6"/>
         </contents>
      </logical_group>
      <logical_group id="lg-2e" display="no" color="cyan">
         <name>EPwm4RegsFile</name>
         <run_address>0x68c0</run_address>
         <size>0x40</size>
         <contents>
            <object_component_ref idref="oc-bb"/>
         </contents>
      </logical_group>
      <logical_group id="lg-2f" display="no" color="cyan">
         <name>EPwm5RegsFile</name>
         <run_address>0x6900</run_address>
         <size>0x40</size>
         <contents>
            <object_component_ref idref="oc-bc"/>
         </contents>
      </logical_group>
      <logical_group id="lg-30" display="no" color="cyan">
         <name>EPwm6RegsFile</name>
         <run_address>0x6940</run_address>
         <size>0x40</size>
         <contents>
            <object_component_ref idref="oc-b8"/>
         </contents>
      </logical_group>
      <logical_group id="lg-31" display="no" color="cyan">
         <name>EPwm7RegsFile</name>
         <run_address>0x6980</run_address>
         <size>0x40</size>
         <contents>
            <object_component_ref idref="oc-b7"/>
         </contents>
      </logical_group>
      <logical_group id="lg-32" display="no" color="cyan">
         <name>CsmPwlFile</name>
         <run_address>0x3f7ff8</run_address>
         <size>0x8</size>
         <contents>
            <object_component_ref idref="oc-9a"/>
         </contents>
      </logical_group>
      <logical_group id="lg-33" display="no" color="cyan">
         <name>PartIdRegsFile</name>
         <run_address>0x3d7e80</run_address>
         <size>0x1</size>
         <contents>
            <object_component_ref idref="oc-94"/>
         </contents>
      </logical_group>
      <logical_group id="lg-34" display="no" color="cyan">
         <name>.cinit</name>
         <load_address>0x3f721a</load_address>
         <run_address>0x3f721a</run_address>
         <size>0xdc</size>
         <contents>
            <object_component_ref idref="oc-4e"/>
            <object_component_ref idref="oc-47"/>
            <object_component_ref idref="oc-5b"/>
            <object_component_ref idref="oc-68"/>
            <object_component_ref idref="oc-eb"/>
            <object_component_ref idref="oc-e4"/>
            <object_component_ref idref="oc-d8"/>
         </contents>
      </logical_group>
      <logical_group id="lg-35" display="no" color="cyan">
         <name>.pinit</name>
         <run_address>0x0</run_address>
         <size>0x0</size>
         <contents>
         </contents>
      </logical_group>
      <logical_group id="lg-36" display="no" color="cyan">
         <name>.text</name>
         <load_address>0x3f6000</load_address>
         <run_address>0x3f6000</run_address>
         <size>0x111a</size>
         <contents>
            <object_component_ref idref="oc-59"/>
            <object_component_ref idref="oc-66"/>
            <object_component_ref idref="oc-45"/>
            <object_component_ref idref="oc-c9"/>
            <object_component_ref idref="oc-d6"/>
            <object_component_ref idref="oc-71"/>
            <object_component_ref idref="oc-4c"/>
            <object_component_ref idref="oc-c3"/>
            <object_component_ref idref="oc-d2"/>
            <object_component_ref idref="oc-50"/>
            <object_component_ref idref="oc-77"/>
            <object_component_ref idref="oc-61"/>
            <object_component_ref idref="oc-44"/>
            <object_component_ref idref="oc-54"/>
            <object_component_ref idref="oc-87"/>
            <object_component_ref idref="oc-81"/>
            <object_component_ref idref="oc-8c"/>
            <object_component_ref idref="oc-7c"/>
            <object_component_ref idref="oc-5d"/>
            <object_component_ref idref="oc-f0"/>
            <object_component_ref idref="oc-e2"/>
            <object_component_ref idref="oc-e9"/>
            <object_component_ref idref="oc-cd"/>
         </contents>
      </logical_group>
      <logical_group id="lg-37" display="no" color="cyan">
         <name>codestart</name>
         <load_address>0x3f7ff6</load_address>
         <run_address>0x3f7ff6</run_address>
         <size>0x2</size>
         <contents>
            <object_component_ref idref="oc-ce"/>
         </contents>
      </logical_group>
      <logical_group id="lg-38" display="no" color="cyan">
         <name>ramfuncs</name>
         <load_address>0x3f0000</load_address>
         <run_address>0x8000</run_address>
         <size>0x1f</size>
         <contents>
            <object_component_ref idref="oc-73"/>
            <object_component_ref idref="oc-6d"/>
         </contents>
      </logical_group>
      <logical_group id="lg-39" display="no" color="cyan">
         <name>csmpasswds</name>
         <run_address>0x0</run_address>
         <size>0x0</size>
         <contents>
         </contents>
      </logical_group>
      <logical_group id="lg-3a" display="no" color="cyan">
         <name>csm_rsvd</name>
         <run_address>0x0</run_address>
         <size>0x0</size>
         <contents>
         </contents>
      </logical_group>
      <logical_group id="lg-3b" display="no" color="cyan">
         <name>.stack</name>
         <run_address>0x50</run_address>
         <size>0x300</size>
         <contents>
            <object_component_ref idref="oc-dd"/>
            <object_component_ref idref="oc-13f"/>
         </contents>
      </logical_group>
      <logical_group id="lg-3c" display="no" color="cyan">
         <name>.ebss</name>
         <run_address>0x8c00</run_address>
         <size>0x226</size>
         <contents>
            <object_component_ref idref="oc-48"/>
            <object_component_ref idref="oc-4f"/>
            <object_component_ref idref="oc-5c"/>
            <object_component_ref idref="oc-69"/>
            <object_component_ref idref="oc-d9"/>
            <object_component_ref idref="oc-e5"/>
            <object_component_ref idref="oc-ec"/>
         </contents>
      </logical_group>
      <logical_group id="lg-3d" display="no" color="cyan">
         <name>.esysmem</name>
         <run_address>0x0</run_address>
         <size>0x0</size>
         <contents>
         </contents>
      </logical_group>
      <logical_group id="lg-3e" display="no" color="cyan">
         <name>.econst</name>
         <load_address>0x3f711a</load_address>
         <run_address>0x3f711a</run_address>
         <size>0x100</size>
         <contents>
            <object_component_ref idref="oc-83"/>
         </contents>
      </logical_group>
      <logical_group id="lg-3f" display="no" color="cyan">
         <name>.switch</name>
         <load_address>0x3f72f6</load_address>
         <run_address>0x3f72f6</run_address>
         <size>0x40</size>
         <contents>
            <object_component_ref idref="oc-f5"/>
         </contents>
      </logical_group>
      <logical_group id="lg-40" display="no" color="cyan">
         <name>IQmath</name>
         <run_address>0x0</run_address>
         <size>0x0</size>
         <contents>
         </contents>
      </logical_group>
      <logical_group id="lg-41" display="no" color="cyan">
         <name>IQmathTables</name>
         <run_address>0x0</run_address>
         <size>0x0</size>
         <contents>
         </contents>
      </logical_group>
      <logical_group id="lg-42" display="no" color="cyan">
         <name>.reset</name>
         <load_address>0x3fffc0</load_address>
         <run_address>0x3fffc0</run_address>
         <size>0x2</size>
         <contents>
            <object_component_ref idref="oc-de"/>
         </contents>
      </logical_group>
      <logical_group id="lg-43" display="no" color="cyan">
         <name>vectors</name>
         <run_address>0x3fffc2</run_address>
         <size>0x0</size>
         <contents>
         </contents>
      </logical_group>
      <logical_group id="lg-136" display="never" color="cyan">
         <name>.debug_info</name>
         <load_address>0x0</load_address>
         <run_address>0x0</run_address>
         <size>0x3b92d</size>
         <contents>
            <object_component_ref idref="oc-46"/>
            <object_component_ref idref="oc-4d"/>
            <object_component_ref idref="oc-55"/>
            <object_component_ref idref="oc-5a"/>
            <object_component_ref idref="oc-62"/>
            <object_component_ref idref="oc-67"/>
            <object_component_ref idref="oc-6e"/>
            <object_component_ref idref="oc-72"/>
            <object_component_ref idref="oc-78"/>
            <object_component_ref idref="oc-7d"/>
            <object_component_ref idref="oc-82"/>
            <object_component_ref idref="oc-88"/>
            <object_component_ref idref="oc-8d"/>
            <object_component_ref idref="oc-91"/>
            <object_component_ref idref="oc-c4"/>
            <object_component_ref idref="oc-c8"/>
            <object_component_ref idref="oc-cf"/>
            <object_component_ref idref="oc-d3"/>
            <object_component_ref idref="oc-d7"/>
            <object_component_ref idref="oc-df"/>
            <object_component_ref idref="oc-e3"/>
            <object_component_ref idref="oc-ea"/>
            <object_component_ref idref="oc-f1"/>
            <object_component_ref idref="oc-140"/>
         </contents>
      </logical_group>
      <logical_group id="lg-138" display="never" color="cyan">
         <name>.debug_frame</name>
         <load_address>0x0</load_address>
         <run_address>0x0</run_address>
         <size>0x165f</size>
         <contents>
            <object_component_ref idref="oc-49"/>
            <object_component_ref idref="oc-51"/>
            <object_component_ref idref="oc-56"/>
            <object_component_ref idref="oc-5e"/>
            <object_component_ref idref="oc-63"/>
            <object_component_ref idref="oc-6a"/>
            <object_component_ref idref="oc-74"/>
            <object_component_ref idref="oc-79"/>
            <object_component_ref idref="oc-7e"/>
            <object_component_ref idref="oc-84"/>
            <object_component_ref idref="oc-89"/>
            <object_component_ref idref="oc-8e"/>
            <object_component_ref idref="oc-c5"/>
            <object_component_ref idref="oc-ca"/>
            <object_component_ref idref="oc-da"/>
            <object_component_ref idref="oc-e6"/>
            <object_component_ref idref="oc-ed"/>
            <object_component_ref idref="oc-f2"/>
         </contents>
      </logical_group>
      <logical_group id="lg-13a" display="never" color="cyan">
         <name>.debug_line</name>
         <load_address>0x0</load_address>
         <run_address>0x0</run_address>
         <size>0x2007</size>
         <contents>
            <object_component_ref idref="oc-4a"/>
            <object_component_ref idref="oc-52"/>
            <object_component_ref idref="oc-57"/>
            <object_component_ref idref="oc-5f"/>
            <object_component_ref idref="oc-64"/>
            <object_component_ref idref="oc-6b"/>
            <object_component_ref idref="oc-6f"/>
            <object_component_ref idref="oc-75"/>
            <object_component_ref idref="oc-7a"/>
            <object_component_ref idref="oc-7f"/>
            <object_component_ref idref="oc-85"/>
            <object_component_ref idref="oc-8a"/>
            <object_component_ref idref="oc-8f"/>
            <object_component_ref idref="oc-c6"/>
            <object_component_ref idref="oc-cb"/>
            <object_component_ref idref="oc-d0"/>
            <object_component_ref idref="oc-d4"/>
            <object_component_ref idref="oc-db"/>
            <object_component_ref idref="oc-e0"/>
            <object_component_ref idref="oc-e7"/>
            <object_component_ref idref="oc-ee"/>
            <object_component_ref idref="oc-f3"/>
         </contents>
      </logical_group>
      <logical_group id="lg-13c" display="never" color="cyan">
         <name>.debug_abbrev</name>
         <load_address>0x0</load_address>
         <run_address>0x0</run_address>
         <size>0x1610</size>
         <contents>
            <object_component_ref idref="oc-4b"/>
            <object_component_ref idref="oc-53"/>
            <object_component_ref idref="oc-58"/>
            <object_component_ref idref="oc-60"/>
            <object_component_ref idref="oc-65"/>
            <object_component_ref idref="oc-6c"/>
            <object_component_ref idref="oc-70"/>
            <object_component_ref idref="oc-76"/>
            <object_component_ref idref="oc-7b"/>
            <object_component_ref idref="oc-80"/>
            <object_component_ref idref="oc-86"/>
            <object_component_ref idref="oc-8b"/>
            <object_component_ref idref="oc-90"/>
            <object_component_ref idref="oc-c2"/>
            <object_component_ref idref="oc-c7"/>
            <object_component_ref idref="oc-cc"/>
            <object_component_ref idref="oc-d1"/>
            <object_component_ref idref="oc-d5"/>
            <object_component_ref idref="oc-dc"/>
            <object_component_ref idref="oc-e1"/>
            <object_component_ref idref="oc-e8"/>
            <object_component_ref idref="oc-ef"/>
            <object_component_ref idref="oc-f4"/>
            <object_component_ref idref="oc-141"/>
         </contents>
      </logical_group>
   </logical_group_list>
   <placement_map>
      <memory_area display="yes" color="green">
         <name>RAML0</name>
         <page_id>0x0</page_id>
         <origin>0x8000</origin>
         <length>0x800</length>
         <used_space>0x1f</used_space>
         <unused_space>0x7e1</unused_space>
         <attributes>RWIX</attributes>
         <usage_details>
            <allocated_space>
               <start_address>0x8000</start_address>
               <size>0x1f</size>
               <logical_group_ref idref="lg-38"/>
            </allocated_space>
            <available_space>
               <start_address>0x801f</start_address>
               <size>0x7e1</size>
            </available_space>
         </usage_details>
      </memory_area>
      <memory_area display="yes" color="green">
         <name>RAML1</name>
         <page_id>0x0</page_id>
         <origin>0x8800</origin>
         <length>0x400</length>
         <used_space>0x0</used_space>
         <unused_space>0x400</unused_space>
         <attributes>RWIX</attributes>
         <usage_details>
         </usage_details>
      </memory_area>
      <memory_area display="yes" color="green">
         <name>OTP</name>
         <page_id>0x0</page_id>
         <origin>0x3d7800</origin>
         <length>0x400</length>
         <used_space>0x0</used_space>
         <unused_space>0x400</unused_space>
         <attributes>RWIX</attributes>
         <usage_details>
         </usage_details>
      </memory_area>
      <memory_area display="yes" color="green">
         <name>FLASHH</name>
         <page_id>0x0</page_id>
         <origin>0x3e8000</origin>
         <length>0x2000</length>
         <used_space>0x0</used_space>
         <unused_space>0x2000</unused_space>
         <attributes>RWIX</attributes>
         <usage_details>
         </usage_details>
      </memory_area>
      <memory_area display="yes" color="green">
         <name>FLASHG</name>
         <page_id>0x0</page_id>
         <origin>0x3ea000</origin>
         <length>0x2000</length>
         <used_space>0x0</used_space>
         <unused_space>0x2000</unused_space>
         <attributes>RWIX</attributes>
         <usage_details>
         </usage_details>
      </memory_area>
      <memory_area display="yes" color="green">
         <name>FLASHF</name>
         <page_id>0x0</page_id>
         <origin>0x3ec000</origin>
         <length>0x2000</length>
         <used_space>0x0</used_space>
         <unused_space>0x2000</unused_space>
         <attributes>RWIX</attributes>
         <usage_details>
         </usage_details>
      </memory_area>
      <memory_area display="yes" color="green">
         <name>FLASHE</name>
         <page_id>0x0</page_id>
         <origin>0x3ee000</origin>
         <length>0x2000</length>
         <used_space>0x0</used_space>
         <unused_space>0x2000</unused_space>
         <attributes>RWIX</attributes>
         <usage_details>
         </usage_details>
      </memory_area>
      <memory_area display="yes" color="green">
         <name>FLASHD</name>
         <page_id>0x0</page_id>
         <origin>0x3f0000</origin>
         <length>0x2000</length>
         <used_space>0x1f</used_space>
         <unused_space>0x1fe1</unused_space>
         <attributes>RWIX</attributes>
         <usage_details>
            <allocated_space>
               <start_address>0x3f0000</start_address>
               <size>0x1f</size>
               <logical_group_ref idref="lg-38"/>
            </allocated_space>
            <available_space>
               <start_address>0x3f001f</start_address>
[...]
         <object_component_ref idref="oc-b2"/>
      </symbol>
      <symbol id="sm-2b3">
         <name>_EQep1Regs</name>
         <value>0x6b00</value>
         <object_component_ref idref="oc-ba"/>
      </symbol>
      <symbol id="sm-2b4">
         <name>_EPwm1Regs</name>
         <value>0x6800</value>
         <object_component_ref idref="oc-b1"/>
      </symbol>
      <symbol id="sm-2b5">
         <name>_GpioIntRegs</name>
         <value>0x6fe0</value>
         <object_component_ref idref="oc-9e"/>
      </symbol>
      <symbol id="sm-2b6">
         <name>_PartIdRegs</name>
         <value>0x3d7e80</value>
         <object_component_ref idref="oc-94"/>
      </symbol>
      <symbol id="sm-2b7">
         <name>_Flash_CPUScaleFactor</name>
         <value>0xd04</value>
         <object_component_ref idref="oc-96"/>
      </symbol>
      <symbol id="sm-2b8">
         <name>_EPwm2Regs</name>
         <value>0x6840</value>
         <object_component_ref idref="oc-b3"/>
      </symbol>
      <symbol id="sm-2b9">
         <name>_ECanaMboxes</name>
         <value>0x6100</value>
         <object_component_ref idref="oc-c1"/>
      </symbol>
      <symbol id="sm-2ba">
         <name>_HRCap2Regs</name>
         <value>0x6ae0</value>
         <object_component_ref idref="oc-ab"/>
      </symbol>
      <symbol id="sm-2bb">
         <name>_NmiIntruptRegs</name>
         <value>0x7060</value>
         <object_component_ref idref="oc-a1"/>
      </symbol>
      <symbol id="sm-2bc">
         <name>_ECanaMOTORegs</name>
         <value>0x60c0</value>
         <object_component_ref idref="oc-bd"/>
      </symbol>
      <symbol id="sm-2bd">
         <name>_Flash_CallbackPtr</name>
         <value>0xd02</value>
         <object_component_ref idref="oc-95"/>
      </symbol>
      <symbol id="sm-2be">
         <name>_EPwm3Regs</name>
         <value>0x6880</value>
         <object_component_ref idref="oc-b6"/>
      </symbol>
      <symbol id="sm-2bf">
         <name>_I2caRegs</name>
         <value>0x7900</value>
         <object_component_ref idref="oc-af"/>
      </symbol>
      <symbol id="sm-2c9">
         <name>_InitEPwm3Gpio</name>
         <value>0x3f6d76</value>
         <object_component_ref idref="oc-c3"/>
      </symbol>
      <symbol id="sm-2ca">
         <name>_InitTzGpio</name>
         <value>0x3f6de5</value>
         <object_component_ref idref="oc-c3"/>
      </symbol>
      <symbol id="sm-2cb">
         <name>_InitEPwm2Gpio</name>
         <value>0x3f6d64</value>
         <object_component_ref idref="oc-c3"/>
      </symbol>
      <symbol id="sm-2cc">
         <name>_InitEPwm1Gpio</name>
         <value>0x3f6d52</value>
         <object_component_ref idref="oc-c3"/>
      </symbol>
      <symbol id="sm-2cd">
         <name>_InitEPwm7Gpio</name>
         <value>0x3f6dc2</value>
         <object_component_ref idref="oc-c3"/>
      </symbol>
      <symbol id="sm-2ce">
         <name>_InitEPwm6Gpio</name>
         <value>0x3f6db0</value>
         <object_component_ref idref="oc-c3"/>
      </symbol>
      <symbol id="sm-2cf">
         <name>_InitEPwmGpio</name>
         <value>0x3f6d43</value>
         <object_component_ref idref="oc-c3"/>
      </symbol>
      <symbol id="sm-2d0">
         <name>_InitEPwm5Gpio</name>
         <value>0x3f6d9e</value>
         <object_component_ref idref="oc-c3"/>
      </symbol>
      <symbol id="sm-2d1">
         <name>_InitEPwm4Gpio</name>
         <value>0x3f6d8a</value>
         <object_component_ref idref="oc-c3"/>
      </symbol>
      <symbol id="sm-2d2">
         <name>_InitEPwmSyncGpio</name>
         <value>0x3f6dd4</value>
         <object_component_ref idref="oc-c3"/>
      </symbol>
      <symbol id="sm-2d3">
         <name>_InitEPwm</name>
         <value>0x3f6d42</value>
         <object_component_ref idref="oc-c3"/>
      </symbol>
      <symbol id="sm-326">
         <name>_ILLEGAL_ISR</name>
         <value>0x3f683c</value>
         <object_component_ref idref="oc-c9"/>
      </symbol>
      <symbol id="sm-327">
         <name>_EPWM6_INT_ISR</name>
         <value>0x3f68dc</value>
         <object_component_ref idref="oc-c9"/>
      </symbol>
      <symbol id="sm-328">
         <name>_ADCINT4_ISR</name>
         <value>0x3f693b</value>
         <object_component_ref idref="oc-c9"/>
      </symbol>
      <symbol id="sm-329">
         <name>_DATALOG_ISR</name>
         <value>0x3f6828</value>
         <object_component_ref idref="oc-c9"/>
      </symbol>
      <symbol id="sm-32a">
         <name>_SPITXINTA_ISR</name>
         <value>0x3f68ff</value>
         <object_component_ref idref="oc-c9"/>
      </symbol>
      <symbol id="sm-32b">
         <name>_SPIRXINTA_ISR</name>
         <value>0x3f68fa</value>
         <object_component_ref idref="oc-c9"/>
      </symbol>
      <symbol id="sm-32c">
         <name>_INT13_ISR</name>
         <value>0x3f681e</value>
         <object_component_ref idref="oc-c9"/>
      </symbol>
      <symbol id="sm-32d">
         <name>_LIN1INTA_ISR</name>
         <value>0x3f6927</value>
         <object_component_ref idref="oc-c9"/>
      </symbol>
      <symbol id="sm-32e">
         <name>_ADCINT5_ISR</name>
         <value>0x3f6940</value>
         <object_component_ref idref="oc-c9"/>
      </symbol>
      <symbol id="sm-32f">
         <name>_EPWM4_INT_ISR</name>
         <value>0x3f68d2</value>
         <object_component_ref idref="oc-c9"/>
      </symbol>
      <symbol id="sm-330">
         <name>_USER5_ISR</name>
         <value>0x3f6855</value>
         <object_component_ref idref="oc-c9"/>
      </symbol>
      <symbol id="sm-331">
         <name>_CLA1_INT2_ISR</name>
         <value>0x3f6959</value>
         <object_component_ref idref="oc-c9"/>
      </symbol>
      <symbol id="sm-332">
         <name>_EMPTY_ISR</name>
         <value>0x3f698b</value>
         <object_component_ref idref="oc-c9"/>
      </symbol>
      <symbol id="sm-333">
         <name>_EPWM5_TZINT_ISR</name>
         <value>0x3f68b4</value>
         <object_component_ref idref="oc-c9"/>
      </symbol>
      <symbol id="sm-334">
         <name>_CLA1_INT8_ISR</name>
         <value>0x3f6977</value>
         <object_component_ref idref="oc-c9"/>
      </symbol>
      <symbol id="sm-335">
         <name>_EPWM4_TZINT_ISR</name>
         <value>0x3f68af</value>
         <object_component_ref idref="oc-c9"/>
      </symbol>
      <symbol id="sm-336">
         <name>_ECAN0INTA_ISR</name>
         <value>0x3f692c</value>
         <object_component_ref idref="oc-c9"/>
      </symbol>
      <symbol id="sm-337">
         <name>_EPWM7_TZINT_ISR</name>
         <value>0x3f68be</value>
         <object_component_ref idref="oc-c9"/>
      </symbol>
      <symbol id="sm-338">
         <name>_EPWM6_TZINT_ISR</name>
         <value>0x3f68b9</value>
         <object_component_ref idref="oc-c9"/>
      </symbol>
      <symbol id="sm-339">
         <name>_EMUINT_ISR</name>
         <value>0x3f6832</value>
         <object_component_ref idref="oc-c9"/>
      </symbol>
      <symbol id="sm-33a">
         <name>_ECAP1_INT_ISR</name>
         <value>0x3f68e6</value>
         <object_component_ref idref="oc-c9"/>
      </symbol>
      <symbol id="sm-33b">
         <name>_EPWM1_TZINT_ISR</name>
         <value>0x3f68a0</value>
         <object_component_ref idref="oc-c9"/>
      </symbol>
      <symbol id="sm-33c">
         <name>_ADCINT6_ISR</name>
         <value>0x3f6945</value>
         <object_component_ref idref="oc-c9"/>
      </symbol>
      <symbol id="sm-33d">
         <name>_HRCAP2_INT_ISR</name>
         <value>0x3f68f0</value>
         <object_component_ref idref="oc-c9"/>
      </symbol>
      <symbol id="sm-33e">
         <name>_ADCINT8_ISR</name>
         <value>0x3f694f</value>
         <object_component_ref idref="oc-c9"/>
      </symbol>
      <symbol id="sm-33f">
         <name>_USER11_ISR</name>
         <value>0x3f6873</value>
         <object_component_ref idref="oc-c9"/>
      </symbol>
      <symbol id="sm-340">
         <name>_EPWM3_TZINT_ISR</name>
         <value>0x3f68aa</value>
         <object_component_ref idref="oc-c9"/>
      </symbol>
      <symbol id="sm-341">
         <name>_USER4_ISR</name>
         <value>0x3f6850</value>
         <object_component_ref idref="oc-c9"/>
      </symbol>
      <symbol id="sm-342">
         <name>_EPWM2_TZINT_ISR</name>
         <value>0x3f68a5</value>
         <object_component_ref idref="oc-c9"/>
      </symbol>
      <symbol id="sm-343">
         <name>_CLA1_INT3_ISR</name>
         <value>0x3f695e</value>
         <object_component_ref idref="oc-c9"/>
      </symbol>
      <symbol id="sm-344">
         <name>_EPWM2_INT_ISR</name>
         <value>0x3f68c8</value>
         <object_component_ref idref="oc-c9"/>
      </symbol>
      <symbol id="sm-345">
         <name>_TINT0_ISR</name>
         <value>0x3f6896</value>
         <object_component_ref idref="oc-c9"/>
      </symbol>
      <symbol id="sm-346">
         <name>_WAKEINT_ISR</name>
         <value>0x3f689b</value>
         <object_component_ref idref="oc-c9"/>
      </symbol>
      <symbol id="sm-347">
         <name>_ADCINT7_ISR</name>
         <value>0x3f694a</value>
         <object_component_ref idref="oc-c9"/>
      </symbol>
      <symbol id="sm-348">
         <name>_ADCINT9_ISR</name>
         <value>0x3f6891</value>
         <object_component_ref idref="oc-c9"/>
      </symbol>
      <symbol id="sm-349">
         <name>_USER10_ISR</name>
         <value>0x3f686e</value>
         <object_component_ref idref="oc-c9"/>
      </symbol>
      <symbol id="sm-34a">
         <name>_USER7_ISR</name>
         <value>0x3f685f</value>
         <object_component_ref idref="oc-c9"/>
      </symbol>
      <symbol id="sm-34b">
         <name>_XINT1_ISR</name>
         <value>0x3f6887</value>
         <object_component_ref idref="oc-c9"/>
      </symbol>
      <symbol id="sm-34c">
         <name>_INT14_ISR</name>
         <value>0x3f6823</value>
         <object_component_ref idref="oc-c9"/>
      </symbol>
      <symbol id="sm-34d">
         <name>_EPWM7_INT_ISR</name>
         <value>0x3f68e1</value>
         <object_component_ref idref="oc-c9"/>
      </symbol>
      <symbol id="sm-34e">
         <name>_USER6_ISR</name>
         <value>0x3f685a</value>
         <object_component_ref idref="oc-c9"/>
      </symbol>
      <symbol id="sm-34f">
         <name>_CLA1_INT1_ISR</name>
         <value>0x3f6954</value>
         <object_component_ref idref="oc-c9"/>
      </symbol>
      <symbol id="sm-350">
         <name>_ADCINT1_ISR</name>
         <value>0x3f687d</value>
         <object_component_ref idref="oc-c9"/>
      </symbol>
      <symbol id="sm-351">
         <name>_LIN0INTA_ISR</name>
         <value>0x3f6922</value>
         <object_component_ref idref="oc-c9"/>
      </symbol>
      <symbol id="sm-352">
         <name>_USER12_ISR</name>
         <value>0x3f6878</value>
         <object_component_ref idref="oc-c9"/>
      </symbol>
      <symbol id="sm-353">
         <name>_USER1_ISR</name>
         <value>0x3f6841</value>
         <object_component_ref idref="oc-c9"/>
      </symbol>
      <symbol id="sm-354">
         <name>_XINT3_ISR</name>
         <value>0x3f697c</value>
         <object_component_ref idref="oc-c9"/>
      </symbol>
      <symbol id="sm-355">
         <name>_CLA1_INT6_ISR</name>
         <value>0x3f696d</value>
         <object_component_ref idref="oc-c9"/>
      </symbol>
      <symbol id="sm-356">
         <name>_EPWM5_INT_ISR</name>
         <value>0x3f68d7</value>
         <object_component_ref idref="oc-c9"/>
      </symbol>
      <symbol id="sm-357">
         <name>_NMI_ISR</name>
         <value>0x3f6837</value>
         <object_component_ref idref="oc-c9"/>
      </symbol>
      <symbol id="sm-358">
         <name>_ECAN1INTA_ISR</name>
         <value>0x3f6931</value>
         <object_component_ref idref="oc-c9"/>
      </symbol>
      <symbol id="sm-359">
         <name>_ADCINT2_ISR</name>
         <value>0x3f6882</value>
         <object_component_ref idref="oc-c9"/>
      </symbol>
      <symbol id="sm-35a">
         <name>_PIE_RESERVED</name>
         <value>0x3f6990</value>
         <object_component_ref idref="oc-c9"/>
      </symbol>
      <symbol id="sm-35b">
         <name>_I2CINT1A_ISR</name>
         <value>0x3f690e</value>
         <object_component_ref idref="oc-c9"/>
      </symbol>
      <symbol id="sm-35c">
         <name>_XINT2_ISR</name>
         <value>0x3f688c</value>
         <object_component_ref idref="oc-c9"/>
      </symbol>
      <symbol id="sm-35d">
         <name>_CLA1_INT7_ISR</name>
         <value>0x3f6972</value>
         <object_component_ref idref="oc-c9"/>
      </symbol>
      <symbol id="sm-35e">
         <name>_I2CINT2A_ISR</name>
         <value>0x3f6913</value>
         <object_component_ref idref="oc-c9"/>
      </symbol>
      <symbol id="sm-35f">
         <name>_RTOSINT_ISR</name>
         <value>0x3f682d</value>
         <object_component_ref idref="oc-c9"/>
      </symbol>
      <symbol id="sm-360">
         <name>_EPWM3_INT_ISR</name>
         <value>0x3f68cd</value>
         <object_component_ref idref="oc-c9"/>
      </symbol>
      <symbol id="sm-361">
         <name>_ADCINT3_ISR</name>
         <value>0x3f6936</value>
         <object_component_ref idref="oc-c9"/>
      </symbol>
      <symbol id="sm-362">
         <name>_SPITXINTB_ISR</name>
         <value>0x3f6909</value>
         <object_component_ref idref="oc-c9"/>
      </symbol>
      <symbol id="sm-363">
         <name>_SPIRXINTB_ISR</name>
         <value>0x3f6904</value>
         <object_component_ref idref="oc-c9"/>
      </symbol>
      <symbol id="sm-364">
         <name>_USER9_ISR</name>
         <value>0x3f6869</value>
         <object_component_ref idref="oc-c9"/>
      </symbol>
      <symbol id="sm-365">
         <name>_USER3_ISR</name>
         <value>0x3f684b</value>
         <object_component_ref idref="oc-c9"/>
      </symbol>
      <symbol id="sm-366">
         <name>_CLA1_INT4_ISR</name>
         <value>0x3f6963</value>
         <object_component_ref idref="oc-c9"/>
      </symbol>
      <symbol id="sm-367">
         <name>_EQEP1_INT_ISR</name>
         <value>0x3f68f5</value>
         <object_component_ref idref="oc-c9"/>
      </symbol>
      <symbol id="sm-368">
         <name>_USER8_ISR</name>
         <value>0x3f6864</value>
         <object_component_ref idref="oc-c9"/>
      </symbol>
      <symbol id="sm-369">
         <name>_EPWM1_INT_ISR</name>
         <value>0x3f68c3</value>
         <object_component_ref idref="oc-c9"/>
      </symbol>
      <symbol id="sm-36a">
         <name>_USER2_ISR</name>
         <value>0x3f6846</value>
         <object_component_ref idref="oc-c9"/>
      </symbol>
      <symbol id="sm-36b">
         <name>_CLA1_INT5_ISR</name>
         <value>0x3f6968</value>
         <object_component_ref idref="oc-c9"/>
      </symbol>
      <symbol id="sm-36c">
         <name>_LUF_ISR</name>
         <value>0x3f6986</value>
         <object_component_ref idref="oc-c9"/>
      </symbol>
      <symbol id="sm-36d">
         <name>_LVF_ISR</name>
         <value>0x3f6981</value>
         <object_component_ref idref="oc-c9"/>
      </symbol>
      <symbol id="sm-36e">
         <name>_SCITXINTA_ISR</name>
         <value>0x3f691d</value>
         <object_component_ref idref="oc-c9"/>
      </symbol>
      <symbol id="sm-36f">
         <name>_SCIRXINTA_ISR</name>
         <value>0x3f6918</value>
         <object_component_ref idref="oc-c9"/>
      </symbol>
      <symbol id="sm-370">
         <name>_rsvd_ISR</name>
         <value>0x3f6995</value>
         <object_component_ref idref="oc-c9"/>
      </symbol>
      <symbol id="sm-371">
         <name>_HRCAP1_INT_ISR</name>
         <value>0x3f68eb</value>
         <object_component_ref idref="oc-c9"/>
      </symbol>
      <symbol id="sm-37c">
         <name>code_start</name>
         <value>0x3f7ff6</value>
         <object_component_ref idref="oc-ce"/>
      </symbol>
      <symbol id="sm-384">
         <name>_Q24divtoQ16</name>
         <value>0x3f6e06</value>
         <object_component_ref idref="oc-d2"/>
      </symbol>
      <symbol id="sm-385">
         <name>_LowPulseWidth0</name>
         <value>0x3f6e0e</value>
         <object_component_ref idref="oc-d2"/>
      </symbol>
      <symbol id="sm-386">
         <name>_PeriodWidthRise0</name>
         <value>0x3f6e5f</value>
         <object_component_ref idref="oc-d2"/>
      </symbol>
      <symbol id="sm-387">
         <name>_HighPulseWidth0</name>
         <value>0x3f6e29</value>
         <object_component_ref idref="oc-d2"/>
      </symbol>
      <symbol id="sm-388">
         <name>_HighPulseWidth1</name>
         <value>0x3f6e44</value>
         <object_component_ref idref="oc-d2"/>
      </symbol>
      <symbol id="sm-389">
         <name>_PeriodWidthFall0</name>
         <value>0x3f6e7d</value>
         <object_component_ref idref="oc-d2"/>
      </symbol>
      <symbol id="sm-3ac">
         <name>_MIN</name>
         <value>0x8d57</value>
         <object_component_ref idref="oc-d9"/>
      </symbol>
      <symbol id="sm-3ad">
         <name>_ONEHCSYNCCLK</name>
         <value>0x8d60</value>
         <object_component_ref idref="oc-d9"/>
      </symbol>
      <symbol id="sm-3ae">
         <name>_MAX</name>
         <value>0x8d4e</value>
         <object_component_ref idref="oc-d9"/>
      </symbol>
      <symbol id="sm-3af">
         <name>_HRCAP_Cal</name>
         <value>0x3f699a</value>
         <object_component_ref idref="oc-d6"/>
      </symbol>
      <symbol id="sm-3b0">
         <name>_HRPWM_Config</name>
         <value>0x3f6a94</value>
         <object_component_ref idref="oc-d6"/>
      </symbol>
      <symbol id="sm-3c4">
         <name>_c_int00</name>
         <value>0x3f6fbc</value>
         <object_component_ref idref="oc-44"/>
      </symbol>
      <symbol id="sm-3c5">
         <name>__stack</name>
         <value>0x50</value>
         <object_component_ref idref="oc-dd"/>
      </symbol>
      <symbol id="sm-3d6">
         <name>C$$EXIT</name>
         <value>0x3f70f0</value>
         <object_component_ref idref="oc-e2"/>
      </symbol>
      <symbol id="sm-3d7">
         <name>_exit</name>
         <value>0x3f70f2</value>
         <object_component_ref idref="oc-e2"/>
      </symbol>
      <symbol id="sm-3d8">
         <name>___TI_cleanup_ptr</name>
         <value>0x8de4</value>
         <object_component_ref idref="oc-e5"/>
      </symbol>
      <symbol id="sm-3d9">
         <name>_abort</name>
         <value>0x3f70f0</value>
         <object_component_ref idref="oc-e2"/>
      </symbol>
      <symbol id="sm-3da">
         <name>___TI_dtors_ptr</name>
         <value>0x8de6</value>
         <object_component_ref idref="oc-e5"/>
      </symbol>
      <symbol id="sm-3e8">
         <name>__unlock</name>
         <value>0x8de0</value>
         <object_component_ref idref="oc-ec"/>
      </symbol>
      <symbol id="sm-3e9">
         <name>__lock</name>
         <value>0x8de2</value>
         <object_component_ref idref="oc-ec"/>
      </symbol>
      <symbol id="sm-3ea">
         <name>__register_lock</name>
         <value>0x3f710d</value>
         <object_component_ref idref="oc-e9"/>
      </symbol>
      <symbol id="sm-3eb">
         <name>__nop</name>
         <value>0x3f7111</value>
         <object_component_ref idref="oc-e9"/>
      </symbol>
      <symbol id="sm-3ec">
         <name>__register_unlock</name>
         <value>0x3f7109</value>
         <object_component_ref idref="oc-e9"/>
      </symbol>
      <symbol id="sm-3f8">
         <name>__args_main</name>
         <value>0x3f70d7</value>
         <object_component_ref idref="oc-f0"/>
      </symbol>
      <symbol id="sm-3f9">
         <name>__TI_args_main</name>
         <value>0x1</value>
      </symbol>
   </symbol_table>
   <title>Link successful</title>
</link_info>
