******************************************************************************
             TMS320C2000 Linker PC v6.2.0                      
******************************************************************************
>> Linked Wed May 28 15:03:28 2014

OUTPUT FILE NAME:   <my_led_blink.out>
ENTRY POINT SYMBOL: "_c_int00"  address: 00008383


MEMORY CONFIGURATION

         name            origin    length      used     unused   attr    fill
----------------------  --------  ---------  --------  --------  ----  --------
PAGE 0:
  BEGIN                 00000000   00000002  00000002  00000000  RWIX
  RAMM0                 00000050   000003b0  00000035  0000037b  RWIX
  RAML0L1               00008000   00000c00  000004ca  00000736  RWIX
  IQTABLES              003fe000   00000b50  00000000  00000b50  RWIX
  IQTABLES2             003feb50   0000008c  00000000  0000008c  RWIX
  IQTABLES3             003febdc   000000aa  00000000  000000aa  RWIX
  BOOTROM               003ff27c   00000d44  00000000  00000d44  RWIX
  RESET                 003fffc0   00000002  00000000  00000002  RWIX

PAGE 1:
  BOOT_RSVD             00000002   0000004e  00000000  0000004e  RWIX
  RAMM1                 00000480   00000380  00000300  00000080  RWIX
  DEV_EMU               00000880   00000105  00000004  00000101  RWIX
  SYS_PWR_CTL           00000985   00000003  00000003  00000000  RWIX
  FLASH_REGS            00000a80   00000060  00000008  00000058  RWIX
  CSM                   00000ae0   00000010  00000010  00000000  RWIX
  ADC_RESULT            00000b00   00000020  00000020  00000000  RWIX
  CPU_TIMER0            00000c00   00000008  00000008  00000000  RWIX
  CPU_TIMER1            00000c08   00000008  00000008  00000000  RWIX
  CPU_TIMER2            00000c10   00000008  00000008  00000000  RWIX
  PIE_CTRL              00000ce0   00000020  0000001a  00000006  RWIX
  PIE_VECT              00000d00   00000100  00000100  00000000  RWIX
  CLA1                  00001400   00000080  00000040  00000040  RWIX
  ECANA                 00006000   00000040  00000034  0000000c  RWIX
  ECANA_LAM             00006040   00000040  00000040  00000000  RWIX
  ECANA_MOTS            00006080   00000040  00000040  00000000  RWIX
  ECANA_MOTO            000060c0   00000040  00000040  00000000  RWIX
  ECANA_MBOX            00006100   00000100  00000100  00000000  RWIX
  COMP1                 00006400   00000020  00000014  0000000c  RWIX
  COMP2                 00006420   00000020  00000014  0000000c  RWIX
  COMP3                 00006440   00000020  00000014  0000000c  RWIX
  EPWM1                 00006800   00000040  00000040  00000000  RWIX
  EPWM2                 00006840   00000040  00000040  00000000  RWIX
  EPWM3                 00006880   00000040  00000040  00000000  RWIX
  EPWM4                 000068c0   00000040  00000040  00000000  RWIX
  EPWM5                 00006900   00000040  00000040  00000000  RWIX
  EPWM6                 00006940   00000040  00000040  00000000  RWIX
  EPWM7                 00006980   00000040  00000040  00000000  RWIX
  ECAP1                 00006a00   00000020  00000020  00000000  RWIX
  HRCAP1                00006ac0   00000020  00000020  00000000  RWIX
  HRCAP2                00006ae0   00000020  00000020  00000000  RWIX
  EQEP1                 00006b00   00000040  00000040  00000000  RWIX
  LINA                  00006c00   00000080  0000004a  00000036  RWIX
  GPIOCTRL              00006f80   00000040  00000040  00000000  RWIX
  GPIODAT               00006fc0   00000020  00000020  00000000  RWIX
  GPIOINT               00006fe0   00000020  0000000c  00000014  RWIX
  SYSTEM                00007010   00000020  00000020  00000000  RWIX
  SPIA                  00007040   00000010  00000010  00000000  RWIX
  SCIA                  00007050   00000010  00000010  00000000  RWIX
  NMIINTRUPT            00007060   00000010  00000010  00000000  RWIX
  XINTRUPT              00007070   00000010  00000010  00000000  RWIX
  ADC                   00007100   00000080  00000050  00000030  RWIX
  SPIB                  00007740   00000010  00000010  00000000  RWIX
  I2CA                  00007900   00000040  00000022  0000001e  RWIX
  RAML2                 00008c00   00000400  00000120  000002e0  RWIX
  RAML3                 00009000   00001000  00000000  00001000  RWIX
  PARTID                003d7e80   00000001  00000001  00000000  RWIX
  CSM_PWL               003f7ff8   00000008  00000008  00000000  RWIX


SECTION ALLOCATION MAP

 output                                  attributes/
section   page    origin      length       input sections
--------  ----  ----------  ----------   ----------------
codestart 
*          0    00000000    00000002     
                  00000000    00000002     DSP2803x_CodeStartBranch.obj (codestart)

.pinit     0    00000050    00000000     UNINITIALIZED

ramfuncs   0    00000050    0000001f     
                  00000050    0000001b     DSP2803x_SysCtrl.obj (ramfuncs)
                  0000006b    00000004     DSP2803x_usDelay.obj (ramfuncs)

.cinit     0    0000006f    00000016     
                  0000006f    0000000a     rts2800_ml.lib : _lock.obj (.cinit)
                  00000079    0000000a                    : exit.obj (.cinit)
                  00000083    00000002     --HOLE-- [fill = 0]

.text      0    00008000    000004ca     
                  00008000    0000017c     DSP2803x_DefaultIsr.obj (.text:retain)
                  0000817c    00000137     DSP2803x_SysCtrl.obj (.text)
                  000082b3    00000076     DSP2803x_CpuTimers.obj (.text)
                  00008329    0000005a     rts2800_ml.lib : fs_mpy.obj (.text)
                  00008383    00000044                    : boot.obj (.text)
                  000083c7    00000038     Example_2803xLEDBlink.obj (.text)
                  000083ff    00000029     rts2800_ml.lib : fs_tol.obj (.text)
                  00008428    00000028     DSP2803x_PieCtrl.obj (.text)
                  00008450    00000025     DSP2803x_PieVect.obj (.text)
                  00008475    00000019     rts2800_ml.lib : args_main.obj (.text)
                  0000848e    00000019                    : exit.obj (.text)
                  000084a7    00000012     Example_2803xLEDBlink.obj (.text:retain)
                  000084b9    00000009     rts2800_ml.lib : _lock.obj (.text)
                  000084c2    00000008     DSP2803x_CodeStartBranch.obj (.text)

.reset     0    003fffc0    00000002     DSECT
                  003fffc0    00000002     rts2800_ml.lib : boot.obj (.reset)

.stack     1    00000480    00000300     UNINITIALIZED
                  00000480    00000300     --HOLE--

DevEmuRegsFile 
*          1    00000880    00000004     UNINITIALIZED
                  00000880    00000004     DSP2803x_GlobalVariableDefs.obj (DevEmuRegsFile)

SysPwrCtrlRegsFile 
*          1    00000985    00000003     UNINITIALIZED
                  00000985    00000003     DSP2803x_GlobalVariableDefs.obj (SysPwrCtrlRegsFile)

FlashRegsFile 
*          1    00000a80    00000008     UNINITIALIZED
                  00000a80    00000008     DSP2803x_GlobalVariableDefs.obj (FlashRegsFile)

CsmRegsFile 
*          1    00000ae0    00000010     UNINITIALIZED
                  00000ae0    00000010     DSP2803x_GlobalVariableDefs.obj (CsmRegsFile)

AdcResultFile 
*          1    00000b00    00000020     UNINITIALIZED
                  00000b00    00000020     DSP2803x_GlobalVariableDefs.obj (AdcResultFile)

CpuTimer0RegsFile 
*          1    00000c00    00000008     UNINITIALIZED
                  00000c00    00000008     DSP2803x_GlobalVariableDefs.obj (CpuTimer0RegsFile)

CpuTimer1RegsFile 
*          1    00000c08    00000008     UNINITIALIZED
                  00000c08    00000008     DSP2803x_GlobalVariableDefs.obj (CpuTimer1RegsFile)

CpuTimer2RegsFile 
*          1    00000c10    00000008     UNINITIALIZED
                  00000c10    00000008     DSP2803x_GlobalVariableDefs.obj (CpuTimer2RegsFile)

PieCtrlRegsFile 
*          1    00000ce0    0000001a     UNINITIALIZED
                  00000ce0    0000001a     DSP2803x_GlobalVariableDefs.obj (PieCtrlRegsFile)

PieVectTableFile 
*          1    00000d00    00000100     UNINITIALIZED
                  00000d00    00000100     DSP2803x_GlobalVariableDefs.obj (PieVectTableFile)

EmuKeyVar 
*          1    00000d00    00000001     UNINITIALIZED
                  00000d00    00000001     DSP2803x_GlobalVariableDefs.obj (EmuKeyVar)

EmuBModeVar 
*          1    00000d01    00000001     UNINITIALIZED
                  00000d01    00000001     DSP2803x_GlobalVariableDefs.obj (EmuBModeVar)

FlashCallbackVar 
*          1    00000d02    00000002     UNINITIALIZED
                  00000d02    00000002     DSP2803x_GlobalVariableDefs.obj (FlashCallbackVar)

FlashScalingVar 
*          1    00000d04    00000002     UNINITIALIZED
                  00000d04    00000002     DSP2803x_GlobalVariableDefs.obj (FlashScalingVar)

Cla1RegsFile 
*          1    00001400    00000040     UNINITIALIZED
                  00001400    00000040     DSP2803x_GlobalVariableDefs.obj (Cla1RegsFile)

ECanaRegsFile 
*          1    00006000    00000034     UNINITIALIZED
                  00006000    00000034     DSP2803x_GlobalVariableDefs.obj (ECanaRegsFile)

ECanaLAMRegsFile 
*          1    00006040    00000040     UNINITIALIZED
                  00006040    00000040     DSP2803x_GlobalVariableDefs.obj (ECanaLAMRegsFile)

ECanaMOTSRegsFile 
*          1    00006080    00000040     UNINITIALIZED
                  00006080    00000040     DSP2803x_GlobalVariableDefs.obj (ECanaMOTSRegsFile)

ECanaMOTORegsFile 
*          1    000060c0    00000040     UNINITIALIZED
                  000060c0    00000040     DSP2803x_GlobalVariableDefs.obj (ECanaMOTORegsFile)

ECanaMboxesFile 
*          1    00006100    00000100     UNINITIALIZED
                  00006100    00000100     DSP2803x_GlobalVariableDefs.obj (ECanaMboxesFile)

Comp1RegsFile 
*          1    00006400    00000014     UNINITIALIZED
                  00006400    00000014     DSP2803x_GlobalVariableDefs.obj (Comp1RegsFile)

Comp2RegsFile 
*          1    00006420    00000014     UNINITIALIZED
                  00006420    00000014     DSP2803x_GlobalVariableDefs.obj (Comp2RegsFile)

Comp3RegsFile 
*          1    00006440    00000014     UNINITIALIZED
                  00006440    00000014     DSP2803x_GlobalVariableDefs.obj (Comp3RegsFile)

EPwm1RegsFile 
*          1    00006800    00000040     UNINITIALIZED
                  00006800    00000040     DSP2803x_GlobalVariableDefs.obj (EPwm1RegsFile)

EPwm2RegsFile 
*          1    00006840    00000040     UNINITIALIZED
                  00006840    00000040     DSP2803x_GlobalVariableDefs.obj (EPwm2RegsFile)

EPwm3RegsFile 
*          1    00006880    00000040     UNINITIALIZED
                  00006880    00000040     DSP2803x_GlobalVariableDefs.obj (EPwm3RegsFile)

EPwm4RegsFile 
*          1    000068c0    00000040     UNINITIALIZED
                  000068c0    00000040     DSP2803x_GlobalVariableDefs.obj (EPwm4RegsFile)

EPwm5RegsFile 
*          1    00006900    00000040     UNINITIALIZED
                  00006900    00000040     DSP2803x_GlobalVariableDefs.obj (EPwm5RegsFile)

EPwm6RegsFile 
*          1    00006940    00000040     UNINITIALIZED
                  00006940    00000040     DSP2803x_GlobalVariableDefs.obj (EPwm6RegsFile)

EPwm7RegsFile 
*          1    00006980    00000040     UNINITIALIZED
                  00006980    00000040     DSP2803x_GlobalVariableDefs.obj (EPwm7RegsFile)

ECap1RegsFile 
*          1    00006a00    00000020     UNINITIALIZED
                  00006a00    00000020     DSP2803x_GlobalVariableDefs.obj (ECap1RegsFile)

HRCap1RegsFile 
*          1    00006ac0    00000020     UNINITIALIZED
                  00006ac0    00000020     DSP2803x_GlobalVariableDefs.obj (HRCap1RegsFile)

HRCap2RegsFile 
*          1    00006ae0    00000020     UNINITIALIZED
                  00006ae0    00000020     DSP2803x_GlobalVariableDefs.obj (HRCap2RegsFile)

EQep1RegsFile 
*          1    00006b00    00000040     UNINITIALIZED
                  00006b00    00000040     DSP2803x_GlobalVariableDefs.obj (EQep1RegsFile)

LinaRegsFile 
*          1    00006c00    0000004a     UNINITIALIZED
                  00006c00    0000004a     DSP2803x_GlobalVariableDefs.obj (LinaRegsFile)

GpioCtrlRegsFile 
*          1    00006f80    00000040     UNINITIALIZED
                  00006f80    00000040     DSP2803x_GlobalVariableDefs.obj (GpioCtrlRegsFile)

GpioDataRegsFile 
*          1    00006fc0    00000020     UNINITIALIZED
                  00006fc0    00000020     DSP2803x_GlobalVariableDefs.obj (GpioDataRegsFile)

GpioIntRegsFile 
*          1    00006fe0    0000000c     UNINITIALIZED
                  00006fe0    0000000c     DSP2803x_GlobalVariableDefs.obj (GpioIntRegsFile)

SysCtrlRegsFile 
*          1    00007010    00000020     UNINITIALIZED
                  00007010    00000020     DSP2803x_GlobalVariableDefs.obj (SysCtrlRegsFile)

SpiaRegsFile 
*          1    00007040    00000010     UNINITIALIZED
                  00007040    00000010     DSP2803x_GlobalVariableDefs.obj (SpiaRegsFile)

SciaRegsFile 
*          1    00007050    00000010     UNINITIALIZED
                  00007050    00000010     DSP2803x_GlobalVariableDefs.obj (SciaRegsFile)

NmiIntruptRegsFile 
*          1    00007060    00000010     UNINITIALIZED
                  00007060    00000010     DSP2803x_GlobalVariableDefs.obj (NmiIntruptRegsFile)

XIntruptRegsFile 
*          1    00007070    00000010     UNINITIALIZED
                  00007070    00000010     DSP2803x_GlobalVariableDefs.obj (XIntruptRegsFile)

AdcRegsFile 
*          1    00007100    00000050     UNINITIALIZED
                  00007100    00000050     DSP2803x_GlobalVariableDefs.obj (AdcRegsFile)

SpibRegsFile 
*          1    00007740    00000010     UNINITIALIZED
                  00007740    00000010     DSP2803x_GlobalVariableDefs.obj (SpibRegsFile)

I2caRegsFile 
*          1    00007900    00000022     UNINITIALIZED
                  00007900    00000022     DSP2803x_GlobalVariableDefs.obj (I2caRegsFile)

.econst    1    00008c00    00000100     
                  00008c00    00000100     DSP2803x_PieVect.obj (.econst)

.ebss      1    00008d00    00000020     UNINITIALIZED
                  00008d00    00000018     DSP2803x_CpuTimers.obj (.ebss)
                  00008d18    00000004     rts2800_ml.lib : _lock.obj (.ebss)
                  00008d1c    00000004                    : exit.obj (.ebss)

PartIdRegsFile 
*          1    003d7e80    00000001     UNINITIALIZED
                  003d7e80    00000001     DSP2803x_GlobalVariableDefs.obj (PartIdRegsFile)

CsmPwlFile 
*          1    003f7ff8    00000008     UNINITIALIZED
                  003f7ff8    00000008     DSP2803x_GlobalVariableDefs.obj (CsmPwlFile)


GLOBAL DATA SYMBOLS: SORTED BY DATA PAGE

address     data page           name
--------    ----------------    ----
00000480      12 (00000480)     __stack

00000880      22 (00000880)     _DevEmuRegs

00000985      26 (00000980)     _SysPwrCtrlRegs

00000a80      2a (00000a80)     _FlashRegs

00000ae0      2b (00000ac0)     _CsmRegs

00000b00      2c (00000b00)     _AdcResult

00000c00      30 (00000c00)     _CpuTimer0Regs
00000c08      30 (00000c00)     _CpuTimer1Regs
00000c10      30 (00000c00)     _CpuTimer2Regs

00000ce0      33 (00000cc0)     _PieCtrlRegs

00000d00      34 (00000d00)     _EmuKey
00000d00      34 (00000d00)     _PieVectTable
00000d01      34 (00000d00)     _EmuBMode
00000d02      34 (00000d00)     _Flash_CallbackPtr
00000d04      34 (00000d00)     _Flash_CPUScaleFactor

00001400      50 (00001400)     _Cla1Regs

00006000     180 (00006000)     _ECanaRegs

00006040     181 (00006040)     _ECanaLAMRegs

00006080     182 (00006080)     _ECanaMOTSRegs

000060c0     183 (000060c0)     _ECanaMOTORegs

00006100     184 (00006100)     _ECanaMboxes

00006400     190 (00006400)     _Comp1Regs
00006420     190 (00006400)     _Comp2Regs

00006440     191 (00006440)     _Comp3Regs

00006800     1a0 (00006800)     _EPwm1Regs

00006840     1a1 (00006840)     _EPwm2Regs

00006880     1a2 (00006880)     _EPwm3Regs

000068c0     1a3 (000068c0)     _EPwm4Regs

00006900     1a4 (00006900)     _EPwm5Regs

00006940     1a5 (00006940)     _EPwm6Regs

00006980     1a6 (00006980)     _EPwm7Regs

00006a00     1a8 (00006a00)     _ECap1Regs

00006ac0     1ab (00006ac0)     _HRCap1Regs
00006ae0     1ab (00006ac0)     _HRCap2Regs

00006b00     1ac (00006b00)     _EQep1Regs

00006c00     1b0 (00006c00)     _LinaRegs

00006f80     1be (00006f80)     _GpioCtrlRegs

00006fc0     1bf (00006fc0)     _GpioDataRegs
00006fe0     1bf (00006fc0)     _GpioIntRegs

00007010     1c0 (00007000)     _SysCtrlRegs

00007040     1c1 (00007040)     _SpiaRegs
00007050     1c1 (00007040)     _SciaRegs
00007060     1c1 (00007040)     _NmiIntruptRegs
00007070     1c1 (00007040)     _XIntruptRegs

00007100     1c4 (00007100)     _AdcRegs

00007740     1dd (00007740)     _SpibRegs

00007900     1e4 (00007900)     _I2caRegs

00008c00     230 (00008c00)     _PieVectTableInit

00008d00     234 (00008d00)     _CpuTimer1
00008d08     234 (00008d00)     _CpuTimer2
00008d10     234 (00008d00)     _CpuTimer0
00008d18     234 (00008d00)     __unlock
00008d1a     234 (00008d00)     __lock
00008d1c     234 (00008d00)     ___TI_cleanup_ptr
00008d1e     234 (00008d00)     ___TI_dtors_ptr

003d7e80    f5fa (003d7e80)     _PartIdRegs

003f7ff8    fdff (003f7fc0)     _CsmPwl


GLOBAL SYMBOLS: SORTED ALPHABETICALLY BY Name 

address    name
--------   ----
00008000   .text
0000848e   C$$EXIT
00008329   FS$$MPY
000083ff   FS$$TOL
0000805f   _ADCINT1_ISR
00008064   _ADCINT2_ISR
00008118   _ADCINT3_ISR
0000811d   _ADCINT4_ISR
00008122   _ADCINT5_ISR
00008127   _ADCINT6_ISR
0000812c   _ADCINT7_ISR
00008131   _ADCINT8_ISR
00008073   _ADCINT9_ISR
00007100   _AdcRegs
00000b00   _AdcResult
00008136   _CLA1_INT1_ISR
0000813b   _CLA1_INT2_ISR
00008140   _CLA1_INT3_ISR
00008145   _CLA1_INT4_ISR
0000814a   _CLA1_INT5_ISR
0000814f   _CLA1_INT6_ISR
00008154   _CLA1_INT7_ISR
00008159   _CLA1_INT8_ISR
00001400   _Cla1Regs
00006400   _Comp1Regs
00006420   _Comp2Regs
00006440   _Comp3Regs
000082f4   _ConfigCpuTimer
00008d10   _CpuTimer0
00000c00   _CpuTimer0Regs
00008d00   _CpuTimer1
00000c08   _CpuTimer1Regs
00008d08   _CpuTimer2
00000c10   _CpuTimer2Regs
003f7ff8   _CsmPwl
00000ae0   _CsmRegs
00008234   _CsmUnlock
0000800a   _DATALOG_ISR
0000006b   _DSP28x_usDelay
00000880   _DevEmuRegs
000081a0   _DisableDog
0000810e   _ECAN0INTA_ISR
00008113   _ECAN1INTA_ISR
000080c8   _ECAP1_INT_ISR
00006040   _ECanaLAMRegs
000060c0   _ECanaMOTORegs
00006080   _ECanaMOTSRegs
00006100   _ECanaMboxes
00006000   _ECanaRegs
00006a00   _ECap1Regs
0000816d   _EMPTY_ISR
00008014   _EMUINT_ISR
000080a5   _EPWM1_INT_ISR
00008082   _EPWM1_TZINT_ISR
000080aa   _EPWM2_INT_ISR
00008087   _EPWM2_TZINT_ISR
000080af   _EPWM3_INT_ISR
0000808c   _EPWM3_TZINT_ISR
000080b4   _EPWM4_INT_ISR
00008091   _EPWM4_TZINT_ISR
000080b9   _EPWM5_INT_ISR
00008096   _EPWM5_TZINT_ISR
000080be   _EPWM6_INT_ISR
0000809b   _EPWM6_TZINT_ISR
000080c3   _EPWM7_INT_ISR
000080a0   _EPWM7_TZINT_ISR
00006800   _EPwm1Regs
00006840   _EPwm2Regs
00006880   _EPwm3Regs
000068c0   _EPwm4Regs
00006900   _EPwm5Regs
00006940   _EPwm6Regs
00006980   _EPwm7Regs
000080d7   _EQEP1_INT_ISR
00006b00   _EQep1Regs
00000d01   _EmuBMode
00000d00   _EmuKey
00008447   _EnableInterrupts
0000829d   _ExtOscSel
00000a80   _FlashRegs
00000d04   _Flash_CPUScaleFactor
00000d02   _Flash_CallbackPtr
00006f80   _GpioCtrlRegs
00006fc0   _GpioDataRegs
00006fe0   _GpioIntRegs
000080cd   _HRCAP1_INT_ISR
000080d2   _HRCAP2_INT_ISR
00006ac0   _HRCap1Regs
00006ae0   _HRCap2Regs
000080f0   _I2CINT1A_ISR
000080f5   _I2CINT2A_ISR
00007900   _I2caRegs
0000801e   _ILLEGAL_ISR
00008000   _INT13_ISR
00008005   _INT14_ISR
000082b3   _InitCpuTimers
00000050   _InitFlash
000081f8   _InitPeripheralClocks
00008428   _InitPieCtrl
00008450   _InitPieVectTable
000081a8   _InitPll
0000817c   _InitSysCtrl
00008265   _IntOsc1Sel
00008275   _IntOsc2Sel
00008104   _LIN0INTA_ISR
00008109   _LIN1INTA_ISR
00008168   _LUF_ISR
00008163   _LVF_ISR
00006c00   _LinaRegs
00008019   _NMI_ISR
00007060   _NmiIntruptRegs
00008172   _PIE_RESERVED
003d7e80   _PartIdRegs
00000ce0   _PieCtrlRegs
00000d00   _PieVectTable
00008c00   _PieVectTableInit
0000800f   _RTOSINT_ISR
000080fa   _SCIRXINTA_ISR
000080ff   _SCITXINTA_ISR
000080dc   _SPIRXINTA_ISR
000080e6   _SPIRXINTB_ISR
000080e1   _SPITXINTA_ISR
000080eb   _SPITXINTB_ISR
00007050   _SciaRegs
00008196   _ServiceDog
00007040   _SpiaRegs
00007740   _SpibRegs
00007010   _SysCtrlRegs
00000985   _SysPwrCtrlRegs
00008078   _TINT0_ISR
00008050   _USER10_ISR
00008055   _USER11_ISR
0000805a   _USER12_ISR
00008023   _USER1_ISR
00008028   _USER2_ISR
0000802d   _USER3_ISR
00008032   _USER4_ISR
00008037   _USER5_ISR
0000803c   _USER6_ISR
00008041   _USER7_ISR
00008046   _USER8_ISR
0000804b   _USER9_ISR
0000807d   _WAKEINT_ISR
00008069   _XINT1_ISR
0000806e   _XINT2_ISR
0000815e   _XINT3_ISR
00007070   _XIntruptRegs
00008289   _XtalOscSel
00000780   __STACK_END
00000300   __STACK_SIZE
00000001   __TI_args_main
00008d1c   ___TI_cleanup_ptr
00008d1e   ___TI_dtors_ptr
ffffffff   ___binit__
ffffffff   ___c_args__
0000006f   ___cinit__
000084ca   ___etext__
ffffffff   ___pinit__
00008000   ___text__
00008475   __args_main
00008d1a   __lock
000084c1   __nop
000084bd   __register_lock
000084b9   __register_unlock
00000480   __stack
00008d18   __unlock
0000848e   _abort
00008383   _c_int00
000084a7   _cpu_timer0_isr
00008490   _exit
000083c7   _main
00008177   _rsvd_ISR
ffffffff   binit
0000006f   cinit
00000000   code_start
000084ca   etext
ffffffff   pinit


GLOBAL SYMBOLS: SORTED BY Symbol Address 

address    name
--------   ----
00000000   code_start
00000001   __TI_args_main
00000050   _InitFlash
0000006b   _DSP28x_usDelay
0000006f   ___cinit__
0000006f   cinit
00000300   __STACK_SIZE
00000480   __stack
00000780   __STACK_END
00000880   _DevEmuRegs
00000985   _SysPwrCtrlRegs
00000a80   _FlashRegs
00000ae0   _CsmRegs
00000b00   _AdcResult
00000c00   _CpuTimer0Regs
00000c08   _CpuTimer1Regs
00000c10   _CpuTimer2Regs
00000ce0   _PieCtrlRegs
00000d00   _EmuKey
00000d00   _PieVectTable
00000d01   _EmuBMode
00000d02   _Flash_CallbackPtr
00000d04   _Flash_CPUScaleFactor
00001400   _Cla1Regs
00006000   _ECanaRegs
00006040   _ECanaLAMRegs
00006080   _ECanaMOTSRegs
000060c0   _ECanaMOTORegs
00006100   _ECanaMboxes
00006400   _Comp1Regs
00006420   _Comp2Regs
00006440   _Comp3Regs
00006800   _EPwm1Regs
00006840   _EPwm2Regs
00006880   _EPwm3Regs
000068c0   _EPwm4Regs
00006900   _EPwm5Regs
00006940   _EPwm6Regs
00006980   _EPwm7Regs
00006a00   _ECap1Regs
00006ac0   _HRCap1Regs
00006ae0   _HRCap2Regs
00006b00   _EQep1Regs
00006c00   _LinaRegs
00006f80   _GpioCtrlRegs
00006fc0   _GpioDataRegs
00006fe0   _GpioIntRegs
00007010   _SysCtrlRegs
00007040   _SpiaRegs
00007050   _SciaRegs
00007060   _NmiIntruptRegs
00007070   _XIntruptRegs
00007100   _AdcRegs
00007740   _SpibRegs
00007900   _I2caRegs
00008000   .text
00008000   _INT13_ISR
00008000   ___text__
00008005   _INT14_ISR
0000800a   _DATALOG_ISR
0000800f   _RTOSINT_ISR
00008014   _EMUINT_ISR
00008019   _NMI_ISR
0000801e   _ILLEGAL_ISR
00008023   _USER1_ISR
00008028   _USER2_ISR
0000802d   _USER3_ISR
00008032   _USER4_ISR
00008037   _USER5_ISR
0000803c   _USER6_ISR
00008041   _USER7_ISR
00008046   _USER8_ISR
0000804b   _USER9_ISR
00008050   _USER10_ISR
00008055   _USER11_ISR
0000805a   _USER12_ISR
0000805f   _ADCINT1_ISR
00008064   _ADCINT2_ISR
00008069   _XINT1_ISR
0000806e   _XINT2_ISR
00008073   _ADCINT9_ISR
00008078   _TINT0_ISR
0000807d   _WAKEINT_ISR
00008082   _EPWM1_TZINT_ISR
00008087   _EPWM2_TZINT_ISR
0000808c   _EPWM3_TZINT_ISR
00008091   _EPWM4_TZINT_ISR
00008096   _EPWM5_TZINT_ISR
0000809b   _EPWM6_TZINT_ISR
000080a0   _EPWM7_TZINT_ISR
000080a5   _EPWM1_INT_ISR
000080aa   _EPWM2_INT_ISR
000080af   _EPWM3_INT_ISR
000080b4   _EPWM4_INT_ISR
000080b9   _EPWM5_INT_ISR
000080be   _EPWM6_INT_ISR
000080c3   _EPWM7_INT_ISR
000080c8   _ECAP1_INT_ISR
000080cd   _HRCAP1_INT_ISR
000080d2   _HRCAP2_INT_ISR
000080d7   _EQEP1_INT_ISR
000080dc   _SPIRXINTA_ISR
000080e1   _SPITXINTA_ISR
000080e6   _SPIRXINTB_ISR
000080eb   _SPITXINTB_ISR
000080f0   _I2CINT1A_ISR
000080f5   _I2CINT2A_ISR
000080fa   _SCIRXINTA_ISR
000080ff   _SCITXINTA_ISR
00008104   _LIN0INTA_ISR
00008109   _LIN1INTA_ISR
0000810e   _ECAN0INTA_ISR
00008113   _ECAN1INTA_ISR
00008118   _ADCINT3_ISR
0000811d   _ADCINT4_ISR
00008122   _ADCINT5_ISR
00008127   _ADCINT6_ISR
0000812c   _ADCINT7_ISR
00008131   _ADCINT8_ISR
00008136   _CLA1_INT1_ISR
0000813b   _CLA1_INT2_ISR
00008140   _CLA1_INT3_ISR
00008145   _CLA1_INT4_ISR
0000814a   _CLA1_INT5_ISR
0000814f   _CLA1_INT6_ISR
00008154   _CLA1_INT7_ISR
00008159   _CLA1_INT8_ISR
0000815e   _XINT3_ISR
00008163   _LVF_ISR
00008168   _LUF_ISR
0000816d   _EMPTY_ISR
00008172   _PIE_RESERVED
00008177   _rsvd_ISR
0000817c   _InitSysCtrl
00008196   _ServiceDog
000081a0   _DisableDog
000081a8   _InitPll
000081f8   _InitPeripheralClocks
00008234   _CsmUnlock
00008265   _IntOsc1Sel
00008275   _IntOsc2Sel
00008289   _XtalOscSel
0000829d   _ExtOscSel
000082b3   _InitCpuTimers
000082f4   _ConfigCpuTimer
00008329   FS$$MPY
00008383   _c_int00
000083c7   _main
000083ff   FS$$TOL
00008428   _InitPieCtrl
00008447   _EnableInterrupts
00008450   _InitPieVectTable
00008475   __args_main
0000848e   C$$EXIT
0000848e   _abort
00008490   _exit
000084a7   _cpu_timer0_isr
000084b9   __register_unlock
000084bd   __register_lock
000084c1   __nop
000084ca   ___etext__
000084ca   etext
00008c00   _PieVectTableInit
00008d00   _CpuTimer1
00008d08   _CpuTimer2
00008d10   _CpuTimer0
00008d18   __unlock
00008d1a   __lock
00008d1c   ___TI_cleanup_ptr
00008d1e   ___TI_dtors_ptr
003d7e80   _PartIdRegs
003f7ff8   _CsmPwl
ffffffff   ___binit__
ffffffff   ___c_args__
ffffffff   ___pinit__
ffffffff   binit
ffffffff   pinit

[177 symbols]
